Archive member included to satisfy reference by file (symbol)

c:/ac6/systemworkbench/plugins/fr.ac6.mcu.externaltools.arm-none.win32_1.17.0.201812190825/tools/compiler/bin/../lib/gcc/arm-none-eabi/7.3.1/../../../../arm-none-eabi/lib/thumb/v7e-m/fpv4-sp/hard\libc.a(lib_a-errno.o)
                              src/syscalls.o (__errno)
c:/ac6/systemworkbench/plugins/fr.ac6.mcu.externaltools.arm-none.win32_1.17.0.201812190825/tools/compiler/bin/../lib/gcc/arm-none-eabi/7.3.1/../../../../arm-none-eabi/lib/thumb/v7e-m/fpv4-sp/hard\libc.a(lib_a-exit.o)
                              c:/ac6/systemworkbench/plugins/fr.ac6.mcu.externaltools.arm-none.win32_1.17.0.201812190825/tools/compiler/bin/../lib/gcc/arm-none-eabi/7.3.1/../../../../arm-none-eabi/lib/thumb/v7e-m/fpv4-sp/hard/crt0.o (exit)
c:/ac6/systemworkbench/plugins/fr.ac6.mcu.externaltools.arm-none.win32_1.17.0.201812190825/tools/compiler/bin/../lib/gcc/arm-none-eabi/7.3.1/../../../../arm-none-eabi/lib/thumb/v7e-m/fpv4-sp/hard\libc.a(lib_a-impure.o)
                              c:/ac6/systemworkbench/plugins/fr.ac6.mcu.externaltools.arm-none.win32_1.17.0.201812190825/tools/compiler/bin/../lib/gcc/arm-none-eabi/7.3.1/../../../../arm-none-eabi/lib/thumb/v7e-m/fpv4-sp/hard\libc.a(lib_a-exit.o) (_global_impure_ptr)
c:/ac6/systemworkbench/plugins/fr.ac6.mcu.externaltools.arm-none.win32_1.17.0.201812190825/tools/compiler/bin/../lib/gcc/arm-none-eabi/7.3.1/../../../../arm-none-eabi/lib/thumb/v7e-m/fpv4-sp/hard\libc.a(lib_a-init.o)
                              c:/ac6/systemworkbench/plugins/fr.ac6.mcu.externaltools.arm-none.win32_1.17.0.201812190825/tools/compiler/bin/../lib/gcc/arm-none-eabi/7.3.1/../../../../arm-none-eabi/lib/thumb/v7e-m/fpv4-sp/hard/crt0.o (__libc_init_array)
c:/ac6/systemworkbench/plugins/fr.ac6.mcu.externaltools.arm-none.win32_1.17.0.201812190825/tools/compiler/bin/../lib/gcc/arm-none-eabi/7.3.1/../../../../arm-none-eabi/lib/thumb/v7e-m/fpv4-sp/hard\libc.a(lib_a-memcmp.o)
                              Third-Party/SEGGER/OS/SEGGER_SYSVIEW_FreeRTOS.o (memcmp)
c:/ac6/systemworkbench/plugins/fr.ac6.mcu.externaltools.arm-none.win32_1.17.0.201812190825/tools/compiler/bin/../lib/gcc/arm-none-eabi/7.3.1/../../../../arm-none-eabi/lib/thumb/v7e-m/fpv4-sp/hard\libc.a(lib_a-memcpy.o)
                              Third-Party/FreeRTOS/org/Source/queue.o (memcpy)
c:/ac6/systemworkbench/plugins/fr.ac6.mcu.externaltools.arm-none.win32_1.17.0.201812190825/tools/compiler/bin/../lib/gcc/arm-none-eabi/7.3.1/../../../../arm-none-eabi/lib/thumb/v7e-m/fpv4-sp/hard\libc.a(lib_a-memset.o)
                              c:/ac6/systemworkbench/plugins/fr.ac6.mcu.externaltools.arm-none.win32_1.17.0.201812190825/tools/compiler/bin/../lib/gcc/arm-none-eabi/7.3.1/../../../../arm-none-eabi/lib/thumb/v7e-m/fpv4-sp/hard/crt0.o (memset)
c:/ac6/systemworkbench/plugins/fr.ac6.mcu.externaltools.arm-none.win32_1.17.0.201812190825/tools/compiler/bin/../lib/gcc/arm-none-eabi/7.3.1/../../../../arm-none-eabi/lib/thumb/v7e-m/fpv4-sp/hard\libc.a(lib_a-strlen.o)
                              Third-Party/SEGGER/SEGGER/SEGGER_RTT.o (strlen)
c:/ac6/systemworkbench/plugins/fr.ac6.mcu.externaltools.arm-none.win32_1.17.0.201812190825/tools/compiler/bin/../lib/gcc/arm-none-eabi/7.3.1/../../../../arm-none-eabi/lib/thumb/v7e-m/fpv4-sp/hard\libc.a(lib_a-__call_atexit.o)
                              c:/ac6/systemworkbench/plugins/fr.ac6.mcu.externaltools.arm-none.win32_1.17.0.201812190825/tools/compiler/bin/../lib/gcc/arm-none-eabi/7.3.1/../../../../arm-none-eabi/lib/thumb/v7e-m/fpv4-sp/hard\libc.a(lib_a-exit.o) (__call_exitprocs)
c:/ac6/systemworkbench/plugins/fr.ac6.mcu.externaltools.arm-none.win32_1.17.0.201812190825/tools/compiler/bin/../lib/gcc/arm-none-eabi/7.3.1/../../../../arm-none-eabi/lib/thumb/v7e-m/fpv4-sp/hard\libc.a(lib_a-atexit.o)
                              c:/ac6/systemworkbench/plugins/fr.ac6.mcu.externaltools.arm-none.win32_1.17.0.201812190825/tools/compiler/bin/../lib/gcc/arm-none-eabi/7.3.1/../../../../arm-none-eabi/lib/thumb/v7e-m/fpv4-sp/hard\libc.a(lib_a-__call_atexit.o) (atexit)
c:/ac6/systemworkbench/plugins/fr.ac6.mcu.externaltools.arm-none.win32_1.17.0.201812190825/tools/compiler/bin/../lib/gcc/arm-none-eabi/7.3.1/../../../../arm-none-eabi/lib/thumb/v7e-m/fpv4-sp/hard\libc.a(lib_a-fini.o)
                              c:/ac6/systemworkbench/plugins/fr.ac6.mcu.externaltools.arm-none.win32_1.17.0.201812190825/tools/compiler/bin/../lib/gcc/arm-none-eabi/7.3.1/../../../../arm-none-eabi/lib/thumb/v7e-m/fpv4-sp/hard\libc.a(lib_a-__call_atexit.o) (__libc_fini_array)
c:/ac6/systemworkbench/plugins/fr.ac6.mcu.externaltools.arm-none.win32_1.17.0.201812190825/tools/compiler/bin/../lib/gcc/arm-none-eabi/7.3.1/../../../../arm-none-eabi/lib/thumb/v7e-m/fpv4-sp/hard\libc.a(lib_a-lock.o)
[...]
Memory Configuration

Name             Origin             Length             Attributes
RAM              0x20000000         0x00018000         xrw
ROM              0x08000000         0x00080000         xr
*default*        0x00000000         0xffffffff

Linker script and memory map

LOAD c:/ac6/systemworkbench/plugins/fr.ac6.mcu.externaltools.arm-none.win32_1.17.0.201812190825/tools/compiler/bin/../lib/gcc/arm-none-eabi/7.3.1/thumb/v7e-m/fpv4-sp/hard/crti.o
LOAD c:/ac6/systemworkbench/plugins/fr.ac6.mcu.externaltools.arm-none.win32_1.17.0.201812190825/tools/compiler/bin/../lib/gcc/arm-none-eabi/7.3.1/thumb/v7e-m/fpv4-sp/hard/crtbegin.o
LOAD c:/ac6/systemworkbench/plugins/fr.ac6.mcu.externaltools.arm-none.win32_1.17.0.201812190825/tools/compiler/bin/../lib/gcc/arm-none-eabi/7.3.1/../../../../arm-none-eabi/lib/thumb/v7e-m/fpv4-sp/hard/crt0.o
LOAD StdPeriph_Driver/src/misc.o
LOAD StdPeriph_Driver/src/stm32f4xx_adc.o
LOAD StdPeriph_Driver/src/stm32f4xx_can.o
LOAD StdPeriph_Driver/src/stm32f4xx_cec.o
LOAD StdPeriph_Driver/src/stm32f4xx_crc.o
LOAD StdPeriph_Driver/src/stm32f4xx_cryp.o
LOAD StdPeriph_Driver/src/stm32f4xx_cryp_aes.o
LOAD StdPeriph_Driver/src/stm32f4xx_cryp_des.o
LOAD StdPeriph_Driver/src/stm32f4xx_cryp_tdes.o
LOAD StdPeriph_Driver/src/stm32f4xx_dac.o
LOAD StdPeriph_Driver/src/stm32f4xx_dbgmcu.o
LOAD StdPeriph_Driver/src/stm32f4xx_dcmi.o
LOAD StdPeriph_Driver/src/stm32f4xx_dfsdm.o
LOAD StdPeriph_Driver/src/stm32f4xx_dma.o
LOAD StdPeriph_Driver/src/stm32f4xx_dma2d.o
LOAD StdPeriph_Driver/src/stm32f4xx_dsi.o
LOAD StdPeriph_Driver/src/stm32f4xx_exti.o
LOAD StdPeriph_Driver/src/stm32f4xx_flash.o
LOAD StdPeriph_Driver/src/stm32f4xx_flash_ramfunc.o
LOAD StdPeriph_Driver/src/stm32f4xx_fmc.o
LOAD StdPeriph_Driver/src/stm32f4xx_fmip2c.o
LOAD StdPeriph_Driver/src/stm32f4xx_fsmc.o
LOAD StdPeriph_Driver/src/stm32f4xx_gpio.o
LOAD StdPeriph_Driver/src/stm32f4xx_hash.o
LOAD StdPeriph_Driver/src/stm32f4xx_hash_md5.o
LOAD StdPeriph_Driver/src/stm32f4xx_hash_sha1.o
LOAD StdPeriph_Driver/src/stm32f4xx_i2c.o
LOAD StdPeriph_Driver/src/stm32f4xx_iwdg.o
LOAD StdPeriph_Driver/src/stm32f4xx_lptim.o
LOAD StdPeriph_Driver/src/stm32f4xx_ltdc.o
LOAD StdPeriph_Driver/src/stm32f4xx_pwr.o
LOAD StdPeriph_Driver/src/stm32f4xx_qspi.o
LOAD StdPeriph_Driver/src/stm32f4xx_rcc.o
LOAD StdPeriph_Driver/src/stm32f4xx_rng.o
LOAD StdPeriph_Driver/src/stm32f4xx_rtc.o
LOAD StdPeriph_Driver/src/stm32f4xx_sai.o
LOAD StdPeriph_Driver/src/stm32f4xx_sdio.o
LOAD StdPeriph_Driver/src/stm32f4xx_spdifrx.o
LOAD StdPeriph_Driver/src/stm32f4xx_spi.o
LOAD StdPeriph_Driver/src/stm32f4xx_syscfg.o
LOAD StdPeriph_Driver/src/stm32f4xx_tim.o
LOAD StdPeriph_Driver/src/stm32f4xx_usart.o
LOAD StdPeriph_Driver/src/stm32f4xx_wwdg.o
LOAD Third-Party/FreeRTOS/org/Source/croutine.o
LOAD Third-Party/FreeRTOS/org/Source/event_groups.o
LOAD Third-Party/FreeRTOS/org/Source/list.o
LOAD Third-Party/FreeRTOS/org/Source/queue.o
LOAD Third-Party/FreeRTOS/org/Source/stream_buffer.o
LOAD Third-Party/FreeRTOS/org/Source/tasks.o
LOAD Third-Party/FreeRTOS/org/Source/timers.o
LOAD Third-Party/FreeRTOS/org/Source/portable/GCC/ARM_CM4F/port.o
LOAD Third-Party/FreeRTOS/org/Source/portable/MemMang/heap_4.o
LOAD Third-Party/SEGGER/Config/SEGGER_SYSVIEW_Config_FreeRTOS.o
LOAD Third-Party/SEGGER/OS/SEGGER_SYSVIEW_FreeRTOS.o
LOAD Third-Party/SEGGER/SEGGER/SEGGER_RTT.o
LOAD Third-Party/SEGGER/SEGGER/SEGGER_SYSVIEW.o
LOAD src/main.o
LOAD src/syscalls.o
LOAD src/system_stm32f4xx.o
LOAD startup/startup_stm32.o
LOAD c:/ac6/systemworkbench/plugins/fr.ac6.mcu.externaltools.arm-none.win32_1.17.0.201812190825/tools/compiler/bin/../lib/gcc/arm-none-eabi/7.3.1/../../../../arm-none-eabi/lib/thumb/v7e-m/fpv4-sp/hard\libm.a
START GROUP
LOAD c:/ac6/systemworkbench/plugins/fr.ac6.mcu.externaltools.arm-none.win32_1.17.0.201812190825/tools/compiler/bin/../lib/gcc/arm-none-eabi/7.3.1/thumb/v7e-m/fpv4-sp/hard\libgcc.a
LOAD c:/ac6/systemworkbench/plugins/fr.ac6.mcu.externaltools.arm-none.win32_1.17.0.201812190825/tools/compiler/bin/../lib/gcc/arm-none-eabi/7.3.1/../../../../arm-none-eabi/lib/thumb/v7e-m/fpv4-sp/hard\libc.a
END GROUP
LOAD c:/ac6/systemworkbench/plugins/fr.ac6.mcu.externaltools.arm-none.win32_1.17.0.201812190825/tools/compiler/bin/../lib/gcc/arm-none-eabi/7.3.1/thumb/v7e-m/fpv4-sp/hard/crtend.o
LOAD c:/ac6/systemworkbench/plugins/fr.ac6.mcu.externaltools.arm-none.win32_1.17.0.201812190825/tools/compiler/bin/../lib/gcc/arm-none-eabi/7.3.1/thumb/v7e-m/fpv4-sp/hard/crtn.o
                0x20018000                _estack = 0x20018000
                0x00000000                _Min_Heap_Size = 0x0
                0x00000400                _Min_Stack_Size = 0x400

.isr_vector     0x08000000      0x1c4
                0x08000000                . = ALIGN (0x4)
 *(.isr_vector)
 .isr_vector    0x08000000      0x1c4 startup/startup_stm32.o
                0x08000000                g_pfnVectors
                0x080001c4                . = ALIGN (0x4)

.text           0x080001d0     0x37d8
                0x080001d0                . = ALIGN (0x4)
 *(.text)
 .text          0x080001d0       0x40 c:/ac6/systemworkbench/plugins/fr.ac6.mcu.externaltools.arm-none.win32_1.17.0.201812190825/tools/compiler/bin/../lib/gcc/arm-none-eabi/7.3.1/thumb/v7e-m/fpv4-sp/hard/crtbegin.o
 .text          0x08000210      0x134 c:/ac6/systemworkbench/plugins/fr.ac6.mcu.externaltools.arm-none.win32_1.17.0.201812190825/tools/compiler/bin/../lib/gcc/arm-none-eabi/7.3.1/../../../../arm-none-eabi/lib/thumb/v7e-m/fpv4-sp/hard\libc.a(lib_a-memcpy.o)
                0x08000210                memcpy
 *(.text*)
 .text.GPIO_Init
                0x08000344      0x11c StdPeriph_Driver/src/stm32f4xx_gpio.o
                0x08000344                GPIO_Init
 .text.GPIO_ReadInputDataBit
                0x08000460       0x34 StdPeriph_Driver/src/stm32f4xx_gpio.o
                0x08000460                GPIO_ReadInputDataBit
 .text.GPIO_WriteBit
                0x08000494       0x30 StdPeriph_Driver/src/stm32f4xx_gpio.o
                0x08000494                GPIO_WriteBit
 .text.GPIO_PinAFConfig
                0x080004c4       0x92 StdPeriph_Driver/src/stm32f4xx_gpio.o
                0x080004c4                GPIO_PinAFConfig
 *fill*         0x08000556        0x2 
 .text.RCC_DeInit
                0x08000558       0x64 StdPeriph_Driver/src/stm32f4xx_rcc.o
                0x08000558                RCC_DeInit
 .text.RCC_GetClocksFreq
                0x080005bc      0x150 StdPeriph_Driver/src/stm32f4xx_rcc.o
                0x080005bc                RCC_GetClocksFreq
 .text.RCC_AHB1PeriphClockCmd
                0x0800070c       0x40 StdPeriph_Driver/src/stm32f4xx_rcc.o
                0x0800070c                RCC_AHB1PeriphClockCmd
 .text.RCC_APB1PeriphClockCmd
                0x0800074c       0x40 StdPeriph_Driver/src/stm32f4xx_rcc.o
                0x0800074c                RCC_APB1PeriphClockCmd
 .text.USART_Init
                0x0800078c      0x174 StdPeriph_Driver/src/stm32f4xx_usart.o
                0x0800078c                USART_Init
 .text.USART_Cmd
                0x08000900       0x40 StdPeriph_Driver/src/stm32f4xx_usart.o
                0x08000900                USART_Cmd
 .text.vListInitialise
                0x08000940       0x40 Third-Party/FreeRTOS/org/Source/list.o
                0x08000940                vListInitialise
 .text.vListInitialiseItem
                0x08000980       0x1a Third-Party/FreeRTOS/org/Source/list.o
                0x08000980                vListInitialiseItem
 .text.vListInsertEnd
                0x0800099a       0x48 Third-Party/FreeRTOS/org/Source/list.o
                0x0800099a                vListInsertEnd
 .text.uxListRemove
                0x080009e2       0x54 Third-Party/FreeRTOS/org/Source/list.o
                0x080009e2                uxListRemove
 .text.xTaskCreate
                0x08000a36       0x82 Third-Party/FreeRTOS/org/Source/tasks.o
                0x08000a36                xTaskCreate
 .text.prvInitialiseNewTask
                0x08000ab8      0x126 Third-Party/FreeRTOS/org/Source/tasks.o
 *fill*         0x08000bde        0x2 
 .text.prvAddNewTaskToReadyList
                0x08000be0      0x118 Third-Party/FreeRTOS/org/Source/tasks.o
 .text.vTaskStartScheduler
                0x08000cf8       0xac Third-Party/FreeRTOS/org/Source/tasks.o
                0x08000cf8                vTaskStartScheduler
 .text.vTaskSuspendAll
                0x08000da4       0x1c Third-Party/FreeRTOS/org/Source/tasks.o
                0x08000da4                vTaskSuspendAll
 .text.xTaskResumeAll
                0x08000dc0      0x140 Third-Party/FreeRTOS/org/Source/tasks.o
                0x08000dc0                xTaskResumeAll
 .text.xTaskGetTickCountFromISR
                0x08000f00       0x24 Third-Party/FreeRTOS/org/Source/tasks.o
                0x08000f00                xTaskGetTickCountFromISR
 .text.xTaskIncrementTick
                0x08000f24      0x178 Third-Party/FreeRTOS/org/Source/tasks.o
                0x08000f24                xTaskIncrementTick
 .text.vTaskSwitchContext
                0x0800109c       0xd0 Third-Party/FreeRTOS/org/Source/tasks.o
                0x0800109c                vTaskSwitchContext
 .text.prvIdleTask
                0x0800116c       0x30 Third-Party/FreeRTOS/org/Source/tasks.o
 .text.prvInitialiseTaskLists
                0x0800119c       0x80 Third-Party/FreeRTOS/org/Source/tasks.o
 .text.prvCheckTasksWaitingTermination
                0x0800121c       0x58 Third-Party/FreeRTOS/org/Source/tasks.o
 .text.prvDeleteTCB
                0x08001274       0x20 Third-Party/FreeRTOS/org/Source/tasks.o
 .text.prvResetNextTaskUnblockTime
                0x08001294       0x40 Third-Party/FreeRTOS/org/Source/tasks.o
 .text.pxPortInitialiseStack
                0x080012d4       0x68 Third-Party/FreeRTOS/org/Source/portable/GCC/ARM_CM4F/port.o
                0x080012d4                pxPortInitialiseStack
 .text.prvTaskExitError
                0x0800133c       0x54 Third-Party/FreeRTOS/org/Source/portable/GCC/ARM_CM4F/port.o
 .text.SVC_Handler
                0x08001390       0x28 Third-Party/FreeRTOS/org/Source/portable/GCC/ARM_CM4F/port.o
                0x08001390                SVC_Handler
 .text.prvPortStartFirstTask
                0x080013b8       0x28 Third-Party/FreeRTOS/org/Source/portable/GCC/ARM_CM4F/port.o
 .text.xPortStartScheduler
                0x080013e0      0x13c Third-Party/FreeRTOS/org/Source/portable/GCC/ARM_CM4F/port.o
                0x080013e0                xPortStartScheduler
 .text.vPortEnterCritical
                0x0800151c       0x5c Third-Party/FreeRTOS/org/Source/portable/GCC/ARM_CM4F/port.o
                0x0800151c                vPortEnterCritical
 .text.vPortExitCritical
                0x08001578       0x50 Third-Party/FreeRTOS/org/Source/portable/GCC/ARM_CM4F/port.o
                0x08001578                vPortExitCritical
 *fill*         0x080015c8        0x8 
 .text.PendSV_Handler
                0x080015d0       0x68 Third-Party/FreeRTOS/org/Source/portable/GCC/ARM_CM4F/port.o
                0x080015d0                PendSV_Handler
 .text.SysTick_Handler
                0x08001638       0x50 Third-Party/FreeRTOS/org/Source/portable/GCC/ARM_CM4F/port.o
                0x08001638                SysTick_Handler
 .text.vPortSetupTimerInterrupt
                0x08001688       0x48 Third-Party/FreeRTOS/org/Source/portable/GCC/ARM_CM4F/port.o
                0x08001688                vPortSetupTimerInterrupt
 .text.vPortEnableVFP
                0x080016d0       0x14 Third-Party/FreeRTOS/org/Source/portable/GCC/ARM_CM4F/port.o
 .text.vPortValidateInterruptPriority
                0x080016e4       0x7c Third-Party/FreeRTOS/org/Source/portable/GCC/ARM_CM4F/port.o
                0x080016e4                vPortValidateInterruptPriority
 .text.pvPortMalloc
                0x08001760      0x184 Third-Party/FreeRTOS/org/Source/portable/MemMang/heap_4.o
                0x08001760                pvPortMalloc
 .text.vPortFree
                0x080018e4       0xb0 Third-Party/FreeRTOS/org/Source/portable/MemMang/heap_4.o
                0x080018e4                vPortFree
 .text.prvHeapInit
                0x08001994       0xc4 Third-Party/FreeRTOS/org/Source/portable/MemMang/heap_4.o
 .text.prvInsertBlockIntoFreeList
                0x08001a58       0xb4 Third-Party/FreeRTOS/org/Source/portable/MemMang/heap_4.o
 .text._cbSendSystemDesc
                0x08001b0c       0x1c Third-Party/SEGGER/Config/SEGGER_SYSVIEW_Config_FreeRTOS.o
 .text.SEGGER_SYSVIEW_Conf
                0x08001b28       0x2c Third-Party/SEGGER/Config/SEGGER_SYSVIEW_Config_FreeRTOS.o
                0x08001b28                SEGGER_SYSVIEW_Conf
 .text._cbSendTaskList
                0x08001b54       0x90 Third-Party/SEGGER/OS/SEGGER_SYSVIEW_FreeRTOS.o
 .text._cbGetTime
                0x08001be4       0x84 Third-Party/SEGGER/OS/SEGGER_SYSVIEW_FreeRTOS.o
 .text.SYSVIEW_AddTask
                0x08001c68       0xd0 Third-Party/SEGGER/OS/SEGGER_SYSVIEW_FreeRTOS.o
                0x08001c68                SYSVIEW_AddTask
 .text.SYSVIEW_SendTaskInfo
                0x08001d38       0x42 Third-Party/SEGGER/OS/SEGGER_SYSVIEW_FreeRTOS.o
                0x08001d38                SYSVIEW_SendTaskInfo
 *fill*         0x08001d7a        0x2 
 .text._DoInit  0x08001d7c       0xa4 Third-Party/SEGGER/SEGGER/SEGGER_RTT.o
 .text.SEGGER_RTT_ReadNoLock
                0x08001e20      0x104 Third-Party/SEGGER/SEGGER/SEGGER_RTT.o
                0x08001e20                SEGGER_RTT_ReadNoLock
 .text.SEGGER_RTT_WriteSkipNoLock
                0x08001f24      0x120 Third-Party/SEGGER/SEGGER/SEGGER_RTT.o
                0x08001f24                SEGGER_RTT_WriteSkipNoLock
 .text.SEGGER_RTT_ConfigUpBuffer
                0x08002044       0xd4 Third-Party/SEGGER/SEGGER/SEGGER_RTT.o
                0x08002044                SEGGER_RTT_ConfigUpBuffer
 .text.SEGGER_RTT_ConfigDownBuffer
                0x08002118       0xd4 Third-Party/SEGGER/SEGGER/SEGGER_RTT.o
                0x08002118                SEGGER_RTT_ConfigDownBuffer
 .text._EncodeStr
                0x080021ec       0x9a Third-Party/SEGGER/SEGGER/SEGGER_SYSVIEW.o
 .text._PreparePacket
                0x08002286       0x18 Third-Party/SEGGER/SEGGER/SEGGER_SYSVIEW.o
 .text._HandleIncomingPacket
                0x0800229e       0xb8 Third-Party/SEGGER/SEGGER/SEGGER_SYSVIEW.o
 *fill*         0x08002356        0x2 
 .text._TrySendOverflowPacket
                0x08002358       0xe0 Third-Party/SEGGER/SEGGER/SEGGER_SYSVIEW.o
 .text._SendPacket
                0x08002438      0x1a8 Third-Party/SEGGER/SEGGER/SEGGER_SYSVIEW.o
 .text.SEGGER_SYSVIEW_Init
                0x080025e0       0x7c Third-Party/SEGGER/SEGGER/SEGGER_SYSVIEW.o
                0x080025e0                SEGGER_SYSVIEW_Init
 .text.SEGGER_SYSVIEW_SetRAMBase
                0x0800265c       0x20 Third-Party/SEGGER/SEGGER/SEGGER_SYSVIEW.o
                0x0800265c                SEGGER_SYSVIEW_SetRAMBase
 .text.SEGGER_SYSVIEW_RecordVoid
                0x0800267c       0x3c Third-Party/SEGGER/SEGGER/SEGGER_SYSVIEW.o
                0x0800267c                SEGGER_SYSVIEW_RecordVoid
 .text.SEGGER_SYSVIEW_RecordU32
                0x080026b8       0x78 Third-Party/SEGGER/SEGGER/SEGGER_SYSVIEW.o
                0x080026b8                SEGGER_SYSVIEW_RecordU32
 .text.SEGGER_SYSVIEW_RecordU32x2
                0x08002730       0xb4 Third-Party/SEGGER/SEGGER/SEGGER_SYSVIEW.o
                0x08002730                SEGGER_SYSVIEW_RecordU32x2
 .text.SEGGER_SYSVIEW_Start
                0x080027e4      0x178 Third-Party/SEGGER/SEGGER/SEGGER_SYSVIEW.o
                0x080027e4                SEGGER_SYSVIEW_Start
 .text.SEGGER_SYSVIEW_Stop
                0x0800295c       0x4c Third-Party/SEGGER/SEGGER/SEGGER_SYSVIEW.o
                0x0800295c                SEGGER_SYSVIEW_Stop
 .text.SEGGER_SYSVIEW_GetSysDesc
                0x080029a8      0x134 Third-Party/SEGGER/SEGGER/SEGGER_SYSVIEW.o
                0x080029a8                SEGGER_SYSVIEW_GetSysDesc
 .text.SEGGER_SYSVIEW_SendTaskInfo
                0x08002adc      0x1cc Third-Party/SEGGER/SEGGER/SEGGER_SYSVIEW.o
                0x08002adc                SEGGER_SYSVIEW_SendTaskInfo
 .text.SEGGER_SYSVIEW_SendTaskList
                0x08002ca8       0x28 Third-Party/SEGGER/SEGGER/SEGGER_SYSVIEW.o
                0x08002ca8                SEGGER_SYSVIEW_SendTaskList
 .text.SEGGER_SYSVIEW_SendSysDesc
                0x08002cd0       0x48 Third-Party/SEGGER/SEGGER/SEGGER_SYSVIEW.o
                0x08002cd0                SEGGER_SYSVIEW_SendSysDesc
 .text.SEGGER_SYSVIEW_RecordSystime
                0x08002d18       0x60 Third-Party/SEGGER/SEGGER/SEGGER_SYSVIEW.o
                0x08002d18                SEGGER_SYSVIEW_RecordSystime
 .text.SEGGER_SYSVIEW_RecordEnterISR
                0x08002d78       0x84 Third-Party/SEGGER/SEGGER/SEGGER_SYSVIEW.o
                0x08002d78                SEGGER_SYSVIEW_RecordEnterISR
 .text.SEGGER_SYSVIEW_RecordExitISR
                0x08002dfc       0x38 Third-Party/SEGGER/SEGGER/SEGGER_SYSVIEW.o
                0x08002dfc                SEGGER_SYSVIEW_RecordExitISR
 .text.SEGGER_SYSVIEW_RecordExitISRToScheduler
                0x08002e34       0x38 Third-Party/SEGGER/SEGGER/SEGGER_SYSVIEW.o
                0x08002e34                SEGGER_SYSVIEW_RecordExitISRToScheduler
 .text.SEGGER_SYSVIEW_OnIdle
                0x08002e6c       0x38 Third-Party/SEGGER/SEGGER/SEGGER_SYSVIEW.o
                0x08002e6c                SEGGER_SYSVIEW_OnIdle
 .text.SEGGER_SYSVIEW_OnTaskCreate
                0x08002ea4       0x88 Third-Party/SEGGER/SEGGER/SEGGER_SYSVIEW.o
                0x08002ea4                SEGGER_SYSVIEW_OnTaskCreate
 .text.SEGGER_SYSVIEW_OnTaskStartExec
                0x08002f2c       0x88 Third-Party/SEGGER/SEGGER/SEGGER_SYSVIEW.o
                0x08002f2c                SEGGER_SYSVIEW_OnTaskStartExec
 .text.SEGGER_SYSVIEW_OnTaskStartReady
                0x08002fb4       0x88 Third-Party/SEGGER/SEGGER/SEGGER_SYSVIEW.o
                0x08002fb4                SEGGER_SYSVIEW_OnTaskStartReady
 .text.SEGGER_SYSVIEW_SendModule
                0x0800303c      0x100 Third-Party/SEGGER/SEGGER/SEGGER_SYSVIEW.o
                0x0800303c                SEGGER_SYSVIEW_SendModule
 .text.SEGGER_SYSVIEW_SendModuleDescription
                0x0800313c       0x3c Third-Party/SEGGER/SEGGER/SEGGER_SYSVIEW.o
                0x0800313c                SEGGER_SYSVIEW_SendModuleDescription
 .text.SEGGER_SYSVIEW_SendNumModules
                0x08003178       0x7c Third-Party/SEGGER/SEGGER/SEGGER_SYSVIEW.o
                0x08003178                SEGGER_SYSVIEW_SendNumModules
 .text.SEGGER_SYSVIEW_Warn
                0x080031f4       0xb8 Third-Party/SEGGER/SEGGER/SEGGER_SYSVIEW.o
                0x080031f4                SEGGER_SYSVIEW_Warn
 .text.main     0x080032ac       0x68 src/main.o
                0x080032ac                main
 .text.led_task_handler
                0x08003314       0x30 src/main.o
                0x08003314                led_task_handler
 .text.button_task_handler
                0x08003344       0x30 src/main.o
                0x08003344                button_task_handler
 .text.prvSetupUart
                0x08003374       0x9c src/main.o
 .text.prvSetupGPIO
                0x08003410       0x68 src/main.o
 .text.prvSetupHardware
                0x08003478       0x10 src/main.o
 .text.SystemInit
                0x08003488       0x6c src/system_stm32f4xx.o
                0x08003488                SystemInit
 .text.SystemCoreClockUpdate
                0x080034f4       0xf8 src/system_stm32f4xx.o
                0x080034f4                SystemCoreClockUpdate
 .text.SetSysClock
                0x080035ec       0xf4 src/system_stm32f4xx.o
 .text.Reset_Handler
                0x080036e0       0x50 startup/startup_stm32.o
                0x080036e0                Reset_Handler
 .text.Default_Handler
                0x08003730        0x2 startup/startup_stm32.o
                0x08003730                RTC_Alarm_IRQHandler
                0x08003730                EXTI2_IRQHandler
                0x08003730                TIM8_CC_IRQHandler
                0x08003730                SPDIF_Rx_IRQHandler
                0x08003730                DebugMon_Handler
                0x08003730                SPI4_IRQHandler
                0x08003730                TIM1_CC_IRQHandler
                0x08003730                QuadSPI_IRQHandler
                0x08003730                DMA2_Stream5_IRQHandler
                0x08003730                HardFault_Handler
                0x08003730                DMA1_Stream5_IRQHandler
                0x08003730                PVD_IRQHandler
                0x08003730                SDIO_IRQHandler
                0x08003730                TAMP_STAMP_IRQHandler
                0x08003730                NMI_Handler
                0x08003730                CAN2_RX1_IRQHandler
                0x08003730                EXTI3_IRQHandler
                0x08003730                TIM8_TRG_COM_TIM14_IRQHandler
                0x08003730                TIM1_UP_TIM10_IRQHandler
                0x08003730                FMPI2C1_error_IRQHandler
                0x08003730                TIM8_UP_TIM13_IRQHandler
                0x08003730                I2C3_ER_IRQHandler
                0x08003730                EXTI0_IRQHandler
                0x08003730                I2C2_EV_IRQHandler
                0x08003730                DMA1_Stream2_IRQHandler
                0x08003730                CAN1_RX0_IRQHandler
                0x08003730                FPU_IRQHandler
                0x08003730                OTG_HS_WKUP_IRQHandler
                0x08003730                UsageFault_Handler
                0x08003730                CAN2_SCE_IRQHandler
                0x08003730                DMA2_Stream2_IRQHandler
                0x08003730                SPI1_IRQHandler
                0x08003730                TIM6_DAC_IRQHandler
                0x08003730                TIM1_BRK_TIM9_IRQHandler
                0x08003730                DCMI_IRQHandler
                0x08003730                CAN2_RX0_IRQHandler
                0x08003730                DMA2_Stream3_IRQHandler
                0x08003730                FMPI2C1_IRQHandler
                0x08003730                SAI2_IRQHandler
                0x08003730                USART6_IRQHandler
                0x08003730                USART3_IRQHandler
                0x08003730                CAN1_RX1_IRQHandler
                0x08003730                UART5_IRQHandler
                0x08003730                DMA2_Stream0_IRQHandler
                0x08003730                TIM4_IRQHandler
                0x08003730                I2C1_EV_IRQHandler
                0x08003730                HDMI_CEC_IRQHandler
                0x08003730                DMA1_Stream6_IRQHandler
                0x08003730                DMA1_Stream1_IRQHandler
                0x08003730                UART4_IRQHandler
                0x08003730                TIM3_IRQHandler
                0x08003730                RCC_IRQHandler
                0x08003730                TIM8_BRK_TIM12_IRQHandler
                0x08003730                Default_Handler
                0x08003730                EXTI15_10_IRQHandler
                0x08003730                ADC_IRQHandler
                0x08003730                DMA1_Stream7_IRQHandler
                0x08003730                TIM7_IRQHandler
                0x08003730                CAN2_TX_IRQHandler
                0x08003730                TIM5_IRQHandler
                0x08003730                DMA2_Stream7_IRQHandler
                0x08003730                I2C3_EV_IRQHandler
                0x08003730                EXTI9_5_IRQHandler
                0x08003730                RTC_WKUP_IRQHandler
                0x08003730                SPI2_IRQHandler
                0x08003730                OTG_HS_EP1_IN_IRQHandler
                0x08003730                MemManage_Handler
                0x08003730                DMA1_Stream0_IRQHandler
                0x08003730                CAN1_TX_IRQHandler
                0x08003730                EXTI4_IRQHandler
                0x08003730                OTG_HS_EP1_OUT_IRQHandler
                0x08003730                WWDG_IRQHandler
                0x08003730                TIM2_IRQHandler
                0x08003730                OTG_FS_WKUP_IRQHandler
                0x08003730                TIM1_TRG_COM_TIM11_IRQHandler
                0x08003730                OTG_HS_IRQHandler
                0x08003730                EXTI1_IRQHandler
                0x08003730                USART2_IRQHandler
                0x08003730                I2C2_ER_IRQHandler
                0x08003730                DMA2_Stream1_IRQHandler
                0x08003730                CAN1_SCE_IRQHandler
                0x08003730                FLASH_IRQHandler
                0x08003730                DMA2_Stream4_IRQHandler
                0x08003730                BusFault_Handler
                0x08003730                USART1_IRQHandler
                0x08003730                OTG_FS_IRQHandler
                0x08003730                SPI3_IRQHandler
                0x08003730                DMA1_Stream4_IRQHandler
                0x08003730                I2C1_ER_IRQHandler
                0x08003730                FMC_IRQHandler
                0x08003730                DMA2_Stream6_IRQHandler
                0x08003730                SAI1_IRQHandler
                0x08003730                DMA1_Stream3_IRQHandler
 *fill*         0x08003732        0x2 
 .text.__libc_init_array
                0x08003734       0x48 c:/ac6/systemworkbench/plugins/fr.ac6.mcu.externaltools.arm-none.win32_1.17.0.201812190825/tools/compiler/bin/../lib/gcc/arm-none-eabi/7.3.1/../../../../arm-none-eabi/lib/thumb/v7e-m/fpv4-sp/hard\libc.a(lib_a-init.o)
                0x08003734                __libc_init_array
 .text.memcmp   0x0800377c       0x64 c:/ac6/systemworkbench/plugins/fr.ac6.mcu.externaltools.arm-none.win32_1.17.0.201812190825/tools/compiler/bin/../lib/gcc/arm-none-eabi/7.3.1/../../../../arm-none-eabi/lib/thumb/v7e-m/fpv4-sp/hard\libc.a(lib_a-memcmp.o)
                0x0800377c                memcmp
 .text.memset   0x080037e0       0x94 c:/ac6/systemworkbench/plugins/fr.ac6.mcu.externaltools.arm-none.win32_1.17.0.201812190825/tools/compiler/bin/../lib/gcc/arm-none-eabi/7.3.1/../../../../arm-none-eabi/lib/thumb/v7e-m/fpv4-sp/hard\libc.a(lib_a-memset.o)
                0x080037e0                memset
 .text.startup.register_fini
                0x08003874       0x14 c:/ac6/systemworkbench/plugins/fr.ac6.mcu.externaltools.arm-none.win32_1.17.0.201812190825/tools/compiler/bin/../lib/gcc/arm-none-eabi/7.3.1/../../../../arm-none-eabi/lib/thumb/v7e-m/fpv4-sp/hard\libc.a(lib_a-__call_atexit.o)
 .text.atexit   0x08003888        0xc c:/ac6/systemworkbench/plugins/fr.ac6.mcu.externaltools.arm-none.win32_1.17.0.201812190825/tools/compiler/bin/../lib/gcc/arm-none-eabi/7.3.1/../../../../arm-none-eabi/lib/thumb/v7e-m/fpv4-sp/hard\libc.a(lib_a-atexit.o)
                0x08003888                atexit
 .text.__libc_fini_array
                0x08003894       0x34 c:/ac6/systemworkbench/plugins/fr.ac6.mcu.externaltools.arm-none.win32_1.17.0.201812190825/tools/compiler/bin/../lib/gcc/arm-none-eabi/7.3.1/../../../../arm-none-eabi/lib/thumb/v7e-m/fpv4-sp/hard\libc.a(lib_a-fini.o)
                0x08003894                __libc_fini_array
 .text.__retarget_lock_acquire_recursive
                0x080038c8        0x4 c:/ac6/systemworkbench/plugins/fr.ac6.mcu.externaltools.arm-none.win32_1.17.0.201812190825/tools/compiler/bin/../lib/gcc/arm-none-eabi/7.3.1/../../../../arm-none-eabi/lib/thumb/v7e-m/fpv4-sp/hard\libc.a(lib_a-lock.o)
                0x080038c8                __retarget_lock_acquire_recursive
 .text.__retarget_lock_release_recursive
                0x080038cc        0x4 c:/ac6/systemworkbench/plugins/fr.ac6.mcu.externaltools.arm-none.win32_1.17.0.201812190825/tools/compiler/bin/../lib/gcc/arm-none-eabi/7.3.1/../../../../arm-none-eabi/lib/thumb/v7e-m/fpv4-sp/hard\libc.a(lib_a-lock.o)
                0x080038cc                __retarget_lock_release_recursive
 .text.__register_exitproc
                0x080038d0       0xc0 c:/ac6/systemworkbench/plugins/fr.ac6.mcu.externaltools.arm-none.win32_1.17.0.201812190825/tools/compiler/bin/../lib/gcc/arm-none-eabi/7.3.1/../../../../arm-none-eabi/lib/thumb/v7e-m/fpv4-sp/hard\libc.a(lib_a-__atexit.o)
                0x080038d0                __register_exitproc
 *(.glue_7)
 .glue_7        0x08003990        0x0 linker stubs
 *(.glue_7t)
 .glue_7t       0x08003990        0x0 linker stubs
 *(.eh_frame)
 .eh_frame      0x08003990        0x0 c:/ac6/systemworkbench/plugins/fr.ac6.mcu.externaltools.arm-none.win32_1.17.0.201812190825/tools/compiler/bin/../lib/gcc/arm-none-eabi/7.3.1/thumb/v7e-m/fpv4-sp/hard/crtbegin.o
 *(.init)
 .init          0x08003990        0x4 c:/ac6/systemworkbench/plugins/fr.ac6.mcu.externaltools.arm-none.win32_1.17.0.201812190825/tools/compiler/bin/../lib/gcc/arm-none-eabi/7.3.1/thumb/v7e-m/fpv4-sp/hard/crti.o
                0x08003990                _init
 .init          0x08003994        0x8 c:/ac6/systemworkbench/plugins/fr.ac6.mcu.externaltools.arm-none.win32_1.17.0.201812190825/tools/compiler/bin/../lib/gcc/arm-none-eabi/7.3.1/thumb/v7e-m/fpv4-sp/hard/crtn.o
 *(.fini)
 .fini          0x0800399c        0x4 c:/ac6/systemworkbench/plugins/fr.ac6.mcu.externaltools.arm-none.win32_1.17.0.201812190825/tools/compiler/bin/../lib/gcc/arm-none-eabi/7.3.1/thumb/v7e-m/fpv4-sp/hard/crti.o
                0x0800399c                _fini
 .fini          0x080039a0        0x8 c:/ac6/systemworkbench/plugins/fr.ac6.mcu.externaltools.arm-none.win32_1.17.0.201812190825/tools/compiler/bin/../lib/gcc/arm-none-eabi/7.3.1/thumb/v7e-m/fpv4-sp/hard/crtn.o
                0x080039a8                . = ALIGN (0x4)
                0x080039a8                _etext = .

.vfp11_veneer   0x080039a8        0x0
 .vfp11_veneer  0x080039a8        0x0 linker stubs

.v4_bx          0x080039a8        0x0
 .v4_bx         0x080039a8        0x0 linker stubs

.iplt           0x080039a8        0x0
 .iplt          0x080039a8        0x0 c:/ac6/systemworkbench/plugins/fr.ac6.mcu.externaltools.arm-none.win32_1.17.0.201812190825/tools/compiler/bin/../lib/gcc/arm-none-eabi/7.3.1/thumb/v7e-m/fpv4-sp/hard/crtbegin.o

.rodata         0x080039a8      0x114
                0x080039a8                . = ALIGN (0x4)
 *(.rodata)
 .rodata        0x080039a8        0x5 Third-Party/FreeRTOS/org/Source/tasks.o
 *fill*         0x080039ad        0x3 
 .rodata        0x080039b0       0x51 Third-Party/SEGGER/Config/SEGGER_SYSVIEW_Config_FreeRTOS.o
 *fill*         0x08003a01        0x3 
 .rodata        0x08003a04       0x60 Third-Party/SEGGER/OS/SEGGER_SYSVIEW_FreeRTOS.o
                0x08003a5c                SYSVIEW_X_OS_TraceAPI
 .rodata        0x08003a64       0x17 Third-Party/SEGGER/SEGGER/SEGGER_RTT.o
 *fill*         0x08003a7b        0x1 
 .rodata        0x08003a7c       0x24 Third-Party/SEGGER/SEGGER/SEGGER_SYSVIEW.o
 .rodata        0x08003aa0       0x18 src/main.o
 *(.rodata*)
 .rodata._global_impure_ptr
                0x08003ab8        0x4 c:/ac6/systemworkbench/plugins/fr.ac6.mcu.externaltools.arm-none.win32_1.17.0.201812190825/tools/compiler/bin/../lib/gcc/arm-none-eabi/7.3.1/../../../../arm-none-eabi/lib/thumb/v7e-m/fpv4-sp/hard\libc.a(lib_a-impure.o)
                0x08003ab8                _global_impure_ptr
                0x08003abc                . = ALIGN (0x4)

.rel.dyn        0x08003abc        0x0
 .rel.iplt      0x08003abc        0x0 c:/ac6/systemworkbench/plugins/fr.ac6.mcu.externaltools.arm-none.win32_1.17.0.201812190825/tools/compiler/bin/../lib/gcc/arm-none-eabi/7.3.1/thumb/v7e-m/fpv4-sp/hard/crtbegin.o

.ARM.extab      0x08003abc        0x0
                0x08003abc                . = ALIGN (0x4)
 *(.ARM.extab* .gnu.linkonce.armextab.*)
                0x08003abc                . = ALIGN (0x4)

.ARM            0x08003abc        0x0
                0x08003abc                . = ALIGN (0x4)
                0x08003abc                __exidx_start = .
 *(.ARM.exidx*)
                0x08003abc                __exidx_end = .
                0x08003abc                . = ALIGN (0x4)

.preinit_array  0x08003abc        0x0
                0x08003abc                . = ALIGN (0x4)
                0x08003abc                PROVIDE (__preinit_array_start = .)
 *(.preinit_array*)
                0x08003abc                PROVIDE (__preinit_array_end = .)
                0x08003abc                . = ALIGN (0x4)

.init_array     0x08003abc        0x8
                0x08003abc                . = ALIGN (0x4)
                0x08003abc                PROVIDE (__init_array_start = .)
 *(SORT_BY_NAME(.init_array.*))
 .init_array.00000
                0x08003abc        0x4 c:/ac6/systemworkbench/plugins/fr.ac6.mcu.externaltools.arm-none.win32_1.17.0.201812190825/tools/compiler/bin/../lib/gcc/arm-none-eabi/7.3.1/../../../../arm-none-eabi/lib/thumb/v7e-m/fpv4-sp/hard\libc.a(lib_a-__call_atexit.o)
 *(.init_array*)
 .init_array    0x08003ac0        0x4 c:/ac6/systemworkbench/plugins/fr.ac6.mcu.externaltools.arm-none.win32_1.17.0.201812190825/tools/compiler/bin/../lib/gcc/arm-none-eabi/7.3.1/thumb/v7e-m/fpv4-sp/hard/crtbegin.o
                0x08003ac4                PROVIDE (__init_array_end = .)
                0x08003ac4                . = ALIGN (0x4)

.fini_array     0x08003ac4        0x4
                0x08003ac4                . = ALIGN (0x4)
                0x08003ac4                PROVIDE (__fini_array_start = .)
 *(SORT_BY_NAME(.fini_array.*))
 *(.fini_array*)
 .fini_array    0x08003ac4        0x4 c:/ac6/systemworkbench/plugins/fr.ac6.mcu.externaltools.arm-none.win32_1.17.0.201812190825/tools/compiler/bin/../lib/gcc/arm-none-eabi/7.3.1/thumb/v7e-m/fpv4-sp/hard/crtbegin.o
                0x08003ac8                PROVIDE (__fini_array_end = .)
                0x08003ac8                . = ALIGN (0x4)
                0x08003ac8                _sidata = LOADADDR (.data)

.data           0x20000000      0x454 load address 0x08003ac8
                0x20000000                . = ALIGN (0x4)
                0x20000000                _sdata = .
 *(.data)
 .data          0x20000000       0x10 StdPeriph_Driver/src/stm32f4xx_rcc.o
 .data          0x20000010        0x4 Third-Party/FreeRTOS/org/Source/portable/GCC/ARM_CM4F/port.o
 .data          0x20000014       0x14 src/system_stm32f4xx.o
                0x20000014                SystemCoreClock
                0x20000018                AHBPrescTable
 *(.data*)
 .data.impure_data
                0x20000028      0x428 c:/ac6/systemworkbench/plugins/fr.ac6.mcu.externaltools.arm-none.win32_1.17.0.201812190825/tools/compiler/bin/../lib/gcc/arm-none-eabi/7.3.1/../../../../arm-none-eabi/lib/thumb/v7e-m/fpv4-sp/hard\libc.a(lib_a-impure.o)
 .data.__atexit_recursive_mutex
                0x20000450        0x4 c:/ac6/systemworkbench/plugins/fr.ac6.mcu.externaltools.arm-none.win32_1.17.0.201812190825/tools/compiler/bin/../lib/gcc/arm-none-eabi/7.3.1/../../../../arm-none-eabi/lib/thumb/v7e-m/fpv4-sp/hard\libc.a(lib_a-__call_atexit.o)
                0x20000450                __atexit_recursive_mutex
                0x20000454                . = ALIGN (0x4)
                0x20000454                _edata = .

.igot.plt       0x20000454        0x0 load address 0x08003f1c
 .igot.plt      0x20000454        0x0 c:/ac6/systemworkbench/plugins/fr.ac6.mcu.externaltools.arm-none.win32_1.17.0.201812190825/tools/compiler/bin/../lib/gcc/arm-none-eabi/7.3.1/thumb/v7e-m/fpv4-sp/hard/crtbegin.o
                0x20000454                . = ALIGN (0x4)

.bss            0x20000454    0x153e0 load address 0x08003f1c
                0x20000454                _sbss = .
                0x20000454                __bss_start__ = _sbss
 *(.bss)
 .bss           0x20000454       0x1c c:/ac6/systemworkbench/plugins/fr.ac6.mcu.externaltools.arm-none.win32_1.17.0.201812190825/tools/compiler/bin/../lib/gcc/arm-none-eabi/7.3.1/thumb/v7e-m/fpv4-sp/hard/crtbegin.o
 .bss           0x20000470      0x104 Third-Party/FreeRTOS/org/Source/tasks.o
                0x20000470                pxCurrentTCB
 .bss           0x20000574        0x8 Third-Party/FreeRTOS/org/Source/portable/GCC/ARM_CM4F/port.o
 .bss           0x2000057c    0x12c18 Third-Party/FreeRTOS/org/Source/portable/MemMang/heap_4.o
 .bss           0x20013194       0xa4 Third-Party/SEGGER/OS/SEGGER_SYSVIEW_FreeRTOS.o
 .bss           0x20013238      0x411 Third-Party/SEGGER/SEGGER/SEGGER_RTT.o
 *fill*         0x20013649        0x3 
 .bss           0x2001364c     0x211b Third-Party/SEGGER/SEGGER/SEGGER_SYSVIEW.o
 .bss           0x20015767        0x1 src/main.o
                0x20015767                button_status_flag
 *(.bss*)
 *(COMMON)
 COMMON         0x20015768       0xa8 Third-Party/SEGGER/SEGGER/SEGGER_RTT.o
                0x20015768                _SEGGER_RTT
 COMMON         0x20015810       0x21 c:/ac6/systemworkbench/plugins/fr.ac6.mcu.externaltools.arm-none.win32_1.17.0.201812190825/tools/compiler/bin/../lib/gcc/arm-none-eabi/7.3.1/../../../../arm-none-eabi/lib/thumb/v7e-m/fpv4-sp/hard\libc.a(lib_a-lock.o)
                0x20015810                __lock___atexit_recursive_mutex
                0x20015814                __lock___arc4random_mutex
                0x20015818                __lock___env_recursive_mutex
                0x2001581c                __lock___sinit_recursive_mutex
                0x20015820                __lock___malloc_recursive_mutex
                0x20015824                __lock___at_quick_exit_mutex
                0x20015828                __lock___dd_hash_mutex
                0x2001582c                __lock___tz_mutex
                0x20015830                __lock___sfp_recursive_mutex
                0x20015834                . = ALIGN (0x4)
 *fill*         0x20015831        0x3 
                0x20015834                _ebss = .
                0x20015834                __bss_end__ = _ebss

._user_heap_stack
                0x20015834      0x404 load address 0x08003f1c
                0x20015838                . = ALIGN (0x8)
 *fill*         0x20015834        0x4 
                0x20015838                PROVIDE (end = .)
                [!provide]                PROVIDE (_end = .)
                0x20015838                . = (. + _Min_Heap_Size)
                0x20015c38                . = (. + _Min_Stack_Size)
 *fill*         0x20015838      0x400 
                0x20015c38                . = ALIGN (0x8)

/DISCARD/
 libc.a(*)
 libm.a(*)
 libgcc.a(*)

.ARM.attributes
                0x00000000       0x30
 *(.ARM.attributes)
 .ARM.attributes
                0x00000000       0x22 c:/ac6/systemworkbench/plugins/fr.ac6.mcu.externaltools.arm-none.win32_1.17.0.201812190825/tools/compiler/bin/../lib/gcc/arm-none-eabi/7.3.1/thumb/v7e-m/fpv4-sp/hard/crti.o
 .ARM.attributes
                0x00000022       0x34 c:/ac6/systemworkbench/plugins/fr.ac6.mcu.externaltools.arm-none.win32_1.17.0.201812190825/tools/compiler/bin/../lib/gcc/arm-none-eabi/7.3.1/thumb/v7e-m/fpv4-sp/hard/crtbegin.o
 .ARM.attributes
                0x00000056       0x39 StdPeriph_Driver/src/stm32f4xx_gpio.o
 .ARM.attributes
                0x0000008f       0x39 StdPeriph_Driver/src/stm32f4xx_rcc.o
 .ARM.attributes
                0x000000c8       0x39 StdPeriph_Driver/src/stm32f4xx_usart.o
 .ARM.attributes
                0x00000101       0x39 Third-Party/FreeRTOS/org/Source/list.o
 .ARM.attributes
                0x0000013a       0x39 Third-Party/FreeRTOS/org/Source/tasks.o
 .ARM.attributes
                0x00000173       0x39 Third-Party/FreeRTOS/org/Source/portable/GCC/ARM_CM4F/port.o
 .ARM.attributes
                0x000001ac       0x39 Third-Party/FreeRTOS/org/Source/portable/MemMang/heap_4.o
 .ARM.attributes
                0x000001e5       0x39 Third-Party/SEGGER/Config/SEGGER_SYSVIEW_Config_FreeRTOS.o
 .ARM.attributes
                0x0000021e       0x39 Third-Party/SEGGER/OS/SEGGER_SYSVIEW_FreeRTOS.o
 .ARM.attributes
                0x00000257       0x39 Third-Party/SEGGER/SEGGER/SEGGER_RTT.o
 .ARM.attributes
                0x00000290       0x39 Third-Party/SEGGER/SEGGER/SEGGER_SYSVIEW.o
 .ARM.attributes
                0x000002c9       0x39 src/main.o
 .ARM.attributes
                0x00000302       0x39 src/system_stm32f4xx.o
 .ARM.attributes
                0x0000033b       0x21 startup/startup_stm32.o
 .ARM.attributes
                0x0000035c       0x34 c:/ac6/systemworkbench/plugins/fr.ac6.mcu.externaltools.arm-none.win32_1.17.0.201812190825/tools/compiler/bin/../lib/gcc/arm-none-eabi/7.3.1/../../../../arm-none-eabi/lib/thumb/v7e-m/fpv4-sp/hard\libc.a(lib_a-impure.o)
 .ARM.attributes
                0x00000390       0x34 c:/ac6/systemworkbench/plugins/fr.ac6.mcu.externaltools.arm-none.win32_1.17.0.201812190825/tools/compiler/bin/../lib/gcc/arm-none-eabi/7.3.1/../../../../arm-none-eabi/lib/thumb/v7e-m/fpv4-sp/hard\libc.a(lib_a-init.o)
 .ARM.attributes
                0x000003c4       0x34 c:/ac6/systemworkbench/plugins/fr.ac6.mcu.externaltools.arm-none.win32_1.17.0.201812190825/tools/compiler/bin/../lib/gcc/arm-none-eabi/7.3.1/../../../../arm-none-eabi/lib/thumb/v7e-m/fpv4-sp/hard\libc.a(lib_a-memcmp.o)
 .ARM.attributes
                0x000003f8       0x20 c:/ac6/systemworkbench/plugins/fr.ac6.mcu.externaltools.arm-none.win32_1.17.0.201812190825/tools/compiler/bin/../lib/gcc/arm-none-eabi/7.3.1/../../../../arm-none-eabi/lib/thumb/v7e-m/fpv4-sp/hard\libc.a(lib_a-memcpy.o)
 .ARM.attributes
                0x00000418       0x34 c:/ac6/systemworkbench/plugins/fr.ac6.mcu.externaltools.arm-none.win32_1.17.0.201812190825/tools/compiler/bin/../lib/gcc/arm-none-eabi/7.3.1/../../../../arm-none-eabi/lib/thumb/v7e-m/fpv4-sp/hard\libc.a(lib_a-memset.o)
 .ARM.attributes
                0x0000044c       0x34 c:/ac6/systemworkbench/plugins/fr.ac6.mcu.externaltools.arm-none.win32_1.17.0.201812190825/tools/compiler/bin/../lib/gcc/arm-none-eabi/7.3.1/../../../../arm-none-eabi/lib/thumb/v7e-m/fpv4-sp/hard\libc.a(lib_a-__call_atexit.o)
 .ARM.attributes
                0x00000480       0x34 c:/ac6/systemworkbench/plugins/fr.ac6.mcu.externaltools.arm-none.win32_1.17.0.201812190825/tools/compiler/bin/../lib/gcc/arm-none-eabi/7.3.1/../../../../arm-none-eabi/lib/thumb/v7e-m/fpv4-sp/hard\libc.a(lib_a-atexit.o)
 .ARM.attributes
                0x000004b4       0x34 c:/ac6/systemworkbench/plugins/fr.ac6.mcu.externaltools.arm-none.win32_1.17.0.201812190825/tools/compiler/bin/../lib/gcc/arm-none-eabi/7.3.1/../../../../arm-none-eabi/lib/thumb/v7e-m/fpv4-sp/hard\libc.a(lib_a-fini.o)
 .ARM.attributes
                0x000004e8       0x34 c:/ac6/systemworkbench/plugins/fr.ac6.mcu.externaltools.arm-none.win32_1.17.0.201812190825/tools/compiler/bin/../lib/gcc/arm-none-eabi/7.3.1/../../../../arm-none-eabi/lib/thumb/v7e-m/fpv4-sp/hard\libc.a(lib_a-lock.o)
 .ARM.attributes
                0x0000051c       0x34 c:/ac6/systemworkbench/plugins/fr.ac6.mcu.externaltools.arm-none.win32_1.17.0.201812190825/tools/compiler/bin/../lib/gcc/arm-none-eabi/7.3.1/../../../../arm-none-eabi/lib/thumb/v7e-m/fpv4-sp/hard\libc.a(lib_a-__atexit.o)
 .ARM.attributes
                0x00000550       0x22 c:/ac6/systemworkbench/plugins/fr.ac6.mcu.externaltools.arm-none.win32_1.17.0.201812190825/tools/compiler/bin/../lib/gcc/arm-none-eabi/7.3.1/thumb/v7e-m/fpv4-sp/hard/crtn.o
OUTPUT(STM32_FreeRTOS_Led_and_Button.elf elf32-littlearm)

.debug_info     0x00000000     0xd367
 .debug_info    0x00000000      0x62b StdPeriph_Driver/src/stm32f4xx_gpio.o
 .debug_info    0x0000062b      0xd5e StdPeriph_Driver/src/stm32f4xx_rcc.o
 .debug_info    0x00001389      0x9d4 StdPeriph_Driver/src/stm32f4xx_usart.o
 .debug_info    0x00001d5d      0xadb Third-Party/FreeRTOS/org/Source/list.o
 .debug_info    0x00002838     0x2733 Third-Party/FreeRTOS/org/Source/tasks.o
 .debug_info    0x00004f6b      0x533 Third-Party/FreeRTOS/org/Source/portable/GCC/ARM_CM4F/port.o
 .debug_info    0x0000549e      0xbfc Third-Party/FreeRTOS/org/Source/portable/MemMang/heap_4.o
 .debug_info    0x0000609a      0x10f Third-Party/SEGGER/Config/SEGGER_SYSVIEW_Config_FreeRTOS.o
 .debug_info    0x000061a9      0xb8d Third-Party/SEGGER/OS/SEGGER_SYSVIEW_FreeRTOS.o
 .debug_info    0x00006d36     0x16b9 Third-Party/SEGGER/SEGGER/SEGGER_RTT.o
 .debug_info    0x000083ef     0x3aea Third-Party/SEGGER/SEGGER/SEGGER_SYSVIEW.o
 .debug_info    0x0000bed9      0xe5a src/main.o
 .debug_info    0x0000cd33      0x612 src/system_stm32f4xx.o
 .debug_info    0x0000d345       0x22 startup/startup_stm32.o

.debug_abbrev   0x00000000     0x1c4f
 .debug_abbrev  0x00000000      0x1bf StdPeriph_Driver/src/stm32f4xx_gpio.o
 .debug_abbrev  0x000001bf      0x1d4 StdPeriph_Driver/src/stm32f4xx_rcc.o
 .debug_abbrev  0x00000393      0x187 StdPeriph_Driver/src/stm32f4xx_usart.o
 .debug_abbrev  0x0000051a      0x205 Third-Party/FreeRTOS/org/Source/list.o
 .debug_abbrev  0x0000071f      0x395 Third-Party/FreeRTOS/org/Source/tasks.o
 .debug_abbrev  0x00000ab4      0x210 Third-Party/FreeRTOS/org/Source/portable/GCC/ARM_CM4F/port.o
 .debug_abbrev  0x00000cc4      0x2d4 Third-Party/FreeRTOS/org/Source/portable/MemMang/heap_4.o
 .debug_abbrev  0x00000f98       0xb5 Third-Party/SEGGER/Config/SEGGER_SYSVIEW_Config_FreeRTOS.o
 .debug_abbrev  0x0000104d      0x223 Third-Party/SEGGER/OS/SEGGER_SYSVIEW_FreeRTOS.o
 .debug_abbrev  0x00001270      0x2d6 Third-Party/SEGGER/SEGGER/SEGGER_RTT.o
 .debug_abbrev  0x00001546      0x336 Third-Party/SEGGER/SEGGER/SEGGER_SYSVIEW.o
 .debug_abbrev  0x0000187c      0x264 src/main.o
 .debug_abbrev  0x00001ae0      0x15d src/system_stm32f4xx.o
 .debug_abbrev  0x00001c3d       0x12 startup/startup_stm32.o

.debug_aranges  0x00000000      0xaa0
 .debug_aranges
                0x00000000       0x88 StdPeriph_Driver/src/stm32f4xx_gpio.o
 .debug_aranges
                0x00000088      0x198 StdPeriph_Driver/src/stm32f4xx_rcc.o
 .debug_aranges
                0x00000220      0x100 StdPeriph_Driver/src/stm32f4xx_usart.o
 .debug_aranges
                0x00000320       0x40 Third-Party/FreeRTOS/org/Source/list.o
 .debug_aranges
                0x00000360      0x1e8 Third-Party/FreeRTOS/org/Source/tasks.o
 .debug_aranges
                0x00000548       0x80 Third-Party/FreeRTOS/org/Source/portable/GCC/ARM_CM4F/port.o
 .debug_aranges
                0x000005c8       0x50 Third-Party/FreeRTOS/org/Source/portable/MemMang/heap_4.o
 .debug_aranges
                0x00000618       0x28 Third-Party/SEGGER/Config/SEGGER_SYSVIEW_Config_FreeRTOS.o
 .debug_aranges
                0x00000640       0x48 Third-Party/SEGGER/OS/SEGGER_SYSVIEW_FreeRTOS.o
 .debug_aranges
                0x00000688      0x110 Third-Party/SEGGER/SEGGER/SEGGER_RTT.o
 .debug_aranges
                0x00000798      0x268 Third-Party/SEGGER/SEGGER/SEGGER_SYSVIEW.o
 .debug_aranges
                0x00000a00       0x48 src/main.o
 .debug_aranges
                0x00000a48       0x30 src/system_stm32f4xx.o
 .debug_aranges
                0x00000a78       0x28 startup/startup_stm32.o

.debug_ranges   0x00000000      0x9c8
 .debug_ranges  0x00000000       0x78 StdPeriph_Driver/src/stm32f4xx_gpio.o
 .debug_ranges  0x00000078      0x188 StdPeriph_Driver/src/stm32f4xx_rcc.o
 .debug_ranges  0x00000200       0xf0 StdPeriph_Driver/src/stm32f4xx_usart.o
 .debug_ranges  0x000002f0       0x30 Third-Party/FreeRTOS/org/Source/list.o
 .debug_ranges  0x00000320      0x1d8 Third-Party/FreeRTOS/org/Source/tasks.o
 .debug_ranges  0x000004f8       0x70 Third-Party/FreeRTOS/org/Source/portable/GCC/ARM_CM4F/port.o
 .debug_ranges  0x00000568       0x40 Third-Party/FreeRTOS/org/Source/portable/MemMang/heap_4.o
 .debug_ranges  0x000005a8       0x18 Third-Party/SEGGER/Config/SEGGER_SYSVIEW_Config_FreeRTOS.o
 .debug_ranges  0x000005c0       0x38 Third-Party/SEGGER/OS/SEGGER_SYSVIEW_FreeRTOS.o
 .debug_ranges  0x000005f8      0x100 Third-Party/SEGGER/SEGGER/SEGGER_RTT.o
 .debug_ranges  0x000006f8      0x258 Third-Party/SEGGER/SEGGER/SEGGER_SYSVIEW.o
 .debug_ranges  0x00000950       0x38 src/main.o
 .debug_ranges  0x00000988       0x20 src/system_stm32f4xx.o
 .debug_ranges  0x000009a8       0x20 startup/startup_stm32.o

.debug_macro    0x00000000     0x2843
 .debug_macro   0x00000000      0x186 StdPeriph_Driver/src/stm32f4xx_gpio.o
 .debug_macro   0x00000186      0x2ee StdPeriph_Driver/src/stm32f4xx_gpio.o
 .debug_macro   0x00000474      0x255 StdPeriph_Driver/src/stm32f4xx_rcc.o
 .debug_macro   0x000006c9      0x19e StdPeriph_Driver/src/stm32f4xx_usart.o
 .debug_macro   0x00000867      0x21d StdPeriph_Driver/src/stm32f4xx_usart.o
 .debug_macro   0x00000a84      0x1ba Third-Party/FreeRTOS/org/Source/list.o
 .debug_macro   0x00000c3e      0x2b5 Third-Party/FreeRTOS/org/Source/tasks.o
 .debug_macro   0x00000ef3       0x10 Third-Party/FreeRTOS/org/Source/tasks.o
 .debug_macro   0x00000f03      0x1d6 Third-Party/FreeRTOS/org/Source/portable/GCC/ARM_CM4F/port.o
 .debug_macro   0x000010d9      0x1e1 Third-Party/FreeRTOS/org/Source/portable/MemMang/heap_4.o
 .debug_macro   0x000012ba      0x116 Third-Party/SEGGER/Config/SEGGER_SYSVIEW_Config_FreeRTOS.o
 .debug_macro   0x000013d0      0x1d0 Third-Party/SEGGER/OS/SEGGER_SYSVIEW_FreeRTOS.o
 .debug_macro   0x000015a0      0x164 Third-Party/SEGGER/SEGGER/SEGGER_RTT.o
 .debug_macro   0x00001704       0x4f Third-Party/SEGGER/SEGGER/SEGGER_RTT.o
 .debug_macro   0x00001753      0x115 Third-Party/SEGGER/SEGGER/SEGGER_RTT.o
 .debug_macro   0x00001868      0x1f8 Third-Party/SEGGER/SEGGER/SEGGER_SYSVIEW.o
 .debug_macro   0x00001a60       0x65 Third-Party/SEGGER/SEGGER/SEGGER_SYSVIEW.o
 .debug_macro   0x00001ac5       0x35 Third-Party/SEGGER/SEGGER/SEGGER_SYSVIEW.o
 .debug_macro   0x00001afa      0x11b Third-Party/SEGGER/SEGGER/SEGGER_SYSVIEW.o
 .debug_macro   0x00001c15      0x3b7 src/main.o
 .debug_macro   0x00001fcc       0x16 src/main.o
 .debug_macro   0x00001fe2       0x97 src/main.o
 .debug_macro   0x00002079       0xfd src/main.o
 .debug_macro   0x00002176       0x10 src/main.o
 .debug_macro   0x00002186       0x10 src/main.o
 .debug_macro   0x00002196       0x1c src/main.o
 .debug_macro   0x000021b2       0x52 src/main.o
 .debug_macro   0x00002204       0x40 src/main.o
 .debug_macro   0x00002244       0x10 src/main.o
 .debug_macro   0x00002254       0x40 src/main.o
 .debug_macro   0x00002294       0xd7 src/main.o
 .debug_macro   0x0000236b       0x1c src/main.o
 .debug_macro   0x00002387       0x3d src/main.o
 .debug_macro   0x000023c4       0x16 src/main.o
 .debug_macro   0x000023da      0x16f src/main.o
 .debug_macro   0x00002549      0x112 src/main.o
 .debug_macro   0x0000265b       0x4c src/main.o
 .debug_macro   0x000026a7      0x19c src/system_stm32f4xx.o

.debug_line     0x00000000     0x871c
 .debug_line    0x00000000      0x780 StdPeriph_Driver/src/stm32f4xx_gpio.o
 .debug_line    0x00000780      0xa0a StdPeriph_Driver/src/stm32f4xx_rcc.o
 .debug_line    0x0000118a      0x8c6 StdPeriph_Driver/src/stm32f4xx_usart.o
 .debug_line    0x00001a50      0x78d Third-Party/FreeRTOS/org/Source/list.o
 .debug_line    0x000021dd     0x1436 Third-Party/FreeRTOS/org/Source/tasks.o
 .debug_line    0x00003613      0x8c3 Third-Party/FreeRTOS/org/Source/portable/GCC/ARM_CM4F/port.o
 .debug_line    0x00003ed6      0x873 Third-Party/FreeRTOS/org/Source/portable/MemMang/heap_4.o
 .debug_line    0x00004749      0x6ae Third-Party/SEGGER/Config/SEGGER_SYSVIEW_Config_FreeRTOS.o
 .debug_line    0x00004df7      0x81f Third-Party/SEGGER/OS/SEGGER_SYSVIEW_FreeRTOS.o
 .debug_line    0x00005616      0x7eb Third-Party/SEGGER/SEGGER/SEGGER_RTT.o
 .debug_line    0x00005e01     0x16be Third-Party/SEGGER/SEGGER/SEGGER_SYSVIEW.o
 .debug_line    0x000074bf      0xb6e src/main.o
 .debug_line    0x0000802d      0x673 src/system_stm32f4xx.o
 .debug_line    0x000086a0       0x7c startup/startup_stm32.o

.debug_str      0x00000000    0x646d4
 .debug_str     0x00000000    0x53327 StdPeriph_Driver/src/stm32f4xx_gpio.o
                              0x53526 (size before relaxing)
 .debug_str     0x00053327      0xd01 StdPeriph_Driver/src/stm32f4xx_rcc.o
                              0x53f7d (size before relaxing)
 .debug_str     0x00054028      0x53a StdPeriph_Driver/src/stm32f4xx_usart.o
                              0x53839 (size before relaxing)
 .debug_str     0x00054562     0x9b34 Third-Party/FreeRTOS/org/Source/list.o
                               0xd89a (size before relaxing)
 .debug_str     0x0005e096     0x23af Third-Party/FreeRTOS/org/Source/tasks.o
                               0xfc8b (size before relaxing)
 .debug_str     0x00060445      0x7fb Third-Party/FreeRTOS/org/Source/portable/GCC/ARM_CM4F/port.o
                               0xb964 (size before relaxing)
 .debug_str     0x00060c40      0x252 Third-Party/FreeRTOS/org/Source/portable/MemMang/heap_4.o
                               0xdfbd (size before relaxing)
 .debug_str     0x00060e92      0x174 Third-Party/SEGGER/Config/SEGGER_SYSVIEW_Config_FreeRTOS.o
                               0xa4b7 (size before relaxing)
 .debug_str     0x00061006       0xfb Third-Party/SEGGER/OS/SEGGER_SYSVIEW_FreeRTOS.o
                               0xddbd (size before relaxing)
 .debug_str     0x00061101      0xdca Third-Party/SEGGER/SEGGER/SEGGER_RTT.o
                               0x6dea (size before relaxing)
 .debug_str     0x00061ecb     0x12fc Third-Party/SEGGER/SEGGER/SEGGER_SYSVIEW.o
                               0x8d90 (size before relaxing)
 .debug_str     0x000631c7     0x13c9 src/main.o
                              0x5e7ff (size before relaxing)
 .debug_str     0x00064590      0x11b src/system_stm32f4xx.o
                              0x53479 (size before relaxing)
 .debug_str     0x000646ab       0x29 startup/startup_stm32.o
                                 0x89 (size before relaxing)

.comment        0x00000000       0x7f
 .comment       0x00000000       0x7f StdPeriph_Driver/src/stm32f4xx_gpio.o
                                 0x80 (size before relaxing)
 .comment       0x0000007f       0x80 StdPeriph_Driver/src/stm32f4xx_rcc.o
 .comment       0x0000007f       0x80 StdPeriph_Driver/src/stm32f4xx_usart.o
 .comment       0x0000007f       0x80 Third-Party/FreeRTOS/org/Source/list.o
 .comment       0x0000007f       0x80 Third-Party/FreeRTOS/org/Source/tasks.o
 .comment       0x0000007f       0x80 Third-Party/FreeRTOS/org/Source/portable/GCC/ARM_CM4F/port.o
 .comment       0x0000007f       0x80 Third-Party/FreeRTOS/org/Source/portable/MemMang/heap_4.o
 .comment       0x0000007f       0x80 Third-Party/SEGGER/Config/SEGGER_SYSVIEW_Config_FreeRTOS.o
 .comment       0x0000007f       0x80 Third-Party/SEGGER/OS/SEGGER_SYSVIEW_FreeRTOS.o
 .comment       0x0000007f       0x80 Third-Party/SEGGER/SEGGER/SEGGER_RTT.o
 .comment       0x0000007f       0x80 Third-Party/SEGGER/SEGGER/SEGGER_SYSVIEW.o
 .comment       0x0000007f       0x80 src/main.o
 .comment       0x0000007f       0x80 src/system_stm32f4xx.o

.debug_frame    0x00000000     0x2ed4
 .debug_frame   0x00000000      0x23c StdPeriph_Driver/src/stm32f4xx_gpio.o
 .debug_frame   0x0000023c      0x774 StdPeriph_Driver/src/stm32f4xx_rcc.o
 .debug_frame   0x000009b0      0x490 StdPeriph_Driver/src/stm32f4xx_usart.o
 .debug_frame   0x00000e40       0xd8 Third-Party/FreeRTOS/org/Source/list.o
 .debug_frame   0x00000f18      0x870 Third-Party/FreeRTOS/org/Source/tasks.o
 .debug_frame   0x00001788      0x1a8 Third-Party/FreeRTOS/org/Source/portable/GCC/ARM_CM4F/port.o
 .debug_frame   0x00001930      0x108 Third-Party/FreeRTOS/org/Source/portable/MemMang/heap_4.o
 .debug_frame   0x00001a38       0x48 Third-Party/SEGGER/Config/SEGGER_SYSVIEW_Config_FreeRTOS.o
 .debug_frame   0x00001a80      0x100 Third-Party/SEGGER/OS/SEGGER_SYSVIEW_FreeRTOS.o
 .debug_frame   0x00001b80      0x478 Third-Party/SEGGER/SEGGER/SEGGER_RTT.o
 .debug_frame   0x00001ff8      0xb5c Third-Party/SEGGER/SEGGER/SEGGER_SYSVIEW.o
 .debug_frame   0x00002b54       0xd4 src/main.o
 .debug_frame   0x00002c28       0x7c src/system_stm32f4xx.o
 .debug_frame   0x00002ca4       0x2c c:/ac6/systemworkbench/plugins/fr.ac6.mcu.externaltools.arm-none.win32_1.17.0.201812190825/tools/compiler/bin/../lib/gcc/arm-none-eabi/7.3.1/../../../../arm-none-eabi/lib/thumb/v7e-m/fpv4-sp/hard\libc.a(lib_a-init.o)
 .debug_frame   0x00002cd0       0x38 c:/ac6/systemworkbench/plugins/fr.ac6.mcu.externaltools.arm-none.win32_1.17.0.201812190825/tools/compiler/bin/../lib/gcc/arm-none-eabi/7.3.1/../../../../arm-none-eabi/lib/thumb/v7e-m/fpv4-sp/hard\libc.a(lib_a-memcmp.o)
 .debug_frame   0x00002d08       0x38 c:/ac6/systemworkbench/plugins/fr.ac6.mcu.externaltools.arm-none.win32_1.17.0.201812190825/tools/compiler/bin/../lib/gcc/arm-none-eabi/7.3.1/../../../../arm-none-eabi/lib/thumb/v7e-m/fpv4-sp/hard\libc.a(lib_a-memset.o)
 .debug_frame   0x00002d40       0x5c c:/ac6/systemworkbench/plugins/fr.ac6.mcu.externaltools.arm-none.win32_1.17.0.201812190825/tools/compiler/bin/../lib/gcc/arm-none-eabi/7.3.1/../../../../arm-none-eabi/lib/thumb/v7e-m/fpv4-sp/hard\libc.a(lib_a-__call_atexit.o)
 .debug_frame   0x00002d9c       0x20 c:/ac6/systemworkbench/plugins/fr.ac6.mcu.externaltools.arm-none.win32_1.17.0.201812190825/tools/compiler/bin/../lib/gcc/arm-none-eabi/7.3.1/../../../../arm-none-eabi/lib/thumb/v7e-m/fpv4-sp/hard\libc.a(lib_a-atexit.o)
 .debug_frame   0x00002dbc       0x34 c:/ac6/systemworkbench/plugins/fr.ac6.mcu.externaltools.arm-none.win32_1.17.0.201812190825/tools/compiler/bin/../lib/gcc/arm-none-eabi/7.3.1/../../../../arm-none-eabi/lib/thumb/v7e-m/fpv4-sp/hard\libc.a(lib_a-fini.o)
 .debug_frame   0x00002df0       0xb0 c:/ac6/systemworkbench/plugins/fr.ac6.mcu.externaltools.arm-none.win32_1.17.0.201812190825/tools/compiler/bin/../lib/gcc/arm-none-eabi/7.3.1/../../../../arm-none-eabi/lib/thumb/v7e-m/fpv4-sp/hard\libc.a(lib_a-lock.o)
 .debug_frame   0x00002ea0       0x34 c:/ac6/systemworkbench/plugins/fr.ac6.mcu.externaltools.arm-none.win32_1.17.0.201812190825/tools/compiler/bin/../lib/gcc/arm-none-eabi/7.3.1/../../../../arm-none-eabi/lib/thumb/v7e-m/fpv4-sp/hard\libc.a(lib_a-__atexit.o)
