Archive member included to satisfy reference by file (symbol)

c:/ac6/systemworkbench/plugins/fr.ac6.mcu.externaltools.arm-none.win32_1.17.0.201812190825/tools/compiler/bin/../lib/gcc/arm-none-eabi/7.3.1/../../../../arm-none-eabi/lib/thumb/v7e-m/fpv4-sp/hard\libc.a(lib_a-exit.o)
                              c:/ac6/systemworkbench/plugins/fr.ac6.mcu.externaltools.arm-none.win32_1.17.0.201812190825/tools/compiler/bin/../lib/gcc/arm-none-eabi/7.3.1/../../../../arm-none-eabi/lib/thumb/v7e-m/fpv4-sp/hard/rdimon-crt0.o (exit)
c:/ac6/systemworkbench/plugins/fr.ac6.mcu.externaltools.arm-none.win32_1.17.0.201812190825/tools/compiler/bin/../lib/gcc/arm-none-eabi/7.3.1/../../../../arm-none-eabi/lib/thumb/v7e-m/fpv4-sp/hard\libc.a(lib_a-impure.o)
                              c:/ac6/systemworkbench/plugins/fr.ac6.mcu.externaltools.arm-none.win32_1.17.0.201812190825/tools/compiler/bin/../lib/gcc/arm-none-eabi/7.3.1/../../../../arm-none-eabi/lib/thumb/v7e-m/fpv4-sp/hard\libc.a(lib_a-exit.o) (_global_impure_ptr)
c:/ac6/systemworkbench/plugins/fr.ac6.mcu.externaltools.arm-none.win32_1.17.0.201812190825/tools/compiler/bin/../lib/gcc/arm-none-eabi/7.3.1/../../../../arm-none-eabi/lib/thumb/v7e-m/fpv4-sp/hard\libc.a(lib_a-init.o)
                              c:/ac6/systemworkbench/plugins/fr.ac6.mcu.externaltools.arm-none.win32_1.17.0.201812190825/tools/compiler/bin/../lib/gcc/arm-none-eabi/7.3.1/../../../../arm-none-eabi/lib/thumb/v7e-m/fpv4-sp/hard/rdimon-crt0.o (__libc_init_array)
c:/ac6/systemworkbench/plugins/fr.ac6.mcu.externaltools.arm-none.win32_1.17.0.201812190825/tools/compiler/bin/../lib/gcc/arm-none-eabi/7.3.1/../../../../arm-none-eabi/lib/thumb/v7e-m/fpv4-sp/hard\libc.a(lib_a-memset.o)
                              c:/ac6/systemworkbench/plugins/fr.ac6.mcu.externaltools.arm-none.win32_1.17.0.201812190825/tools/compiler/bin/../lib/gcc/arm-none-eabi/7.3.1/../../../../arm-none-eabi/lib/thumb/v7e-m/fpv4-sp/hard/rdimon-crt0.o (memset)
c:/ac6/systemworkbench/plugins/fr.ac6.mcu.externaltools.arm-none.win32_1.17.0.201812190825/tools/compiler/bin/../lib/gcc/arm-none-eabi/7.3.1/../../../../arm-none-eabi/lib/thumb/v7e-m/fpv4-sp/hard\libc.a(lib_a-__call_atexit.o)
                              c:/ac6/systemworkbench/plugins/fr.ac6.mcu.externaltools.arm-none.win32_1.17.0.201812190825/tools/compiler/bin/../lib/gcc/arm-none-eabi/7.3.1/../../../../arm-none-eabi/lib/thumb/v7e-m/fpv4-sp/hard\libc.a(lib_a-exit.o) (__call_exitprocs)
c:/ac6/systemworkbench/plugins/fr.ac6.mcu.externaltools.arm-none.win32_1.17.0.201812190825/tools/compiler/bin/../lib/gcc/arm-none-eabi/7.3.1/../../../../arm-none-eabi/lib/thumb/v7e-m/fpv4-sp/hard\libc.a(lib_a-atexit.o)
                              c:/ac6/systemworkbench/plugins/fr.ac6.mcu.externaltools.arm-none.win32_1.17.0.201812190825/tools/compiler/bin/../lib/gcc/arm-none-eabi/7.3.1/../../../../arm-none-eabi/lib/thumb/v7e-m/fpv4-sp/hard\libc.a(lib_a-__call_atexit.o) (atexit)
c:/ac6/systemworkbench/plugins/fr.ac6.mcu.externaltools.arm-none.win32_1.17.0.201812190825/tools/compiler/bin/../lib/gcc/arm-none-eabi/7.3.1/../../../../arm-none-eabi/lib/thumb/v7e-m/fpv4-sp/hard\libc.a(lib_a-fini.o)
                              c:/ac6/systemworkbench/plugins/fr.ac6.mcu.externaltools.arm-none.win32_1.17.0.201812190825/tools/compiler/bin/../lib/gcc/arm-none-eabi/7.3.1/../../../../arm-none-eabi/lib/thumb/v7e-m/fpv4-sp/hard\libc.a(lib_a-__call_atexit.o) (__libc_fini_array)
c:/ac6/systemworkbench/plugins/fr.ac6.mcu.externaltools.arm-none.win32_1.17.0.201812190825/tools/compiler/bin/../lib/gcc/arm-none-eabi/7.3.1/../../../../arm-none-eabi/lib/thumb/v7e-m/fpv4-sp/hard\libc.a(lib_a-lock.o)
                              c:/ac6/systemworkbench/plugins/fr.ac6.mcu.externaltools.arm-none.win32_1.17.0.201812190825/tools/compiler/bin/../lib/gcc/arm-none-eabi/7.3.1/../../../../arm-none-eabi/lib/thumb/v7e-m/fpv4-sp/hard\libc.a(lib_a-__call_atexit.o) (__retarget_lock_acquire_recursive)
c:/ac6/systemworkbench/plugins/fr.ac6.mcu.externaltools.arm-none.win32_1.17.0.201812190825/tools/compiler/bin/../lib/gcc/arm-none-eabi/7.3.1/../../../../arm-none-eabi/lib/thumb/v7e-m/fpv4-sp/hard\libc.a(lib_a-__atexit.o)
                              c:/ac6/systemworkbench/plugins/fr.ac6.mcu.externaltools.arm-none.win32_1.17.0.201812190825/tools/compiler/bin/../lib/gcc/arm-none-eabi/7.3.1/../../../../arm-none-eabi/lib/thumb/v7e-m/fpv4-sp/hard\libc.a(lib_a-atexit.o) (__register_exitproc)
c:/ac6/systemworkbench/plugins/fr.ac6.mcu.externaltools.arm-none.win32_1.17.0.201812190825/tools/compiler/bin/../lib/gcc/arm-none-eabi/7.3.1/../../../../arm-none-eabi/lib/thumb/v7e-m/fpv4-sp/hard\librdimon.a(rdimon-syscalls.o)
                              c:/ac6/systemworkbench/plugins/fr.ac6.mcu.externaltools.arm-none.win32_1.17.0.201812190825/tools/compiler/bin/../lib/gcc/arm-none-eabi/7.3.1/../../../../arm-none-eabi/lib/thumb/v7e-m/fpv4-sp/hard/rdimon-crt0.o (initialise_monitor_handles)
[...]
Memory Configuration

Name             Origin             Length             Attributes
RAM              0x20000000         0x00018000         xrw
ROM              0x08000000         0x00080000         xr
*default*        0x00000000         0xffffffff

Linker script and memory map

LOAD c:/ac6/systemworkbench/plugins/fr.ac6.mcu.externaltools.arm-none.win32_1.17.0.201812190825/tools/compiler/bin/../lib/gcc/arm-none-eabi/7.3.1/thumb/v7e-m/fpv4-sp/hard/crti.o
LOAD c:/ac6/systemworkbench/plugins/fr.ac6.mcu.externaltools.arm-none.win32_1.17.0.201812190825/tools/compiler/bin/../lib/gcc/arm-none-eabi/7.3.1/thumb/v7e-m/fpv4-sp/hard/crtbegin.o
LOAD c:/ac6/systemworkbench/plugins/fr.ac6.mcu.externaltools.arm-none.win32_1.17.0.201812190825/tools/compiler/bin/../lib/gcc/arm-none-eabi/7.3.1/../../../../arm-none-eabi/lib/thumb/v7e-m/fpv4-sp/hard/rdimon-crt0.o
LOAD c:/ac6/systemworkbench/plugins/fr.ac6.mcu.externaltools.arm-none.win32_1.17.0.201812190825/tools/compiler/bin/../lib/gcc/arm-none-eabi/7.3.1/../../../../arm-none-eabi/lib/thumb/v7e-m/fpv4-sp/hard\libc.a
LOAD c:/ac6/systemworkbench/plugins/fr.ac6.mcu.externaltools.arm-none.win32_1.17.0.201812190825/tools/compiler/bin/../lib/gcc/arm-none-eabi/7.3.1/../../../../arm-none-eabi/lib/thumb/v7e-m/fpv4-sp/hard\librdimon.a
LOAD StdPeriph_Driver/src/misc.o
LOAD StdPeriph_Driver/src/stm32f4xx_adc.o
LOAD StdPeriph_Driver/src/stm32f4xx_can.o
LOAD StdPeriph_Driver/src/stm32f4xx_cec.o
LOAD StdPeriph_Driver/src/stm32f4xx_crc.o
LOAD StdPeriph_Driver/src/stm32f4xx_cryp.o
LOAD StdPeriph_Driver/src/stm32f4xx_cryp_aes.o
LOAD StdPeriph_Driver/src/stm32f4xx_cryp_des.o
LOAD StdPeriph_Driver/src/stm32f4xx_cryp_tdes.o
LOAD StdPeriph_Driver/src/stm32f4xx_dac.o
LOAD StdPeriph_Driver/src/stm32f4xx_dbgmcu.o
LOAD StdPeriph_Driver/src/stm32f4xx_dcmi.o
LOAD StdPeriph_Driver/src/stm32f4xx_dfsdm.o
LOAD StdPeriph_Driver/src/stm32f4xx_dma.o
LOAD StdPeriph_Driver/src/stm32f4xx_dma2d.o
LOAD StdPeriph_Driver/src/stm32f4xx_dsi.o
LOAD StdPeriph_Driver/src/stm32f4xx_exti.o
LOAD StdPeriph_Driver/src/stm32f4xx_flash.o
LOAD StdPeriph_Driver/src/stm32f4xx_flash_ramfunc.o
LOAD StdPeriph_Driver/src/stm32f4xx_fmc.o
LOAD StdPeriph_Driver/src/stm32f4xx_fmip2c.o
LOAD StdPeriph_Driver/src/stm32f4xx_fsmc.o
LOAD StdPeriph_Driver/src/stm32f4xx_gpio.o
LOAD StdPeriph_Driver/src/stm32f4xx_hash.o
LOAD StdPeriph_Driver/src/stm32f4xx_hash_md5.o
LOAD StdPeriph_Driver/src/stm32f4xx_hash_sha1.o
LOAD StdPeriph_Driver/src/stm32f4xx_i2c.o
LOAD StdPeriph_Driver/src/stm32f4xx_iwdg.o
LOAD StdPeriph_Driver/src/stm32f4xx_lptim.o
LOAD StdPeriph_Driver/src/stm32f4xx_ltdc.o
LOAD StdPeriph_Driver/src/stm32f4xx_pwr.o
LOAD StdPeriph_Driver/src/stm32f4xx_qspi.o
LOAD StdPeriph_Driver/src/stm32f4xx_rcc.o
LOAD StdPeriph_Driver/src/stm32f4xx_rng.o
LOAD StdPeriph_Driver/src/stm32f4xx_rtc.o
LOAD StdPeriph_Driver/src/stm32f4xx_sai.o
LOAD StdPeriph_Driver/src/stm32f4xx_sdio.o
LOAD StdPeriph_Driver/src/stm32f4xx_spdifrx.o
LOAD StdPeriph_Driver/src/stm32f4xx_spi.o
LOAD StdPeriph_Driver/src/stm32f4xx_syscfg.o
LOAD StdPeriph_Driver/src/stm32f4xx_tim.o
LOAD StdPeriph_Driver/src/stm32f4xx_usart.o
LOAD StdPeriph_Driver/src/stm32f4xx_wwdg.o
LOAD Third-Party/FreeRTOS/org/Source/croutine.o
LOAD Third-Party/FreeRTOS/org/Source/event_groups.o
LOAD Third-Party/FreeRTOS/org/Source/list.o
LOAD Third-Party/FreeRTOS/org/Source/queue.o
LOAD Third-Party/FreeRTOS/org/Source/stream_buffer.o
LOAD Third-Party/FreeRTOS/org/Source/tasks.o
LOAD Third-Party/FreeRTOS/org/Source/timers.o
LOAD Third-Party/FreeRTOS/org/Source/portable/GCC/ARM_CM4F/port.o
LOAD Third-Party/FreeRTOS/org/Source/portable/MemMang/heap_4.o
LOAD Third-Party/SEGGER/Config/SEGGER_SYSVIEW_Config_FreeRTOS.o
LOAD Third-Party/SEGGER/OS/SEGGER_SYSVIEW_FreeRTOS.o
LOAD Third-Party/SEGGER/SEGGER/SEGGER_RTT.o
LOAD Third-Party/SEGGER/SEGGER/SEGGER_SYSVIEW.o
LOAD src/main.o
LOAD src/system_stm32f4xx.o
LOAD startup/startup_stm32.o
LOAD c:/ac6/systemworkbench/plugins/fr.ac6.mcu.externaltools.arm-none.win32_1.17.0.201812190825/tools/compiler/bin/../lib/gcc/arm-none-eabi/7.3.1/../../../../arm-none-eabi/lib/thumb/v7e-m/fpv4-sp/hard\libm.a
START GROUP
LOAD c:/ac6/systemworkbench/plugins/fr.ac6.mcu.externaltools.arm-none.win32_1.17.0.201812190825/tools/compiler/bin/../lib/gcc/arm-none-eabi/7.3.1/thumb/v7e-m/fpv4-sp/hard\libgcc.a
LOAD c:/ac6/systemworkbench/plugins/fr.ac6.mcu.externaltools.arm-none.win32_1.17.0.201812190825/tools/compiler/bin/../lib/gcc/arm-none-eabi/7.3.1/../../../../arm-none-eabi/lib/thumb/v7e-m/fpv4-sp/hard\libc.a
END GROUP
START GROUP
LOAD c:/ac6/systemworkbench/plugins/fr.ac6.mcu.externaltools.arm-none.win32_1.17.0.201812190825/tools/compiler/bin/../lib/gcc/arm-none-eabi/7.3.1/thumb/v7e-m/fpv4-sp/hard\libgcc.a
LOAD c:/ac6/systemworkbench/plugins/fr.ac6.mcu.externaltools.arm-none.win32_1.17.0.201812190825/tools/compiler/bin/../lib/gcc/arm-none-eabi/7.3.1/../../../../arm-none-eabi/lib/thumb/v7e-m/fpv4-sp/hard\libc.a
LOAD c:/ac6/systemworkbench/plugins/fr.ac6.mcu.externaltools.arm-none.win32_1.17.0.201812190825/tools/compiler/bin/../lib/gcc/arm-none-eabi/7.3.1/../../../../arm-none-eabi/lib/thumb/v7e-m/fpv4-sp/hard\librdimon.a
END GROUP
LOAD c:/ac6/systemworkbench/plugins/fr.ac6.mcu.externaltools.arm-none.win32_1.17.0.201812190825/tools/compiler/bin/../lib/gcc/arm-none-eabi/7.3.1/thumb/v7e-m/fpv4-sp/hard/crtend.o
LOAD c:/ac6/systemworkbench/plugins/fr.ac6.mcu.externaltools.arm-none.win32_1.17.0.201812190825/tools/compiler/bin/../lib/gcc/arm-none-eabi/7.3.1/thumb/v7e-m/fpv4-sp/hard/crtn.o
                0x20018000                _estack = 0x20018000
                0x00000000                _Min_Heap_Size = 0x0
                0x00000400                _Min_Stack_Size = 0x400

.isr_vector     0x08000000      0x1c4
                0x08000000                . = ALIGN (0x4)
 *(.isr_vector)
 .isr_vector    0x08000000      0x1c4 startup/startup_stm32.o
                0x08000000                g_pfnVectors
                0x080001c4                . = ALIGN (0x4)

.text           0x08000200     0x3944
                0x08000200                . = ALIGN (0x4)
 *(.text)
 .text          0x08000200       0x40 c:/ac6/systemworkbench/plugins/fr.ac6.mcu.externaltools.arm-none.win32_1.17.0.201812190825/tools/compiler/bin/../lib/gcc/arm-none-eabi/7.3.1/thumb/v7e-m/fpv4-sp/hard/crtbegin.o
 .text          0x08000240      0x134 c:/ac6/systemworkbench/plugins/fr.ac6.mcu.externaltools.arm-none.win32_1.17.0.201812190825/tools/compiler/bin/../lib/gcc/arm-none-eabi/7.3.1/../../../../arm-none-eabi/lib/thumb/v7e-m/fpv4-sp/hard\libc.a(lib_a-memcpy.o)
                0x08000240                memcpy
 *fill*         0x08000374        0xc 
 .text          0x08000380       0xdc c:/ac6/systemworkbench/plugins/fr.ac6.mcu.externaltools.arm-none.win32_1.17.0.201812190825/tools/compiler/bin/../lib/gcc/arm-none-eabi/7.3.1/../../../../arm-none-eabi/lib/thumb/v7e-m/fpv4-sp/hard\libc.a(lib_a-strlen.o)
                0x08000380                strlen
 *(.text*)
 .text.__libc_init_array
                0x0800045c       0x48 c:/ac6/systemworkbench/plugins/fr.ac6.mcu.externaltools.arm-none.win32_1.17.0.201812190825/tools/compiler/bin/../lib/gcc/arm-none-eabi/7.3.1/../../../../arm-none-eabi/lib/thumb/v7e-m/fpv4-sp/hard\libc.a(lib_a-init.o)
                0x0800045c                __libc_init_array
 .text.memset   0x080004a4       0x94 c:/ac6/systemworkbench/plugins/fr.ac6.mcu.externaltools.arm-none.win32_1.17.0.201812190825/tools/compiler/bin/../lib/gcc/arm-none-eabi/7.3.1/../../../../arm-none-eabi/lib/thumb/v7e-m/fpv4-sp/hard\libc.a(lib_a-memset.o)
                0x080004a4                memset
 .text.startup.register_fini
                0x08000538       0x14 c:/ac6/systemworkbench/plugins/fr.ac6.mcu.externaltools.arm-none.win32_1.17.0.201812190825/tools/compiler/bin/../lib/gcc/arm-none-eabi/7.3.1/../../../../arm-none-eabi/lib/thumb/v7e-m/fpv4-sp/hard\libc.a(lib_a-__call_atexit.o)
 .text.atexit   0x0800054c        0xc c:/ac6/systemworkbench/plugins/fr.ac6.mcu.externaltools.arm-none.win32_1.17.0.201812190825/tools/compiler/bin/../lib/gcc/arm-none-eabi/7.3.1/../../../../arm-none-eabi/lib/thumb/v7e-m/fpv4-sp/hard\libc.a(lib_a-atexit.o)
                0x0800054c                atexit
 .text.__libc_fini_array
                0x08000558       0x34 c:/ac6/systemworkbench/plugins/fr.ac6.mcu.externaltools.arm-none.win32_1.17.0.201812190825/tools/compiler/bin/../lib/gcc/arm-none-eabi/7.3.1/../../../../arm-none-eabi/lib/thumb/v7e-m/fpv4-sp/hard\libc.a(lib_a-fini.o)
                0x08000558                __libc_fini_array
 .text.__retarget_lock_acquire_recursive
                0x0800058c        0x4 c:/ac6/systemworkbench/plugins/fr.ac6.mcu.externaltools.arm-none.win32_1.17.0.201812190825/tools/compiler/bin/../lib/gcc/arm-none-eabi/7.3.1/../../../../arm-none-eabi/lib/thumb/v7e-m/fpv4-sp/hard\libc.a(lib_a-lock.o)
                0x0800058c                __retarget_lock_acquire_recursive
 .text.__retarget_lock_release_recursive
                0x08000590        0x4 c:/ac6/systemworkbench/plugins/fr.ac6.mcu.externaltools.arm-none.win32_1.17.0.201812190825/tools/compiler/bin/../lib/gcc/arm-none-eabi/7.3.1/../../../../arm-none-eabi/lib/thumb/v7e-m/fpv4-sp/hard\libc.a(lib_a-lock.o)
                0x08000590                __retarget_lock_release_recursive
 .text.__register_exitproc
                0x08000594       0xc0 c:/ac6/systemworkbench/plugins/fr.ac6.mcu.externaltools.arm-none.win32_1.17.0.201812190825/tools/compiler/bin/../lib/gcc/arm-none-eabi/7.3.1/../../../../arm-none-eabi/lib/thumb/v7e-m/fpv4-sp/hard\libc.a(lib_a-__atexit.o)
                0x08000594                __register_exitproc
 .text.GPIO_Init
                0x08000654      0x11c StdPeriph_Driver/src/stm32f4xx_gpio.o
                0x08000654                GPIO_Init
 .text.GPIO_PinAFConfig
                0x08000770       0x92 StdPeriph_Driver/src/stm32f4xx_gpio.o
                0x08000770                GPIO_PinAFConfig
 *fill*         0x08000802        0x2 
 .text.RCC_DeInit
                0x08000804       0x64 StdPeriph_Driver/src/stm32f4xx_rcc.o
                0x08000804                RCC_DeInit
 .text.RCC_GetClocksFreq
                0x08000868      0x150 StdPeriph_Driver/src/stm32f4xx_rcc.o
                0x08000868                RCC_GetClocksFreq
 .text.RCC_AHB1PeriphClockCmd
                0x080009b8       0x40 StdPeriph_Driver/src/stm32f4xx_rcc.o
                0x080009b8                RCC_AHB1PeriphClockCmd
 .text.RCC_APB1PeriphClockCmd
                0x080009f8       0x40 StdPeriph_Driver/src/stm32f4xx_rcc.o
                0x080009f8                RCC_APB1PeriphClockCmd
 .text.USART_Init
                0x08000a38      0x174 StdPeriph_Driver/src/stm32f4xx_usart.o
                0x08000a38                USART_Init
 .text.USART_Cmd
                0x08000bac       0x40 StdPeriph_Driver/src/stm32f4xx_usart.o
                0x08000bac                USART_Cmd
 .text.USART_SendData
                0x08000bec       0x24 StdPeriph_Driver/src/stm32f4xx_usart.o
                0x08000bec                USART_SendData
 .text.USART_GetFlagStatus
                0x08000c10       0x38 StdPeriph_Driver/src/stm32f4xx_usart.o
                0x08000c10                USART_GetFlagStatus
 .text.vListInitialise
                0x08000c48       0x40 Third-Party/FreeRTOS/org/Source/list.o
                0x08000c48                vListInitialise
 .text.vListInitialiseItem
                0x08000c88       0x1a Third-Party/FreeRTOS/org/Source/list.o
                0x08000c88                vListInitialiseItem
 .text.vListInsertEnd
                0x08000ca2       0x48 Third-Party/FreeRTOS/org/Source/list.o
                0x08000ca2                vListInsertEnd
 .text.uxListRemove
                0x08000cea       0x54 Third-Party/FreeRTOS/org/Source/list.o
                0x08000cea                uxListRemove
 .text.xTaskCreate
                0x08000d3e       0x82 Third-Party/FreeRTOS/org/Source/tasks.o
                0x08000d3e                xTaskCreate
 .text.prvInitialiseNewTask
                0x08000dc0      0x126 Third-Party/FreeRTOS/org/Source/tasks.o
 *fill*         0x08000ee6        0x2 
 .text.prvAddNewTaskToReadyList
                0x08000ee8       0xfc Third-Party/FreeRTOS/org/Source/tasks.o
 .text.vTaskStartScheduler
                0x08000fe4       0xac Third-Party/FreeRTOS/org/Source/tasks.o
                0x08000fe4                vTaskStartScheduler
 .text.vTaskSuspendAll
                0x08001090       0x1c Third-Party/FreeRTOS/org/Source/tasks.o
                0x08001090                vTaskSuspendAll
 .text.xTaskResumeAll
                0x080010ac      0x124 Third-Party/FreeRTOS/org/Source/tasks.o
                0x080010ac                xTaskResumeAll
 .text.xTaskGetTickCountFromISR
                0x080011d0       0x24 Third-Party/FreeRTOS/org/Source/tasks.o
                0x080011d0                xTaskGetTickCountFromISR
 .text.xTaskIncrementTick
                0x080011f4      0x130 Third-Party/FreeRTOS/org/Source/tasks.o
                0x080011f4                xTaskIncrementTick
 .text.vTaskSwitchContext
                0x08001324       0xd0 Third-Party/FreeRTOS/org/Source/tasks.o
                0x08001324                vTaskSwitchContext
 .text.prvIdleTask
                0x080013f4       0x24 Third-Party/FreeRTOS/org/Source/tasks.o
 .text.prvInitialiseTaskLists
                0x08001418       0x80 Third-Party/FreeRTOS/org/Source/tasks.o
 .text.prvCheckTasksWaitingTermination
                0x08001498       0x58 Third-Party/FreeRTOS/org/Source/tasks.o
 .text.prvDeleteTCB
                0x080014f0       0x20 Third-Party/FreeRTOS/org/Source/tasks.o
 .text.prvResetNextTaskUnblockTime
                0x08001510       0x40 Third-Party/FreeRTOS/org/Source/tasks.o
 .text.pxPortInitialiseStack
                0x08001550       0x68 Third-Party/FreeRTOS/org/Source/portable/GCC/ARM_CM4F/port.o
                0x08001550                pxPortInitialiseStack
 .text.prvTaskExitError
                0x080015b8       0x54 Third-Party/FreeRTOS/org/Source/portable/GCC/ARM_CM4F/port.o
 *fill*         0x0800160c        0x4 
 .text.SVC_Handler
                0x08001610       0x28 Third-Party/FreeRTOS/org/Source/portable/GCC/ARM_CM4F/port.o
                0x08001610                SVC_Handler
 .text.prvPortStartFirstTask
                0x08001638       0x28 Third-Party/FreeRTOS/org/Source/portable/GCC/ARM_CM4F/port.o
 .text.xPortStartScheduler
                0x08001660      0x13c Third-Party/FreeRTOS/org/Source/portable/GCC/ARM_CM4F/port.o
                0x08001660                xPortStartScheduler
 .text.vPortEnterCritical
                0x0800179c       0x5c Third-Party/FreeRTOS/org/Source/portable/GCC/ARM_CM4F/port.o
                0x0800179c                vPortEnterCritical
 .text.vPortExitCritical
                0x080017f8       0x50 Third-Party/FreeRTOS/org/Source/portable/GCC/ARM_CM4F/port.o
                0x080017f8                vPortExitCritical
 *fill*         0x08001848        0x8 
 .text.PendSV_Handler
                0x08001850       0x68 Third-Party/FreeRTOS/org/Source/portable/GCC/ARM_CM4F/port.o
                0x08001850                PendSV_Handler
 .text.SysTick_Handler
                0x080018b8       0x50 Third-Party/FreeRTOS/org/Source/portable/GCC/ARM_CM4F/port.o
                0x080018b8                SysTick_Handler
 .text.vPortSetupTimerInterrupt
                0x08001908       0x48 Third-Party/FreeRTOS/org/Source/portable/GCC/ARM_CM4F/port.o
                0x08001908                vPortSetupTimerInterrupt
 .text.vPortEnableVFP
                0x08001950       0x14 Third-Party/FreeRTOS/org/Source/portable/GCC/ARM_CM4F/port.o
 .text.vPortValidateInterruptPriority
                0x08001964       0x7c Third-Party/FreeRTOS/org/Source/portable/GCC/ARM_CM4F/port.o
                0x08001964                vPortValidateInterruptPriority
 .text.pvPortMalloc
                0x080019e0      0x184 Third-Party/FreeRTOS/org/Source/portable/MemMang/heap_4.o
                0x080019e0                pvPortMalloc
 .text.vPortFree
                0x08001b64       0xb0 Third-Party/FreeRTOS/org/Source/portable/MemMang/heap_4.o
                0x08001b64                vPortFree
 .text.prvHeapInit
                0x08001c14       0xc4 Third-Party/FreeRTOS/org/Source/portable/MemMang/heap_4.o
 .text.prvInsertBlockIntoFreeList
                0x08001cd8       0xb4 Third-Party/FreeRTOS/org/Source/portable/MemMang/heap_4.o
 .text._cbSendSystemDesc
                0x08001d8c       0x1c Third-Party/SEGGER/Config/SEGGER_SYSVIEW_Config_FreeRTOS.o
 .text.SEGGER_SYSVIEW_Conf
                0x08001da8       0x2c Third-Party/SEGGER/Config/SEGGER_SYSVIEW_Config_FreeRTOS.o
                0x08001da8                SEGGER_SYSVIEW_Conf
 .text._cbSendTaskList
                0x08001dd4       0x90 Third-Party/SEGGER/OS/SEGGER_SYSVIEW_FreeRTOS.o
 .text._cbGetTime
                0x08001e64       0x84 Third-Party/SEGGER/OS/SEGGER_SYSVIEW_FreeRTOS.o
 .text.SYSVIEW_AddTask
                0x08001ee8       0xd0 Third-Party/SEGGER/OS/SEGGER_SYSVIEW_FreeRTOS.o
                0x08001ee8                SYSVIEW_AddTask
 .text.SYSVIEW_SendTaskInfo
                0x08001fb8       0x42 Third-Party/SEGGER/OS/SEGGER_SYSVIEW_FreeRTOS.o
                0x08001fb8                SYSVIEW_SendTaskInfo
 *fill*         0x08001ffa        0x2 
 .text._DoInit  0x08001ffc       0xa4 Third-Party/SEGGER/SEGGER/SEGGER_RTT.o
 .text.SEGGER_RTT_ReadNoLock
                0x080020a0      0x104 Third-Party/SEGGER/SEGGER/SEGGER_RTT.o
                0x080020a0                SEGGER_RTT_ReadNoLock
 .text.SEGGER_RTT_WriteSkipNoLock
                0x080021a4      0x120 Third-Party/SEGGER/SEGGER/SEGGER_RTT.o
                0x080021a4                SEGGER_RTT_WriteSkipNoLock
 .text.SEGGER_RTT_ConfigUpBuffer
                0x080022c4       0xd4 Third-Party/SEGGER/SEGGER/SEGGER_RTT.o
                0x080022c4                SEGGER_RTT_ConfigUpBuffer
 .text.SEGGER_RTT_ConfigDownBuffer
                0x08002398       0xd4 Third-Party/SEGGER/SEGGER/SEGGER_RTT.o
                0x08002398                SEGGER_RTT_ConfigDownBuffer
 .text._EncodeStr
                0x0800246c       0x9a Third-Party/SEGGER/SEGGER/SEGGER_SYSVIEW.o
 .text._PreparePacket
                0x08002506       0x18 Third-Party/SEGGER/SEGGER/SEGGER_SYSVIEW.o
 .text._HandleIncomingPacket
                0x0800251e       0xb8 Third-Party/SEGGER/SEGGER/SEGGER_SYSVIEW.o
 *fill*         0x080025d6        0x2 
 .text._TrySendOverflowPacket
                0x080025d8       0xe0 Third-Party/SEGGER/SEGGER/SEGGER_SYSVIEW.o
 .text._SendPacket
                0x080026b8      0x1a8 Third-Party/SEGGER/SEGGER/SEGGER_SYSVIEW.o
 .text.SEGGER_SYSVIEW_Init
                0x08002860       0x7c Third-Party/SEGGER/SEGGER/SEGGER_SYSVIEW.o
                0x08002860                SEGGER_SYSVIEW_Init
 .text.SEGGER_SYSVIEW_SetRAMBase
                0x080028dc       0x20 Third-Party/SEGGER/SEGGER/SEGGER_SYSVIEW.o
                0x080028dc                SEGGER_SYSVIEW_SetRAMBase
 .text.SEGGER_SYSVIEW_RecordVoid
                0x080028fc       0x3c Third-Party/SEGGER/SEGGER/SEGGER_SYSVIEW.o
                0x080028fc                SEGGER_SYSVIEW_RecordVoid
 .text.SEGGER_SYSVIEW_RecordU32
                0x08002938       0x78 Third-Party/SEGGER/SEGGER/SEGGER_SYSVIEW.o
                0x08002938                SEGGER_SYSVIEW_RecordU32
 .text.SEGGER_SYSVIEW_RecordU32x2
                0x080029b0       0xb4 Third-Party/SEGGER/SEGGER/SEGGER_SYSVIEW.o
                0x080029b0                SEGGER_SYSVIEW_RecordU32x2
 .text.SEGGER_SYSVIEW_Start
                0x08002a64      0x178 Third-Party/SEGGER/SEGGER/SEGGER_SYSVIEW.o
                0x08002a64                SEGGER_SYSVIEW_Start
 .text.SEGGER_SYSVIEW_Stop
                0x08002bdc       0x4c Third-Party/SEGGER/SEGGER/SEGGER_SYSVIEW.o
                0x08002bdc                SEGGER_SYSVIEW_Stop
 .text.SEGGER_SYSVIEW_GetSysDesc
                0x08002c28      0x134 Third-Party/SEGGER/SEGGER/SEGGER_SYSVIEW.o
                0x08002c28                SEGGER_SYSVIEW_GetSysDesc
 .text.SEGGER_SYSVIEW_SendTaskInfo
                0x08002d5c      0x1cc Third-Party/SEGGER/SEGGER/SEGGER_SYSVIEW.o
                0x08002d5c                SEGGER_SYSVIEW_SendTaskInfo
 .text.SEGGER_SYSVIEW_SendTaskList
                0x08002f28       0x28 Third-Party/SEGGER/SEGGER/SEGGER_SYSVIEW.o
                0x08002f28                SEGGER_SYSVIEW_SendTaskList
 .text.SEGGER_SYSVIEW_SendSysDesc
                0x08002f50       0x48 Third-Party/SEGGER/SEGGER/SEGGER_SYSVIEW.o
                0x08002f50                SEGGER_SYSVIEW_SendSysDesc
 .text.SEGGER_SYSVIEW_RecordSystime
                0x08002f98       0x60 Third-Party/SEGGER/SEGGER/SEGGER_SYSVIEW.o
                0x08002f98                SEGGER_SYSVIEW_RecordSystime
 .text.SEGGER_SYSVIEW_RecordEnterISR
                0x08002ff8       0x84 Third-Party/SEGGER/SEGGER/SEGGER_SYSVIEW.o
                0x08002ff8                SEGGER_SYSVIEW_RecordEnterISR
 .text.SEGGER_SYSVIEW_RecordExitISR
                0x0800307c       0x38 Third-Party/SEGGER/SEGGER/SEGGER_SYSVIEW.o
                0x0800307c                SEGGER_SYSVIEW_RecordExitISR
 .text.SEGGER_SYSVIEW_RecordExitISRToScheduler
                0x080030b4       0x38 Third-Party/SEGGER/SEGGER/SEGGER_SYSVIEW.o
                0x080030b4                SEGGER_SYSVIEW_RecordExitISRToScheduler
 .text.SEGGER_SYSVIEW_OnIdle
                0x080030ec       0x38 Third-Party/SEGGER/SEGGER/SEGGER_SYSVIEW.o
                0x080030ec                SEGGER_SYSVIEW_OnIdle
 .text.SEGGER_SYSVIEW_OnTaskCreate
                0x08003124       0x88 Third-Party/SEGGER/SEGGER/SEGGER_SYSVIEW.o
                0x08003124                SEGGER_SYSVIEW_OnTaskCreate
 .text.SEGGER_SYSVIEW_OnTaskStartExec
                0x080031ac       0x88 Third-Party/SEGGER/SEGGER/SEGGER_SYSVIEW.o
                0x080031ac                SEGGER_SYSVIEW_OnTaskStartExec
 .text.SEGGER_SYSVIEW_OnTaskStartReady
                0x08003234       0x88 Third-Party/SEGGER/SEGGER/SEGGER_SYSVIEW.o
                0x08003234                SEGGER_SYSVIEW_OnTaskStartReady
 .text.SEGGER_SYSVIEW_SendModule
                0x080032bc      0x100 Third-Party/SEGGER/SEGGER/SEGGER_SYSVIEW.o
                0x080032bc                SEGGER_SYSVIEW_SendModule
 .text.SEGGER_SYSVIEW_SendModuleDescription
                0x080033bc       0x3c Third-Party/SEGGER/SEGGER/SEGGER_SYSVIEW.o
                0x080033bc                SEGGER_SYSVIEW_SendModuleDescription
 .text.SEGGER_SYSVIEW_SendNumModules
                0x080033f8       0x7c Third-Party/SEGGER/SEGGER/SEGGER_SYSVIEW.o
                0x080033f8                SEGGER_SYSVIEW_SendNumModules
 .text.SEGGER_SYSVIEW_Print
                0x08003474       0xb8 Third-Party/SEGGER/SEGGER/SEGGER_SYSVIEW.o
                0x08003474                SEGGER_SYSVIEW_Print
 .text.SEGGER_SYSVIEW_Warn
                0x0800352c       0xb8 Third-Party/SEGGER/SEGGER/SEGGER_SYSVIEW.o
                0x0800352c                SEGGER_SYSVIEW_Warn
 .text.main     0x080035e4       0xa0 src/main.o
                0x080035e4                main
 .text.vTask1_handler
                0x08003684       0x50 src/main.o
                0x08003684                vTask1_handler
 .text.vTask2_handler
                0x080036d4       0x50 src/main.o
                0x080036d4                vTask2_handler
 .text.prvSetupUart
                0x08003724       0x9c src/main.o
 .text.prvSetupHardware
                0x080037c0        0xc src/main.o
 .text.printmsg
                0x080037cc       0x50 src/main.o
                0x080037cc                printmsg
 .text.SystemInit
                0x0800381c       0x6c src/system_stm32f4xx.o
                0x0800381c                SystemInit
 .text.SystemCoreClockUpdate
                0x08003888       0xf8 src/system_stm32f4xx.o
                0x08003888                SystemCoreClockUpdate
 .text.SetSysClock
                0x08003980       0xf4 src/system_stm32f4xx.o
 .text.Reset_Handler
                0x08003a74       0x50 startup/startup_stm32.o
                0x08003a74                Reset_Handler
 .text.Default_Handler
                0x08003ac4        0x2 startup/startup_stm32.o
                0x08003ac4                RTC_Alarm_IRQHandler
                0x08003ac4                EXTI2_IRQHandler
                0x08003ac4                TIM8_CC_IRQHandler
                0x08003ac4                SPDIF_Rx_IRQHandler
                0x08003ac4                DebugMon_Handler
                0x08003ac4                SPI4_IRQHandler
                0x08003ac4                TIM1_CC_IRQHandler
                0x08003ac4                QuadSPI_IRQHandler
                0x08003ac4                DMA2_Stream5_IRQHandler
                0x08003ac4                HardFault_Handler
                0x08003ac4                DMA1_Stream5_IRQHandler
                0x08003ac4                PVD_IRQHandler
                0x08003ac4                SDIO_IRQHandler
                0x08003ac4                TAMP_STAMP_IRQHandler
                0x08003ac4                NMI_Handler
                0x08003ac4                CAN2_RX1_IRQHandler
                0x08003ac4                EXTI3_IRQHandler
                0x08003ac4                TIM8_TRG_COM_TIM14_IRQHandler
                0x08003ac4                TIM1_UP_TIM10_IRQHandler
                0x08003ac4                FMPI2C1_error_IRQHandler
                0x08003ac4                TIM8_UP_TIM13_IRQHandler
                0x08003ac4                I2C3_ER_IRQHandler
                0x08003ac4                EXTI0_IRQHandler
                0x08003ac4                I2C2_EV_IRQHandler
                0x08003ac4                DMA1_Stream2_IRQHandler
                0x08003ac4                CAN1_RX0_IRQHandler
                0x08003ac4                FPU_IRQHandler
                0x08003ac4                OTG_HS_WKUP_IRQHandler
                0x08003ac4                UsageFault_Handler
                0x08003ac4                CAN2_SCE_IRQHandler
                0x08003ac4                DMA2_Stream2_IRQHandler
                0x08003ac4                SPI1_IRQHandler
                0x08003ac4                TIM6_DAC_IRQHandler
                0x08003ac4                TIM1_BRK_TIM9_IRQHandler
                0x08003ac4                DCMI_IRQHandler
                0x08003ac4                CAN2_RX0_IRQHandler
                0x08003ac4                DMA2_Stream3_IRQHandler
                0x08003ac4                FMPI2C1_IRQHandler
                0x08003ac4                SAI2_IRQHandler
                0x08003ac4                USART6_IRQHandler
                0x08003ac4                USART3_IRQHandler
                0x08003ac4                CAN1_RX1_IRQHandler
                0x08003ac4                UART5_IRQHandler
                0x08003ac4                DMA2_Stream0_IRQHandler
                0x08003ac4                TIM4_IRQHandler
                0x08003ac4                I2C1_EV_IRQHandler
                0x08003ac4                HDMI_CEC_IRQHandler
                0x08003ac4                DMA1_Stream6_IRQHandler
                0x08003ac4                DMA1_Stream1_IRQHandler
                0x08003ac4                UART4_IRQHandler
                0x08003ac4                TIM3_IRQHandler
                0x08003ac4                RCC_IRQHandler
                0x08003ac4                TIM8_BRK_TIM12_IRQHandler
                0x08003ac4                Default_Handler
                0x08003ac4                EXTI15_10_IRQHandler
                0x08003ac4                ADC_IRQHandler
                0x08003ac4                DMA1_Stream7_IRQHandler
                0x08003ac4                TIM7_IRQHandler
                0x08003ac4                CAN2_TX_IRQHandler
                0x08003ac4                TIM5_IRQHandler
                0x08003ac4                DMA2_Stream7_IRQHandler
                0x08003ac4                I2C3_EV_IRQHandler
                0x08003ac4                EXTI9_5_IRQHandler
                0x08003ac4                RTC_WKUP_IRQHandler
                0x08003ac4                SPI2_IRQHandler
                0x08003ac4                OTG_HS_EP1_IN_IRQHandler
                0x08003ac4                MemManage_Handler
                0x08003ac4                DMA1_Stream0_IRQHandler
                0x08003ac4                CAN1_TX_IRQHandler
                0x08003ac4                EXTI4_IRQHandler
                0x08003ac4                OTG_HS_EP1_OUT_IRQHandler
                0x08003ac4                WWDG_IRQHandler
                0x08003ac4                TIM2_IRQHandler
                0x08003ac4                OTG_FS_WKUP_IRQHandler
                0x08003ac4                TIM1_TRG_COM_TIM11_IRQHandler
                0x08003ac4                OTG_HS_IRQHandler
                0x08003ac4                EXTI1_IRQHandler
                0x08003ac4                USART2_IRQHandler
                0x08003ac4                I2C2_ER_IRQHandler
                0x08003ac4                DMA2_Stream1_IRQHandler
                0x08003ac4                CAN1_SCE_IRQHandler
                0x08003ac4                FLASH_IRQHandler
                0x08003ac4                DMA2_Stream4_IRQHandler
                0x08003ac4                BusFault_Handler
                0x08003ac4                USART1_IRQHandler
                0x08003ac4                OTG_FS_IRQHandler
                0x08003ac4                SPI3_IRQHandler
                0x08003ac4                DMA1_Stream4_IRQHandler
                0x08003ac4                I2C1_ER_IRQHandler
                0x08003ac4                FMC_IRQHandler
                0x08003ac4                DMA2_Stream6_IRQHandler
                0x08003ac4                SAI1_IRQHandler
                0x08003ac4                DMA1_Stream3_IRQHandler
 *fill*         0x08003ac6        0x2 
 .text.memcmp   0x08003ac8       0x64 c:/ac6/systemworkbench/plugins/fr.ac6.mcu.externaltools.arm-none.win32_1.17.0.201812190825/tools/compiler/bin/../lib/gcc/arm-none-eabi/7.3.1/../../../../arm-none-eabi/lib/thumb/v7e-m/fpv4-sp/hard\libc.a(lib_a-memcmp.o)
                0x08003ac8                memcmp
 *(.glue_7)
 .glue_7        0x08003b2c        0x0 linker stubs
 *(.glue_7t)
 .glue_7t       0x08003b2c        0x0 linker stubs
 *(.eh_frame)
 .eh_frame      0x08003b2c        0x0 c:/ac6/systemworkbench/plugins/fr.ac6.mcu.externaltools.arm-none.win32_1.17.0.201812190825/tools/compiler/bin/../lib/gcc/arm-none-eabi/7.3.1/thumb/v7e-m/fpv4-sp/hard/crtbegin.o
 *(.init)
 .init          0x08003b2c        0x4 c:/ac6/systemworkbench/plugins/fr.ac6.mcu.externaltools.arm-none.win32_1.17.0.201812190825/tools/compiler/bin/../lib/gcc/arm-none-eabi/7.3.1/thumb/v7e-m/fpv4-sp/hard/crti.o
                0x08003b2c                _init
 .init          0x08003b30        0x8 c:/ac6/systemworkbench/plugins/fr.ac6.mcu.externaltools.arm-none.win32_1.17.0.201812190825/tools/compiler/bin/../lib/gcc/arm-none-eabi/7.3.1/thumb/v7e-m/fpv4-sp/hard/crtn.o
 *(.fini)
 .fini          0x08003b38        0x4 c:/ac6/systemworkbench/plugins/fr.ac6.mcu.externaltools.arm-none.win32_1.17.0.201812190825/tools/compiler/bin/../lib/gcc/arm-none-eabi/7.3.1/thumb/v7e-m/fpv4-sp/hard/crti.o
                0x08003b38                _fini
 .fini          0x08003b3c        0x8 c:/ac6/systemworkbench/plugins/fr.ac6.mcu.externaltools.arm-none.win32_1.17.0.201812190825/tools/compiler/bin/../lib/gcc/arm-none-eabi/7.3.1/thumb/v7e-m/fpv4-sp/hard/crtn.o
                0x08003b44                . = ALIGN (0x4)
                0x08003b44                _etext = .

.vfp11_veneer   0x08003b44        0x0
 .vfp11_veneer  0x08003b44        0x0 linker stubs

.v4_bx          0x08003b44        0x0
 .v4_bx         0x08003b44        0x0 linker stubs

.iplt           0x08003b44        0x0
 .iplt          0x08003b44        0x0 c:/ac6/systemworkbench/plugins/fr.ac6.mcu.externaltools.arm-none.win32_1.17.0.201812190825/tools/compiler/bin/../lib/gcc/arm-none-eabi/7.3.1/thumb/v7e-m/fpv4-sp/hard/crtbegin.o

.rodata         0x08003b44      0x184
                0x08003b44                . = ALIGN (0x4)
 *(.rodata)
 .rodata        0x08003b44        0x5 Third-Party/FreeRTOS/org/Source/tasks.o
 *fill*         0x08003b49        0x3 
 .rodata        0x08003b4c       0x51 Third-Party/SEGGER/Config/SEGGER_SYSVIEW_Config_FreeRTOS.o
 *fill*         0x08003b9d        0x3 
 .rodata        0x08003ba0       0x60 Third-Party/SEGGER/OS/SEGGER_SYSVIEW_FreeRTOS.o
                0x08003bf8                SYSVIEW_X_OS_TraceAPI
 .rodata        0x08003c00       0x17 Third-Party/SEGGER/SEGGER/SEGGER_RTT.o
 *fill*         0x08003c17        0x1 
 .rodata        0x08003c18       0x24 Third-Party/SEGGER/SEGGER/SEGGER_SYSVIEW.o
 .rodata        0x08003c3c       0x85 src/main.o
 *(.rodata*)
 *fill*         0x08003cc1        0x3 
 .rodata._global_impure_ptr
                0x08003cc4        0x4 c:/ac6/systemworkbench/plugins/fr.ac6.mcu.externaltools.arm-none.win32_1.17.0.201812190825/tools/compiler/bin/../lib/gcc/arm-none-eabi/7.3.1/../../../../arm-none-eabi/lib/thumb/v7e-m/fpv4-sp/hard\libc.a(lib_a-impure.o)
                0x08003cc4                _global_impure_ptr
                0x08003cc8                . = ALIGN (0x4)

.rel.dyn        0x08003cc8        0x0
 .rel.iplt      0x08003cc8        0x0 c:/ac6/systemworkbench/plugins/fr.ac6.mcu.externaltools.arm-none.win32_1.17.0.201812190825/tools/compiler/bin/../lib/gcc/arm-none-eabi/7.3.1/thumb/v7e-m/fpv4-sp/hard/crtbegin.o

.ARM.extab      0x08003cc8        0x0
                0x08003cc8                . = ALIGN (0x4)
 *(.ARM.extab* .gnu.linkonce.armextab.*)
                0x08003cc8                . = ALIGN (0x4)

.ARM            0x08003cc8        0x0
                0x08003cc8                . = ALIGN (0x4)
                0x08003cc8                __exidx_start = .
 *(.ARM.exidx*)
                0x08003cc8                __exidx_end = .
                0x08003cc8                . = ALIGN (0x4)

.preinit_array  0x08003cc8        0x0
                0x08003cc8                . = ALIGN (0x4)
                0x08003cc8                PROVIDE (__preinit_array_start = .)
 *(.preinit_array*)
                0x08003cc8                PROVIDE (__preinit_array_end = .)
                0x08003cc8                . = ALIGN (0x4)

.init_array     0x08003cc8        0x8
                0x08003cc8                . = ALIGN (0x4)
                0x08003cc8                PROVIDE (__init_array_start = .)
 *(SORT_BY_NAME(.init_array.*))
 .init_array.00000
                0x08003cc8        0x4 c:/ac6/systemworkbench/plugins/fr.ac6.mcu.externaltools.arm-none.win32_1.17.0.201812190825/tools/compiler/bin/../lib/gcc/arm-none-eabi/7.3.1/../../../../arm-none-eabi/lib/thumb/v7e-m/fpv4-sp/hard\libc.a(lib_a-__call_atexit.o)
 *(.init_array*)
 .init_array    0x08003ccc        0x4 c:/ac6/systemworkbench/plugins/fr.ac6.mcu.externaltools.arm-none.win32_1.17.0.201812190825/tools/compiler/bin/../lib/gcc/arm-none-eabi/7.3.1/thumb/v7e-m/fpv4-sp/hard/crtbegin.o
                0x08003cd0                PROVIDE (__init_array_end = .)
                0x08003cd0                . = ALIGN (0x4)

.fini_array     0x08003cd0        0x4
                0x08003cd0                . = ALIGN (0x4)
                0x08003cd0                PROVIDE (__fini_array_start = .)
 *(SORT_BY_NAME(.fini_array.*))
 *(.fini_array*)
 .fini_array    0x08003cd0        0x4 c:/ac6/systemworkbench/plugins/fr.ac6.mcu.externaltools.arm-none.win32_1.17.0.201812190825/tools/compiler/bin/../lib/gcc/arm-none-eabi/7.3.1/thumb/v7e-m/fpv4-sp/hard/crtbegin.o
                0x08003cd4                PROVIDE (__fini_array_end = .)
                0x08003cd4                . = ALIGN (0x4)
                0x08003cd4                _sidata = LOADADDR (.data)

.data           0x20000000      0x45c load address 0x08003cd4
                0x20000000                . = ALIGN (0x4)
                0x20000000                _sdata = .
 *(.data)
 .data          0x20000000       0x10 StdPeriph_Driver/src/stm32f4xx_rcc.o
 .data          0x20000010        0x4 Third-Party/FreeRTOS/org/Source/portable/GCC/ARM_CM4F/port.o
 .data          0x20000014        0x1 src/main.o
                0x20000014                UART_ACCESS_KEY
 *fill*         0x20000015        0x3 
 .data          0x20000018       0x14 src/system_stm32f4xx.o
                0x20000018                SystemCoreClock
                0x2000001c                AHBPrescTable
 *(.data*)
 *fill*         0x2000002c        0x4 
 .data.impure_data
                0x20000030      0x428 c:/ac6/systemworkbench/plugins/fr.ac6.mcu.externaltools.arm-none.win32_1.17.0.201812190825/tools/compiler/bin/../lib/gcc/arm-none-eabi/7.3.1/../../../../arm-none-eabi/lib/thumb/v7e-m/fpv4-sp/hard\libc.a(lib_a-impure.o)
 .data.__atexit_recursive_mutex
                0x20000458        0x4 c:/ac6/systemworkbench/plugins/fr.ac6.mcu.externaltools.arm-none.win32_1.17.0.201812190825/tools/compiler/bin/../lib/gcc/arm-none-eabi/7.3.1/../../../../arm-none-eabi/lib/thumb/v7e-m/fpv4-sp/hard\libc.a(lib_a-__call_atexit.o)
                0x20000458                __atexit_recursive_mutex
                0x2000045c                . = ALIGN (0x4)
                0x2000045c                _edata = .

.igot.plt       0x2000045c        0x0 load address 0x08004130
 .igot.plt      0x2000045c        0x0 c:/ac6/systemworkbench/plugins/fr.ac6.mcu.externaltools.arm-none.win32_1.17.0.201812190825/tools/compiler/bin/../lib/gcc/arm-none-eabi/7.3.1/thumb/v7e-m/fpv4-sp/hard/crtbegin.o
                0x2000045c                . = ALIGN (0x4)

.bss            0x2000045c    0x154e4 load address 0x08004130
                0x2000045c                _sbss = .
                0x2000045c                __bss_start__ = _sbss
 *(.bss)
 .bss           0x2000045c       0x1c c:/ac6/systemworkbench/plugins/fr.ac6.mcu.externaltools.arm-none.win32_1.17.0.201812190825/tools/compiler/bin/../lib/gcc/arm-none-eabi/7.3.1/thumb/v7e-m/fpv4-sp/hard/crtbegin.o
 .bss           0x20000478      0x104 Third-Party/FreeRTOS/org/Source/tasks.o
                0x20000478                pxCurrentTCB
 .bss           0x2000057c        0x8 Third-Party/FreeRTOS/org/Source/portable/GCC/ARM_CM4F/port.o
 .bss           0x20000584    0x12c18 Third-Party/FreeRTOS/org/Source/portable/MemMang/heap_4.o
 .bss           0x2001319c       0xa4 Third-Party/SEGGER/OS/SEGGER_SYSVIEW_FreeRTOS.o
 .bss           0x20013240      0x411 Third-Party/SEGGER/SEGGER/SEGGER_RTT.o
 *fill*         0x20013651        0x3 
 .bss           0x20013654     0x211b Third-Party/SEGGER/SEGGER/SEGGER_SYSVIEW.o
 *fill*         0x2001576f        0x1 
 .bss           0x20015770      0x102 src/main.o
                0x20015770                xTaskHandle1
                0x20015774                xTaskHandle2
                0x20015778                usr_msg
 *(.bss*)
 *(COMMON)
 *fill*         0x20015872        0x2 
 COMMON         0x20015874       0x21 c:/ac6/systemworkbench/plugins/fr.ac6.mcu.externaltools.arm-none.win32_1.17.0.201812190825/tools/compiler/bin/../lib/gcc/arm-none-eabi/7.3.1/../../../../arm-none-eabi/lib/thumb/v7e-m/fpv4-sp/hard\libc.a(lib_a-lock.o)
                0x20015874                __lock___atexit_recursive_mutex
                0x20015878                __lock___arc4random_mutex
                0x2001587c                __lock___env_recursive_mutex
                0x20015880                __lock___sinit_recursive_mutex
                0x20015884                __lock___malloc_recursive_mutex
                0x20015888                __lock___at_quick_exit_mutex
                0x2001588c                __lock___dd_hash_mutex
                0x20015890                __lock___tz_mutex
                0x20015894                __lock___sfp_recursive_mutex
 *fill*         0x20015895        0x3 
 COMMON         0x20015898       0xa8 Third-Party/SEGGER/SEGGER/SEGGER_RTT.o
                0x20015898                _SEGGER_RTT
                0x20015940                . = ALIGN (0x4)
                0x20015940                _ebss = .
                0x20015940                __bss_end__ = _ebss

._user_heap_stack
                0x20015940      0x400 load address 0x08004130
                0x20015940                . = ALIGN (0x8)
                0x20015940                PROVIDE (end = .)
                [!provide]                PROVIDE (_end = .)
                0x20015940                . = (. + _Min_Heap_Size)
                0x20015d40                . = (. + _Min_Stack_Size)
 *fill*         0x20015940      0x400 
                0x20015d40                . = ALIGN (0x8)

/DISCARD/
 libc.a(*)
 libm.a(*)
 libgcc.a(*)

.ARM.attributes
                0x00000000       0x30
 *(.ARM.attributes)
 .ARM.attributes
                0x00000000       0x22 c:/ac6/systemworkbench/plugins/fr.ac6.mcu.externaltools.arm-none.win32_1.17.0.201812190825/tools/compiler/bin/../lib/gcc/arm-none-eabi/7.3.1/thumb/v7e-m/fpv4-sp/hard/crti.o
 .ARM.attributes
                0x00000022       0x34 c:/ac6/systemworkbench/plugins/fr.ac6.mcu.externaltools.arm-none.win32_1.17.0.201812190825/tools/compiler/bin/../lib/gcc/arm-none-eabi/7.3.1/thumb/v7e-m/fpv4-sp/hard/crtbegin.o
 .ARM.attributes
                0x00000056       0x34 c:/ac6/systemworkbench/plugins/fr.ac6.mcu.externaltools.arm-none.win32_1.17.0.201812190825/tools/compiler/bin/../lib/gcc/arm-none-eabi/7.3.1/../../../../arm-none-eabi/lib/thumb/v7e-m/fpv4-sp/hard\libc.a(lib_a-impure.o)
 .ARM.attributes
                0x0000008a       0x34 c:/ac6/systemworkbench/plugins/fr.ac6.mcu.externaltools.arm-none.win32_1.17.0.201812190825/tools/compiler/bin/../lib/gcc/arm-none-eabi/7.3.1/../../../../arm-none-eabi/lib/thumb/v7e-m/fpv4-sp/hard\libc.a(lib_a-init.o)
 .ARM.attributes
                0x000000be       0x34 c:/ac6/systemworkbench/plugins/fr.ac6.mcu.externaltools.arm-none.win32_1.17.0.201812190825/tools/compiler/bin/../lib/gcc/arm-none-eabi/7.3.1/../../../../arm-none-eabi/lib/thumb/v7e-m/fpv4-sp/hard\libc.a(lib_a-memset.o)
 .ARM.attributes
                0x000000f2       0x34 c:/ac6/systemworkbench/plugins/fr.ac6.mcu.externaltools.arm-none.win32_1.17.0.201812190825/tools/compiler/bin/../lib/gcc/arm-none-eabi/7.3.1/../../../../arm-none-eabi/lib/thumb/v7e-m/fpv4-sp/hard\libc.a(lib_a-__call_atexit.o)
 .ARM.attributes
                0x00000126       0x34 c:/ac6/systemworkbench/plugins/fr.ac6.mcu.externaltools.arm-none.win32_1.17.0.201812190825/tools/compiler/bin/../lib/gcc/arm-none-eabi/7.3.1/../../../../arm-none-eabi/lib/thumb/v7e-m/fpv4-sp/hard\libc.a(lib_a-atexit.o)
 .ARM.attributes
                0x0000015a       0x34 c:/ac6/systemworkbench/plugins/fr.ac6.mcu.externaltools.arm-none.win32_1.17.0.201812190825/tools/compiler/bin/../lib/gcc/arm-none-eabi/7.3.1/../../../../arm-none-eabi/lib/thumb/v7e-m/fpv4-sp/hard\libc.a(lib_a-fini.o)
 .ARM.attributes
                0x0000018e       0x34 c:/ac6/systemworkbench/plugins/fr.ac6.mcu.externaltools.arm-none.win32_1.17.0.201812190825/tools/compiler/bin/../lib/gcc/arm-none-eabi/7.3.1/../../../../arm-none-eabi/lib/thumb/v7e-m/fpv4-sp/hard\libc.a(lib_a-lock.o)
 .ARM.attributes
                0x000001c2       0x34 c:/ac6/systemworkbench/plugins/fr.ac6.mcu.externaltools.arm-none.win32_1.17.0.201812190825/tools/compiler/bin/../lib/gcc/arm-none-eabi/7.3.1/../../../../arm-none-eabi/lib/thumb/v7e-m/fpv4-sp/hard\libc.a(lib_a-__atexit.o)
 .ARM.attributes
                0x000001f6       0x39 StdPeriph_Driver/src/stm32f4xx_gpio.o
 .ARM.attributes
                0x0000022f       0x39 StdPeriph_Driver/src/stm32f4xx_rcc.o
 .ARM.attributes
                0x00000268       0x39 StdPeriph_Driver/src/stm32f4xx_usart.o
 .ARM.attributes
                0x000002a1       0x39 Third-Party/FreeRTOS/org/Source/list.o
 .ARM.attributes
                0x000002da       0x39 Third-Party/FreeRTOS/org/Source/tasks.o
 .ARM.attributes
                0x00000313       0x39 Third-Party/FreeRTOS/org/Source/portable/GCC/ARM_CM4F/port.o
 .ARM.attributes
                0x0000034c       0x39 Third-Party/FreeRTOS/org/Source/portable/MemMang/heap_4.o
 .ARM.attributes
                0x00000385       0x39 Third-Party/SEGGER/Config/SEGGER_SYSVIEW_Config_FreeRTOS.o
 .ARM.attributes
                0x000003be       0x39 Third-Party/SEGGER/OS/SEGGER_SYSVIEW_FreeRTOS.o
 .ARM.attributes
                0x000003f7       0x39 Third-Party/SEGGER/SEGGER/SEGGER_RTT.o
 .ARM.attributes
                0x00000430       0x39 Third-Party/SEGGER/SEGGER/SEGGER_SYSVIEW.o
 .ARM.attributes
                0x00000469       0x39 src/main.o
 .ARM.attributes
                0x000004a2       0x39 src/system_stm32f4xx.o
 .ARM.attributes
                0x000004db       0x21 startup/startup_stm32.o
 .ARM.attributes
                0x000004fc       0x34 c:/ac6/systemworkbench/plugins/fr.ac6.mcu.externaltools.arm-none.win32_1.17.0.201812190825/tools/compiler/bin/../lib/gcc/arm-none-eabi/7.3.1/../../../../arm-none-eabi/lib/thumb/v7e-m/fpv4-sp/hard\libc.a(lib_a-memcmp.o)
 .ARM.attributes
                0x00000530       0x20 c:/ac6/systemworkbench/plugins/fr.ac6.mcu.externaltools.arm-none.win32_1.17.0.201812190825/tools/compiler/bin/../lib/gcc/arm-none-eabi/7.3.1/../../../../arm-none-eabi/lib/thumb/v7e-m/fpv4-sp/hard\libc.a(lib_a-memcpy.o)
 .ARM.attributes
                0x00000550       0x20 c:/ac6/systemworkbench/plugins/fr.ac6.mcu.externaltools.arm-none.win32_1.17.0.201812190825/tools/compiler/bin/../lib/gcc/arm-none-eabi/7.3.1/../../../../arm-none-eabi/lib/thumb/v7e-m/fpv4-sp/hard\libc.a(lib_a-strlen.o)
 .ARM.attributes
                0x00000570       0x22 c:/ac6/systemworkbench/plugins/fr.ac6.mcu.externaltools.arm-none.win32_1.17.0.201812190825/tools/compiler/bin/../lib/gcc/arm-none-eabi/7.3.1/thumb/v7e-m/fpv4-sp/hard/crtn.o
OUTPUT(STM32_HelloWorld.elf elf32-littlearm)

.debug_frame    0x00000000     0x2ed8
 .debug_frame   0x00000000       0x2c c:/ac6/systemworkbench/plugins/fr.ac6.mcu.externaltools.arm-none.win32_1.17.0.201812190825/tools/compiler/bin/../lib/gcc/arm-none-eabi/7.3.1/../../../../arm-none-eabi/lib/thumb/v7e-m/fpv4-sp/hard\libc.a(lib_a-init.o)
 .debug_frame   0x0000002c       0x38 c:/ac6/systemworkbench/plugins/fr.ac6.mcu.externaltools.arm-none.win32_1.17.0.201812190825/tools/compiler/bin/../lib/gcc/arm-none-eabi/7.3.1/../../../../arm-none-eabi/lib/thumb/v7e-m/fpv4-sp/hard\libc.a(lib_a-memset.o)
 .debug_frame   0x00000064       0x5c c:/ac6/systemworkbench/plugins/fr.ac6.mcu.externaltools.arm-none.win32_1.17.0.201812190825/tools/compiler/bin/../lib/gcc/arm-none-eabi/7.3.1/../../../../arm-none-eabi/lib/thumb/v7e-m/fpv4-sp/hard\libc.a(lib_a-__call_atexit.o)
 .debug_frame   0x000000c0       0x20 c:/ac6/systemworkbench/plugins/fr.ac6.mcu.externaltools.arm-none.win32_1.17.0.201812190825/tools/compiler/bin/../lib/gcc/arm-none-eabi/7.3.1/../../../../arm-none-eabi/lib/thumb/v7e-m/fpv4-sp/hard\libc.a(lib_a-atexit.o)
 .debug_frame   0x000000e0       0x34 c:/ac6/systemworkbench/plugins/fr.ac6.mcu.externaltools.arm-none.win32_1.17.0.201812190825/tools/compiler/bin/../lib/gcc/arm-none-eabi/7.3.1/../../../../arm-none-eabi/lib/thumb/v7e-m/fpv4-sp/hard\libc.a(lib_a-fini.o)
 .debug_frame   0x00000114       0xb0 c:/ac6/systemworkbench/plugins/fr.ac6.mcu.externaltools.arm-none.win32_1.17.0.201812190825/tools/compiler/bin/../lib/gcc/arm-none-eabi/7.3.1/../../../../arm-none-eabi/lib/thumb/v7e-m/fpv4-sp/hard\libc.a(lib_a-lock.o)
 .debug_frame   0x000001c4       0x34 c:/ac6/systemworkbench/plugins/fr.ac6.mcu.externaltools.arm-none.win32_1.17.0.201812190825/tools/compiler/bin/../lib/gcc/arm-none-eabi/7.3.1/../../../../arm-none-eabi/lib/thumb/v7e-m/fpv4-sp/hard\libc.a(lib_a-__atexit.o)
 .debug_frame   0x000001f8      0x23c StdPeriph_Driver/src/stm32f4xx_gpio.o
 .debug_frame   0x00000434      0x774 StdPeriph_Driver/src/stm32f4xx_rcc.o
 .debug_frame   0x00000ba8      0x490 StdPeriph_Driver/src/stm32f4xx_usart.o
 .debug_frame   0x00001038       0xd8 Third-Party/FreeRTOS/org/Source/list.o
 .debug_frame   0x00001110      0x870 Third-Party/FreeRTOS/org/Source/tasks.o
 .debug_frame   0x00001980      0x1a8 Third-Party/FreeRTOS/org/Source/portable/GCC/ARM_CM4F/port.o
 .debug_frame   0x00001b28      0x108 Third-Party/FreeRTOS/org/Source/portable/MemMang/heap_4.o
 .debug_frame   0x00001c30       0x48 Third-Party/SEGGER/Config/SEGGER_SYSVIEW_Config_FreeRTOS.o
 .debug_frame   0x00001c78      0x100 Third-Party/SEGGER/OS/SEGGER_SYSVIEW_FreeRTOS.o
 .debug_frame   0x00001d78      0x478 Third-Party/SEGGER/SEGGER/SEGGER_RTT.o
 .debug_frame   0x000021f0      0xb5c Third-Party/SEGGER/SEGGER/SEGGER_SYSVIEW.o
 .debug_frame   0x00002d4c       0xd8 src/main.o
 .debug_frame   0x00002e24       0x7c src/system_stm32f4xx.o
 .debug_frame   0x00002ea0       0x38 c:/ac6/systemworkbench/plugins/fr.ac6.mcu.externaltools.arm-none.win32_1.17.0.201812190825/tools/compiler/bin/../lib/gcc/arm-none-eabi/7.3.1/../../../../arm-none-eabi/lib/thumb/v7e-m/fpv4-sp/hard\libc.a(lib_a-memcmp.o)

.debug_info     0x00000000     0xd3c9
 .debug_info    0x00000000      0x62b StdPeriph_Driver/src/stm32f4xx_gpio.o
 .debug_info    0x0000062b      0xd5e StdPeriph_Driver/src/stm32f4xx_rcc.o
 .debug_info    0x00001389      0x9d4 StdPeriph_Driver/src/stm32f4xx_usart.o
 .debug_info    0x00001d5d      0xadb Third-Party/FreeRTOS/org/Source/list.o
 .debug_info    0x00002838     0x2733 Third-Party/FreeRTOS/org/Source/tasks.o
 .debug_info    0x00004f6b      0x533 Third-Party/FreeRTOS/org/Source/portable/GCC/ARM_CM4F/port.o
 .debug_info    0x0000549e      0xbfc Third-Party/FreeRTOS/org/Source/portable/MemMang/heap_4.o
 .debug_info    0x0000609a      0x10f Third-Party/SEGGER/Config/SEGGER_SYSVIEW_Config_FreeRTOS.o
 .debug_info    0x000061a9      0xb8d Third-Party/SEGGER/OS/SEGGER_SYSVIEW_FreeRTOS.o
 .debug_info    0x00006d36     0x16b9 Third-Party/SEGGER/SEGGER/SEGGER_RTT.o
 .debug_info    0x000083ef     0x3aea Third-Party/SEGGER/SEGGER/SEGGER_SYSVIEW.o
 .debug_info    0x0000bed9      0xebc src/main.o
 .debug_info    0x0000cd95      0x612 src/system_stm32f4xx.o
 .debug_info    0x0000d3a7       0x22 startup/startup_stm32.o

.debug_abbrev   0x00000000     0x1c7f
 .debug_abbrev  0x00000000      0x1bf StdPeriph_Driver/src/stm32f4xx_gpio.o
 .debug_abbrev  0x000001bf      0x1d4 StdPeriph_Driver/src/stm32f4xx_rcc.o
 .debug_abbrev  0x00000393      0x187 StdPeriph_Driver/src/stm32f4xx_usart.o
 .debug_abbrev  0x0000051a      0x205 Third-Party/FreeRTOS/org/Source/list.o
 .debug_abbrev  0x0000071f      0x395 Third-Party/FreeRTOS/org/Source/tasks.o
 .debug_abbrev  0x00000ab4      0x210 Third-Party/FreeRTOS/org/Source/portable/GCC/ARM_CM4F/port.o
 .debug_abbrev  0x00000cc4      0x2d4 Third-Party/FreeRTOS/org/Source/portable/MemMang/heap_4.o
 .debug_abbrev  0x00000f98       0xb5 Third-Party/SEGGER/Config/SEGGER_SYSVIEW_Config_FreeRTOS.o
 .debug_abbrev  0x0000104d      0x223 Third-Party/SEGGER/OS/SEGGER_SYSVIEW_FreeRTOS.o
 .debug_abbrev  0x00001270      0x2d6 Third-Party/SEGGER/SEGGER/SEGGER_RTT.o
 .debug_abbrev  0x00001546      0x336 Third-Party/SEGGER/SEGGER/SEGGER_SYSVIEW.o
 .debug_abbrev  0x0000187c      0x294 src/main.o
 .debug_abbrev  0x00001b10      0x15d src/system_stm32f4xx.o
 .debug_abbrev  0x00001c6d       0x12 startup/startup_stm32.o

.debug_aranges  0x00000000      0xaa0
 .debug_aranges
                0x00000000       0x88 StdPeriph_Driver/src/stm32f4xx_gpio.o
 .debug_aranges
                0x00000088      0x198 StdPeriph_Driver/src/stm32f4xx_rcc.o
 .debug_aranges
                0x00000220      0x100 StdPeriph_Driver/src/stm32f4xx_usart.o
 .debug_aranges
                0x00000320       0x40 Third-Party/FreeRTOS/org/Source/list.o
 .debug_aranges
                0x00000360      0x1e8 Third-Party/FreeRTOS/org/Source/tasks.o
 .debug_aranges
                0x00000548       0x80 Third-Party/FreeRTOS/org/Source/portable/GCC/ARM_CM4F/port.o
 .debug_aranges
                0x000005c8       0x50 Third-Party/FreeRTOS/org/Source/portable/MemMang/heap_4.o
 .debug_aranges
                0x00000618       0x28 Third-Party/SEGGER/Config/SEGGER_SYSVIEW_Config_FreeRTOS.o
 .debug_aranges
                0x00000640       0x48 Third-Party/SEGGER/OS/SEGGER_SYSVIEW_FreeRTOS.o
 .debug_aranges
                0x00000688      0x110 Third-Party/SEGGER/SEGGER/SEGGER_RTT.o
 .debug_aranges
                0x00000798      0x268 Third-Party/SEGGER/SEGGER/SEGGER_SYSVIEW.o
 .debug_aranges
                0x00000a00       0x48 src/main.o
 .debug_aranges
                0x00000a48       0x30 src/system_stm32f4xx.o
 .debug_aranges
                0x00000a78       0x28 startup/startup_stm32.o

.debug_ranges   0x00000000      0x9c8
 .debug_ranges  0x00000000       0x78 StdPeriph_Driver/src/stm32f4xx_gpio.o
 .debug_ranges  0x00000078      0x188 StdPeriph_Driver/src/stm32f4xx_rcc.o
 .debug_ranges  0x00000200       0xf0 StdPeriph_Driver/src/stm32f4xx_usart.o
 .debug_ranges  0x000002f0       0x30 Third-Party/FreeRTOS/org/Source/list.o
 .debug_ranges  0x00000320      0x1d8 Third-Party/FreeRTOS/org/Source/tasks.o
 .debug_ranges  0x000004f8       0x70 Third-Party/FreeRTOS/org/Source/portable/GCC/ARM_CM4F/port.o
 .debug_ranges  0x00000568       0x40 Third-Party/FreeRTOS/org/Source/portable/MemMang/heap_4.o
 .debug_ranges  0x000005a8       0x18 Third-Party/SEGGER/Config/SEGGER_SYSVIEW_Config_FreeRTOS.o
 .debug_ranges  0x000005c0       0x38 Third-Party/SEGGER/OS/SEGGER_SYSVIEW_FreeRTOS.o
 .debug_ranges  0x000005f8      0x100 Third-Party/SEGGER/SEGGER/SEGGER_RTT.o
 .debug_ranges  0x000006f8      0x258 Third-Party/SEGGER/SEGGER/SEGGER_SYSVIEW.o
 .debug_ranges  0x00000950       0x38 src/main.o
 .debug_ranges  0x00000988       0x20 src/system_stm32f4xx.o
 .debug_ranges  0x000009a8       0x20 startup/startup_stm32.o

.debug_macro    0x00000000     0x2843
 .debug_macro   0x00000000      0x186 StdPeriph_Driver/src/stm32f4xx_gpio.o
 .debug_macro   0x00000186      0x2ee StdPeriph_Driver/src/stm32f4xx_gpio.o
 .debug_macro   0x00000474      0x255 StdPeriph_Driver/src/stm32f4xx_rcc.o
 .debug_macro   0x000006c9      0x19e StdPeriph_Driver/src/stm32f4xx_usart.o
 .debug_macro   0x00000867      0x21d StdPeriph_Driver/src/stm32f4xx_usart.o
 .debug_macro   0x00000a84      0x1ba Third-Party/FreeRTOS/org/Source/list.o
 .debug_macro   0x00000c3e      0x2b5 Third-Party/FreeRTOS/org/Source/tasks.o
 .debug_macro   0x00000ef3       0x10 Third-Party/FreeRTOS/org/Source/tasks.o
 .debug_macro   0x00000f03      0x1d6 Third-Party/FreeRTOS/org/Source/portable/GCC/ARM_CM4F/port.o
 .debug_macro   0x000010d9      0x1e1 Third-Party/FreeRTOS/org/Source/portable/MemMang/heap_4.o
 .debug_macro   0x000012ba      0x116 Third-Party/SEGGER/Config/SEGGER_SYSVIEW_Config_FreeRTOS.o
 .debug_macro   0x000013d0      0x1d0 Third-Party/SEGGER/OS/SEGGER_SYSVIEW_FreeRTOS.o
 .debug_macro   0x000015a0      0x164 Third-Party/SEGGER/SEGGER/SEGGER_RTT.o
 .debug_macro   0x00001704       0x4f Third-Party/SEGGER/SEGGER/SEGGER_RTT.o
 .debug_macro   0x00001753      0x115 Third-Party/SEGGER/SEGGER/SEGGER_RTT.o
 .debug_macro   0x00001868      0x1f8 Third-Party/SEGGER/SEGGER/SEGGER_SYSVIEW.o
 .debug_macro   0x00001a60       0x65 Third-Party/SEGGER/SEGGER/SEGGER_SYSVIEW.o
 .debug_macro   0x00001ac5       0x35 Third-Party/SEGGER/SEGGER/SEGGER_SYSVIEW.o
 .debug_macro   0x00001afa      0x11b Third-Party/SEGGER/SEGGER/SEGGER_SYSVIEW.o
 .debug_macro   0x00001c15      0x3b7 src/main.o
 .debug_macro   0x00001fcc       0x16 src/main.o
 .debug_macro   0x00001fe2       0x97 src/main.o
 .debug_macro   0x00002079       0xfd src/main.o
 .debug_macro   0x00002176       0x10 src/main.o
 .debug_macro   0x00002186       0x10 src/main.o
 .debug_macro   0x00002196       0x1c src/main.o
 .debug_macro   0x000021b2       0x52 src/main.o
 .debug_macro   0x00002204       0x40 src/main.o
 .debug_macro   0x00002244       0x10 src/main.o
 .debug_macro   0x00002254       0x40 src/main.o
 .debug_macro   0x00002294       0xd7 src/main.o
 .debug_macro   0x0000236b       0x1c src/main.o
 .debug_macro   0x00002387       0x3d src/main.o
 .debug_macro   0x000023c4       0x16 src/main.o
 .debug_macro   0x000023da      0x16f src/main.o
 .debug_macro   0x00002549      0x112 src/main.o
 .debug_macro   0x0000265b       0x4c src/main.o
 .debug_macro   0x000026a7      0x19c src/system_stm32f4xx.o

.debug_line     0x00000000     0x8428
 .debug_line    0x00000000      0x759 StdPeriph_Driver/src/stm32f4xx_gpio.o
 .debug_line    0x00000759      0x9e3 StdPeriph_Driver/src/stm32f4xx_rcc.o
 .debug_line    0x0000113c      0x89f StdPeriph_Driver/src/stm32f4xx_usart.o
 .debug_line    0x000019db      0x73f Third-Party/FreeRTOS/org/Source/list.o
 .debug_line    0x0000211a     0x13dd Third-Party/FreeRTOS/org/Source/tasks.o
 .debug_line    0x000034f7      0x875 Third-Party/FreeRTOS/org/Source/portable/GCC/ARM_CM4F/port.o
 .debug_line    0x00003d6c      0x825 Third-Party/FreeRTOS/org/Source/portable/MemMang/heap_4.o
 .debug_line    0x00004591      0x660 Third-Party/SEGGER/Config/SEGGER_SYSVIEW_Config_FreeRTOS.o
 .debug_line    0x00004bf1      0x7d1 Third-Party/SEGGER/OS/SEGGER_SYSVIEW_FreeRTOS.o
 .debug_line    0x000053c2      0x7de Third-Party/SEGGER/SEGGER/SEGGER_RTT.o
 .debug_line    0x00005ba0     0x16b1 Third-Party/SEGGER/SEGGER/SEGGER_SYSVIEW.o
 .debug_line    0x00007251      0xb0f src/main.o
 .debug_line    0x00007d60      0x64c src/system_stm32f4xx.o
 .debug_line    0x000083ac       0x7c startup/startup_stm32.o

.debug_str      0x00000000    0x646b4
 .debug_str     0x00000000    0x5331a StdPeriph_Driver/src/stm32f4xx_gpio.o
                              0x53519 (size before relaxing)
 .debug_str     0x0005331a      0xd01 StdPeriph_Driver/src/stm32f4xx_rcc.o
                              0x53f70 (size before relaxing)
 .debug_str     0x0005401b      0x53a StdPeriph_Driver/src/stm32f4xx_usart.o
                              0x5382c (size before relaxing)
 .debug_str     0x00054555     0x9b34 Third-Party/FreeRTOS/org/Source/list.o
                               0xd88d (size before relaxing)
 .debug_str     0x0005e089     0x2399 Third-Party/FreeRTOS/org/Source/tasks.o
                               0xfc68 (size before relaxing)
 .debug_str     0x00060422      0x7fb Third-Party/FreeRTOS/org/Source/portable/GCC/ARM_CM4F/port.o
                               0xb957 (size before relaxing)
 .debug_str     0x00060c1d      0x252 Third-Party/FreeRTOS/org/Source/portable/MemMang/heap_4.o
                               0xdfb0 (size before relaxing)
 .debug_str     0x00060e6f      0x174 Third-Party/SEGGER/Config/SEGGER_SYSVIEW_Config_FreeRTOS.o
                               0xa4aa (size before relaxing)
 .debug_str     0x00060fe3       0xfb Third-Party/SEGGER/OS/SEGGER_SYSVIEW_FreeRTOS.o
                               0xddb0 (size before relaxing)
 .debug_str     0x000610de      0xdca Third-Party/SEGGER/SEGGER/SEGGER_RTT.o
                               0x6ddd (size before relaxing)
 .debug_str     0x00061ea8     0x12fc Third-Party/SEGGER/SEGGER/SEGGER_SYSVIEW.o
                               0x8d83 (size before relaxing)
 .debug_str     0x000631a4     0x13cc src/main.o
                              0x5e80a (size before relaxing)
 .debug_str     0x00064570      0x11b src/system_stm32f4xx.o
                              0x5346c (size before relaxing)
 .debug_str     0x0006468b       0x29 startup/startup_stm32.o
                                 0x7c (size before relaxing)

.comment        0x00000000       0x7f
 .comment       0x00000000       0x7f StdPeriph_Driver/src/stm32f4xx_gpio.o
                                 0x80 (size before relaxing)
 .comment       0x0000007f       0x80 StdPeriph_Driver/src/stm32f4xx_rcc.o
 .comment       0x0000007f       0x80 StdPeriph_Driver/src/stm32f4xx_usart.o
 .comment       0x0000007f       0x80 Third-Party/FreeRTOS/org/Source/list.o
 .comment       0x0000007f       0x80 Third-Party/FreeRTOS/org/Source/tasks.o
 .comment       0x0000007f       0x80 Third-Party/FreeRTOS/org/Source/portable/GCC/ARM_CM4F/port.o
 .comment       0x0000007f       0x80 Third-Party/FreeRTOS/org/Source/portable/MemMang/heap_4.o
 .comment       0x0000007f       0x80 Third-Party/SEGGER/Config/SEGGER_SYSVIEW_Config_FreeRTOS.o
 .comment       0x0000007f       0x80 Third-Party/SEGGER/OS/SEGGER_SYSVIEW_FreeRTOS.o
 .comment       0x0000007f       0x80 Third-Party/SEGGER/SEGGER/SEGGER_RTT.o
 .comment       0x0000007f       0x80 Third-Party/SEGGER/SEGGER/SEGGER_SYSVIEW.o
 .comment       0x0000007f       0x80 src/main.o
 .comment       0x0000007f       0x80 src/system_stm32f4xx.o
