10:04:54 **** Incremental Build of configuration Debug for project STM32_FreeRTOS_Led_and_Button_IT ****
make -j4 all 
Building file: ../Third-Party/FreeRTOS/org/Source/portable/GCC/ARM_CM4F/port.c
Invoking: MCU GCC Compiler
C:\Users\silvestros\Documents\Corso_FreeRTOS\RTOS_workspace\STM32_FreeRTOS_Led_and_Button_IT\Debug
arm-none-eabi-gcc -mcpu=cortex-m4 -mthumb -mfloat-abi=hard -mfpu=fpv4-sp-d16 -DSTM32 -DSTM32F401xx -DUSE_STDPERIPH_DRIVER -DSTM32F4 -DSTM32F401RETx -DNUCLEO_F401RE -DDEBUG -I"C:/Users/silvestros/Documents/Corso_FreeRTOS/RTOS_workspace/STM32_FreeRTOS_Led_and_Button_IT/Third-Party/FreeRTOS/org/Source/portable/GCC/ARM_CM4F" -I"C:/Users/silvestros/Documents/Corso_FreeRTOS/RTOS_workspace/STM32_FreeRTOS_Led_and_Button_IT/Third-Party/SEGGER/Config" -I"C:/Users/silvestros/Documents/Corso_FreeRTOS/RTOS_workspace/STM32_FreeRTOS_Led_and_Button_IT/Third-Party/SEGGER/OS" -I"C:/Users/silvestros/Documents/Corso_FreeRTOS/RTOS_workspace/STM32_FreeRTOS_Led_and_Button_IT/Third-Party/SEGGER/SEGGER" -I"C:/Users/silvestros/Documents/Corso_FreeRTOS/RTOS_workspace/STM32_FreeRTOS_Led_and_Button_IT/CMSIS/core" -I"C:/Users/silvestros/Documents/Corso_FreeRTOS/RTOS_workspace/STM32_FreeRTOS_Led_and_Button_IT/Config" -I"C:/Users/silvestros/Documents/Corso_FreeRTOS/RTOS_workspace/STM32_FreeRTOS_Led_and_Button_IT/Third-Party/FreeRTOS/org/Source/include" -I"C:/Users/silvestros/Documents/Corso_FreeRTOS/RTOS_workspace/STM32_FreeRTOS_Led_and_Button_IT/CMSIS/device" -I"C:/Users/silvestros/Documents/Corso_FreeRTOS/RTOS_workspace/STM32_FreeRTOS_Led_and_Button_IT/inc" -I"C:/Users/silvestros/Documents/Corso_FreeRTOS/RTOS_workspace/STM32_FreeRTOS_Led_and_Button_IT/StdPeriph_Driver/inc" -O0 -g3 -Wall -fmessage-length=0 -ffunction-sections -c -MMD -MP -MF"Third-Party/FreeRTOS/org/Source/portable/GCC/ARM_CM4F/port.d" -MT"Third-Party/FreeRTOS/org/Source/portable/GCC/ARM_CM4F/port.o" -o "Third-Party/FreeRTOS/org/Source/portable/GCC/ARM_CM4F/port.o" "../Third-Party/FreeRTOS/org/Source/portable/GCC/ARM_CM4F/port.c"
Finished building: ../Third-Party/FreeRTOS/org/Source/portable/GCC/ARM_CM4F/port.c
 
Building target: STM32_FreeRTOS_Led_and_Button_IT.elf
Invoking: MCU GCC Linker
arm-none-eabi-gcc -mcpu=cortex-m4 -mthumb -mfloat-abi=hard -mfpu=fpv4-sp-d16 -T"C:/Users/silvestros/Documents/Corso_FreeRTOS/RTOS_workspace/STM32_FreeRTOS_Led_and_Button_IT/LinkerScript.ld" -Wl,-Map=output.map -Wl,--gc-sections -o "STM32_FreeRTOS_Led_and_Button_IT.elf" @"objects.list"   -lm
Finished building target: STM32_FreeRTOS_Led_and_Button_IT.elf
 
make --no-print-directory post-build
Generating binary and Printing size information:
arm-none-eabi-objcopy -O binary "STM32_FreeRTOS_Led_and_Button_IT.elf" "STM32_FreeRTOS_Led_and_Button_IT.bin"
arm-none-eabi-size "STM32_FreeRTOS_Led_and_Button_IT.elf"
   text	   data	    bss	    dec	    hex	filename
  15620	   1120	  96228	 112968	  1b948	STM32_FreeRTOS_Led_and_Button_IT.elf
 

10:05:03 Build Finished (took 9s.91ms)

