17:10:30 **** Incremental Build of configuration Debug for project STM32_FreeRTOS_Idle_Hook_Power_Saving ****
make -j4 all 
Building file: ../src/main.c
Invoking: MCU GCC Compiler
C:\Users\silvestros\Documents\Corso_FreeRTOS\RTOS_workspace\STM32_FreeRTOS_Idle_Hook_Power_Saving\Debug
arm-none-eabi-gcc -mcpu=cortex-m4 -mthumb -mfloat-abi=hard -mfpu=fpv4-sp-d16 -DSTM32 -DSTM32F401xx -DUSE_STDPERIPH_DRIVER -DSTM32F4 -DSTM32F401RETx -DNUCLEO_F401RE -DDEBUG -I"C:/Users/silvestros/Documents/Corso_FreeRTOS/RTOS_workspace/STM32_FreeRTOS_Idle_Hook_Power_Saving/Third-Party/FreeRTOS/org/Source/portable/GCC/ARM_CM4F" -I"C:/Users/silvestros/Documents/Corso_FreeRTOS/RTOS_workspace/STM32_FreeRTOS_Idle_Hook_Power_Saving/src" -I"C:/Users/silvestros/Documents/Corso_FreeRTOS/RTOS_workspace/STM32_FreeRTOS_Idle_Hook_Power_Saving/Third-Party/SEGGER/Config" -I"C:/Users/silvestros/Documents/Corso_FreeRTOS/RTOS_workspace/STM32_FreeRTOS_Idle_Hook_Power_Saving/Third-Party/SEGGER/OS" -I"C:/Users/silvestros/Documents/Corso_FreeRTOS/RTOS_workspace/STM32_FreeRTOS_Idle_Hook_Power_Saving/Third-Party/SEGGER/SEGGER" -I"C:/Users/silvestros/Documents/Corso_FreeRTOS/RTOS_workspace/STM32_FreeRTOS_Idle_Hook_Power_Saving/CMSIS/core" -I"C:/Users/silvestros/Documents/Corso_FreeRTOS/RTOS_workspace/STM32_FreeRTOS_Idle_Hook_Power_Saving/Config" -I"C:/Users/silvestros/Documents/Corso_FreeRTOS/RTOS_workspace/STM32_FreeRTOS_Idle_Hook_Power_Saving/Third-Party/FreeRTOS/org/Source/include" -I"C:/Users/silvestros/Documents/Corso_FreeRTOS/RTOS_workspace/STM32_FreeRTOS_Idle_Hook_Power_Saving/CMSIS/device" -I"C:/Users/silvestros/Documents/Corso_FreeRTOS/RTOS_workspace/STM32_FreeRTOS_Idle_Hook_Power_Saving/inc" -I"C:/Users/silvestros/Documents/Corso_FreeRTOS/RTOS_workspace/STM32_FreeRTOS_Idle_Hook_Power_Saving/StdPeriph_Driver/inc" -O0 -g3 -Wall -fmessage-length=0 -ffunction-sections -c -MMD -MP -MF"src/main.d" -MT"src/main.o" -o "src/main.o" "../src/main.c"
Finished building: ../src/main.c
 
Building target: STM32_FreeRTOS_Idle_Hook_Power_Saving.elf
Invoking: MCU GCC Linker
arm-none-eabi-gcc -mcpu=cortex-m4 -mthumb -mfloat-abi=hard -mfpu=fpv4-sp-d16 -T"C:/Users/silvestros/Documents/Corso_FreeRTOS/RTOS_workspace/STM32_FreeRTOS_Idle_Hook_Power_Saving/LinkerScript.ld" -Wl,-Map=output.map -Wl,--gc-sections -o "STM32_FreeRTOS_Idle_Hook_Power_Saving.elf" @"objects.list"   -lm
Finished building target: STM32_FreeRTOS_Idle_Hook_Power_Saving.elf
 
make --no-print-directory post-build
Generating binary and Printing size information:
arm-none-eabi-objcopy -O binary "STM32_FreeRTOS_Idle_Hook_Power_Saving.elf" "STM32_FreeRTOS_Idle_Hook_Power_Saving.bin"
arm-none-eabi-size "STM32_FreeRTOS_Idle_Hook_Power_Saving.elf"
   text	   data	    bss	    dec	    hex	filename
  36224	   2532	  88360	 127116	  1f08c	STM32_FreeRTOS_Idle_Hook_Power_Saving.elf
 

17:10:42 Build Finished (took 12s.341ms)

