11:16:16 **** Incremental Build of configuration Debug for project STM32_FreeRTOS_Led_and_Button ****
make -j4 all 
Building file: ../src/main.c
Building file: ../Third-Party/SEGGER/OS/SEGGER_SYSVIEW_FreeRTOS.c
Invoking: MCU GCC Compiler
Building file: ../Third-Party/SEGGER/Config/SEGGER_SYSVIEW_Config_FreeRTOS.c
Invoking: MCU GCC Compiler
C:\Users\silvestros\Documents\Corso_FreeRTOS\RTOS_workspace\STM32_FreeRTOS_Led_and_Button\Debug
arm-none-eabi-gcc -mcpu=cortex-m4 -mthumb -mfloat-abi=hard -mfpu=fpv4-sp-d16 -DSTM32 -DSTM32F401xx -DUSE_STDPERIPH_DRIVER -DSTM32F4 -DSTM32F401RETx -DNUCLEO_F401RE -DDEBUG -I"C:/Users/silvestros/Documents/Corso_FreeRTOS/RTOS_workspace/STM32_FreeRTOS_Led_and_Button/Third-Party/FreeRTOS/org/Source/portable/GCC/ARM_CM4F" -I"C:/Users/silvestros/Documents/Corso_FreeRTOS/RTOS_workspace/STM32_FreeRTOS_Led_and_Button/Third-Party/SEGGER/Config" -I"C:/Users/silvestros/Documents/Corso_FreeRTOS/RTOS_workspace/STM32_FreeRTOS_Led_and_Button/Third-Party/SEGGER/OS" -I"C:/Users/silvestros/Documents/Corso_FreeRTOS/RTOS_workspace/STM32_FreeRTOS_Led_and_Button/Third-Party/SEGGER/SEGGER" -I"C:/Users/silvestros/Documents/Corso_FreeRTOS/RTOS_workspace/STM32_FreeRTOS_Led_and_Button/CMSIS/core" -I"C:/Users/silvestros/Documents/Corso_FreeRTOS/RTOS_workspace/STM32_FreeRTOS_Led_and_Button/Config" -I"C:/Users/silvestros/Documents/Corso_FreeRTOS/RTOS_workspace/STM32_FreeRTOS_Led_and_Button/Third-Party/FreeRTOS/org/Source/include" -I"C:/Users/silvestros/Documents/Corso_FreeRTOS/RTOS_workspace/STM32_FreeRTOS_Led_and_Button/CMSIS/device" -I"C:/Users/silvestros/Documents/Corso_FreeRTOS/RTOS_workspace/STM32_FreeRTOS_Led_and_Button/inc" -I"C:/Users/silvestros/Documents/Corso_FreeRTOS/RTOS_workspace/STM32_FreeRTOS_Led_and_Button/StdPeriph_Driver/inc" -O0 -g3 -Wall -fmessage-length=0 -ffunction-sections -c -MMD -MP -MF"src/main.d" -MT"src/main.o" -o "src/main.o" "../src/main.c"
Invoking: MCU GCC Compiler
C:\Users\silvestros\Documents\Corso_FreeRTOS\RTOS_workspace\STM32_FreeRTOS_Led_and_Button\Debug
arm-none-eabi-gcc -mcpu=cortex-m4 -mthumb -mfloat-abi=hard -mfpu=fpv4-sp-d16 -DSTM32 -DSTM32F401xx -DUSE_STDPERIPH_DRIVER -DSTM32F4 -DSTM32F401RETx -DNUCLEO_F401RE -DDEBUG -I"C:/Users/silvestros/Documents/Corso_FreeRTOS/RTOS_workspace/STM32_FreeRTOS_Led_and_Button/Third-Party/FreeRTOS/org/Source/portable/GCC/ARM_CM4F" -I"C:/Users/silvestros/Documents/Corso_FreeRTOS/RTOS_workspace/STM32_FreeRTOS_Led_and_Button/Third-Party/SEGGER/Config" -I"C:/Users/silvestros/Documents/Corso_FreeRTOS/RTOS_workspace/STM32_FreeRTOS_Led_and_Button/Third-Party/SEGGER/OS" -I"C:/Users/silvestros/Documents/Corso_FreeRTOS/RTOS_workspace/STM32_FreeRTOS_Led_and_Button/Third-Party/SEGGER/SEGGER" -I"C:/Users/silvestros/Documents/Corso_FreeRTOS/RTOS_workspace/STM32_FreeRTOS_Led_and_Button/CMSIS/core" -I"C:/Users/silvestros/Documents/Corso_FreeRTOS/RTOS_workspace/STM32_FreeRTOS_Led_and_Button/Config" -I"C:/Users/silvestros/Documents/Corso_FreeRTOS/RTOS_workspace/STM32_FreeRTOS_Led_and_Button/Third-Party/FreeRTOS/org/Source/include" -I"C:/Users/silvestros/Documents/Corso_FreeRTOS/RTOS_workspace/STM32_FreeRTOS_Led_and_Button/CMSIS/device" -I"C:/Users/silvestros/Documents/Corso_FreeRTOS/RTOS_workspace/STM32_FreeRTOS_Led_and_Button/inc" -I"C:/Users/silvestros/Documents/Corso_FreeRTOS/RTOS_workspace/STM32_FreeRTOS_Led_and_Button/StdPeriph_Driver/inc" -O0 -g3 -Wall -fmessage-length=0 -ffunction-sections -c -MMD -MP -MF"Third-Party/SEGGER/OS/SEGGER_SYSVIEW_FreeRTOS.d" -MT"Third-Party/SEGGER/OS/SEGGER_SYSVIEW_FreeRTOS.o" -o "Third-Party/SEGGER/OS/SEGGER_SYSVIEW_FreeRTOS.o" "../Third-Party/SEGGER/OS/SEGGER_SYSVIEW_FreeRTOS.c"
C:\Users\silvestros\Documents\Corso_FreeRTOS\RTOS_workspace\STM32_FreeRTOS_Led_and_Button\Debug
arm-none-eabi-gcc -mcpu=cortex-m4 -mthumb -mfloat-abi=hard -mfpu=fpv4-sp-d16 -DSTM32 -DSTM32F401xx -DUSE_STDPERIPH_DRIVER -DSTM32F4 -DSTM32F401RETx -DNUCLEO_F401RE -DDEBUG -I"C:/Users/silvestros/Documents/Corso_FreeRTOS/RTOS_workspace/STM32_FreeRTOS_Led_and_Button/Third-Party/FreeRTOS/org/Source/portable/GCC/ARM_CM4F" -I"C:/Users/silvestros/Documents/Corso_FreeRTOS/RTOS_workspace/STM32_FreeRTOS_Led_and_Button/Third-Party/SEGGER/Config" -I"C:/Users/silvestros/Documents/Corso_FreeRTOS/RTOS_workspace/STM32_FreeRTOS_Led_and_Button/Third-Party/SEGGER/OS" -I"C:/Users/silvestros/Documents/Corso_FreeRTOS/RTOS_workspace/STM32_FreeRTOS_Led_and_Button/Third-Party/SEGGER/SEGGER" -I"C:/Users/silvestros/Documents/Corso_FreeRTOS/RTOS_workspace/STM32_FreeRTOS_Led_and_Button/CMSIS/core" -I"C:/Users/silvestros/Documents/Corso_FreeRTOS/RTOS_workspace/STM32_FreeRTOS_Led_and_Button/Config" -I"C:/Users/silvestros/Documents/Corso_FreeRTOS/RTOS_workspace/STM32_FreeRTOS_Led_and_Button/Third-Party/FreeRTOS/org/Source/include" -I"C:/Users/silvestros/Documents/Corso_FreeRTOS/RTOS_workspace/STM32_FreeRTOS_Led_and_Button/CMSIS/device" -I"C:/Users/silvestros/Documents/Corso_FreeRTOS/RTOS_workspace/STM32_FreeRTOS_Led_and_Button/inc" -I"C:/Users/silvestros/Documents/Corso_FreeRTOS/RTOS_workspace/STM32_FreeRTOS_Led_and_Button/StdPeriph_Driver/inc" -O0 -g3 -Wall -fmessage-length=0 -ffunction-sections -c -MMD -MP -MF"Third-Party/SEGGER/Config/SEGGER_SYSVIEW_Config_FreeRTOS.d" -MT"Third-Party/SEGGER/Config/SEGGER_SYSVIEW_Config_FreeRTOS.o" -o "Third-Party/SEGGER/Config/SEGGER_SYSVIEW_Config_FreeRTOS.o" "../Third-Party/SEGGER/Config/SEGGER_SYSVIEW_Config_FreeRTOS.c"
Building file: ../Third-Party/FreeRTOS/org/Source/portable/MemMang/heap_4.c
Invoking: MCU GCC Compiler
C:\Users\silvestros\Documents\Corso_FreeRTOS\RTOS_workspace\STM32_FreeRTOS_Led_and_Button\Debug
arm-none-eabi-gcc -mcpu=cortex-m4 -mthumb -mfloat-abi=hard -mfpu=fpv4-sp-d16 -DSTM32 -DSTM32F401xx -DUSE_STDPERIPH_DRIVER -DSTM32F4 -DSTM32F401RETx -DNUCLEO_F401RE -DDEBUG -I"C:/Users/silvestros/Documents/Corso_FreeRTOS/RTOS_workspace/STM32_FreeRTOS_Led_and_Button/Third-Party/FreeRTOS/org/Source/portable/GCC/ARM_CM4F" -I"C:/Users/silvestros/Documents/Corso_FreeRTOS/RTOS_workspace/STM32_FreeRTOS_Led_and_Button/Third-Party/SEGGER/Config" -I"C:/Users/silvestros/Documents/Corso_FreeRTOS/RTOS_workspace/STM32_FreeRTOS_Led_and_Button/Third-Party/SEGGER/OS" -I"C:/Users/silvestros/Documents/Corso_FreeRTOS/RTOS_workspace/STM32_FreeRTOS_Led_and_Button/Third-Party/SEGGER/SEGGER" -I"C:/Users/silvestros/Documents/Corso_FreeRTOS/RTOS_workspace/STM32_FreeRTOS_Led_and_Button/CMSIS/core" -I"C:/Users/silvestros/Documents/Corso_FreeRTOS/RTOS_workspace/STM32_FreeRTOS_Led_and_Button/Config" -I"C:/Users/silvestros/Documents/Corso_FreeRTOS/RTOS_workspace/STM32_FreeRTOS_Led_and_Button/Third-Party/FreeRTOS/org/Source/include" -I"C:/Users/silvestros/Documents/Corso_FreeRTOS/RTOS_workspace/STM32_FreeRTOS_Led_and_Button/CMSIS/device" -I"C:/Users/silvestros/Documents/Corso_FreeRTOS/RTOS_workspace/STM32_FreeRTOS_Led_and_Button/inc" -I"C:/Users/silvestros/Documents/Corso_FreeRTOS/RTOS_workspace/STM32_FreeRTOS_Led_and_Button/StdPeriph_Driver/inc" -O0 -g3 -Wall -fmessage-length=0 -ffunction-sections -c -MMD -MP -MF"Third-Party/FreeRTOS/org/Source/portable/MemMang/heap_4.d" -MT"Third-Party/FreeRTOS/org/Source/portable/MemMang/heap_4.o" -o "Third-Party/FreeRTOS/org/Source/portable/MemMang/heap_4.o" "../Third-Party/FreeRTOS/org/Source/portable/MemMang/heap_4.c"
Finished building: ../src/main.c
 
Finished building: ../Third-Party/SEGGER/Config/SEGGER_SYSVIEW_Config_FreeRTOS.c
Finished building: ../Third-Party/SEGGER/OS/SEGGER_SYSVIEW_FreeRTOS.c
Building file: ../Third-Party/FreeRTOS/org/Source/portable/GCC/ARM_CM4F/port.c
 
 
Invoking: MCU GCC Compiler
Building file: ../Third-Party/FreeRTOS/org/Source/croutine.c
C:\Users\silvestros\Documents\Corso_FreeRTOS\RTOS_workspace\STM32_FreeRTOS_Led_and_Button\Debug
Building file: ../Third-Party/FreeRTOS/org/Source/event_groups.c
arm-none-eabi-gcc -mcpu=cortex-m4 -mthumb -mfloat-abi=hard -mfpu=fpv4-sp-d16 -DSTM32 -DSTM32F401xx -DUSE_STDPERIPH_DRIVER -DSTM32F4 -DSTM32F401RETx -DNUCLEO_F401RE -DDEBUG -I"C:/Users/silvestros/Documents/Corso_FreeRTOS/RTOS_workspace/STM32_FreeRTOS_Led_and_Button/Third-Party/FreeRTOS/org/Source/portable/GCC/ARM_CM4F" -I"C:/Users/silvestros/Documents/Corso_FreeRTOS/RTOS_workspace/STM32_FreeRTOS_Led_and_Button/Third-Party/SEGGER/Config" -I"C:/Users/silvestros/Documents/Corso_FreeRTOS/RTOS_workspace/STM32_FreeRTOS_Led_and_Button/Third-Party/SEGGER/OS" -I"C:/Users/silvestros/Documents/Corso_FreeRTOS/RTOS_workspace/STM32_FreeRTOS_Led_and_Button/Third-Party/SEGGER/SEGGER" -I"C:/Users/silvestros/Documents/Corso_FreeRTOS/RTOS_workspace/STM32_FreeRTOS_Led_and_Button/CMSIS/core" -I"C:/Users/silvestros/Documents/Corso_FreeRTOS/RTOS_workspace/STM32_FreeRTOS_Led_and_Button/Config" -I"C:/Users/silvestros/Documents/Corso_FreeRTOS/RTOS_workspace/STM32_FreeRTOS_Led_and_Button/Third-Party/FreeRTOS/org/Source/include" -I"C:/Users/silvestros/Documents/Corso_FreeRTOS/RTOS_workspace/STM32_FreeRTOS_Led_and_Button/CMSIS/device" -I"C:/Users/silvestros/Documents/Corso_FreeRTOS/RTOS_workspace/STM32_FreeRTOS_Led_and_Button/inc" -I"C:/Users/silvestros/Documents/Corso_FreeRTOS/RTOS_workspace/STM32_FreeRTOS_Led_and_Button/StdPeriph_Driver/inc" -O0 -g3 -Wall -fmessage-length=0 -ffunction-sections -c -MMD -MP -MF"Third-Party/FreeRTOS/org/Source/portable/GCC/ARM_CM4F/port.d" -MT"Third-Party/FreeRTOS/org/Source/portable/GCC/ARM_CM4F/port.o" -o "Third-Party/FreeRTOS/org/Source/portable/GCC/ARM_CM4F/port.o" "../Third-Party/FreeRTOS/org/Source/portable/GCC/ARM_CM4F/port.c"
Invoking: MCU GCC Compiler
Invoking: MCU GCC Compiler
C:\Users\silvestros\Documents\Corso_FreeRTOS\RTOS_workspace\STM32_FreeRTOS_Led_and_Button\Debug
arm-none-eabi-gcc -mcpu=cortex-m4 -mthumb -mfloat-abi=hard -mfpu=fpv4-sp-d16 -DSTM32 -DSTM32F401xx -DUSE_STDPERIPH_DRIVER -DSTM32F4 -DSTM32F401RETx -DNUCLEO_F401RE -DDEBUG -I"C:/Users/silvestros/Documents/Corso_FreeRTOS/RTOS_workspace/STM32_FreeRTOS_Led_and_Button/Third-Party/FreeRTOS/org/Source/portable/GCC/ARM_CM4F" -I"C:/Users/silvestros/Documents/Corso_FreeRTOS/RTOS_workspace/STM32_FreeRTOS_Led_and_Button/Third-Party/SEGGER/Config" -I"C:/Users/silvestros/Documents/Corso_FreeRTOS/RTOS_workspace/STM32_FreeRTOS_Led_and_Button/Third-Party/SEGGER/OS" -I"C:/Users/silvestros/Documents/Corso_FreeRTOS/RTOS_workspace/STM32_FreeRTOS_Led_and_Button/Third-Party/SEGGER/SEGGER" -I"C:/Users/silvestros/Documents/Corso_FreeRTOS/RTOS_workspace/STM32_FreeRTOS_Led_and_Button/CMSIS/core" -I"C:/Users/silvestros/Documents/Corso_FreeRTOS/RTOS_workspace/STM32_FreeRTOS_Led_and_Button/Config" -I"C:/Users/silvestros/Documents/Corso_FreeRTOS/RTOS_workspace/STM32_FreeRTOS_Led_and_Button/Third-Party/FreeRTOS/org/Source/include" -I"C:/Users/silvestros/Documents/Corso_FreeRTOS/RTOS_workspace/STM32_FreeRTOS_Led_and_Button/CMSIS/device" -I"C:/Users/silvestros/Documents/Corso_FreeRTOS/RTOS_workspace/STM32_FreeRTOS_Led_and_Button/inc" -I"C:/Users/silvestros/Documents/Corso_FreeRTOS/RTOS_workspace/STM32_FreeRTOS_Led_and_Button/StdPeriph_Driver/inc" -O0 -g3 -Wall -fmessage-length=0 -ffunction-sections -c -MMD -MP -MF"Third-Party/FreeRTOS/org/Source/croutine.d" -MT"Third-Party/FreeRTOS/org/Source/croutine.o" -o "Third-Party/FreeRTOS/org/Source/croutine.o" "../Third-Party/FreeRTOS/org/Source/croutine.c"
C:\Users\silvestros\Documents\Corso_FreeRTOS\RTOS_workspace\STM32_FreeRTOS_Led_and_Button\Debug
arm-none-eabi-gcc -mcpu=cortex-m4 -mthumb -mfloat-abi=hard -mfpu=fpv4-sp-d16 -DSTM32 -DSTM32F401xx -DUSE_STDPERIPH_DRIVER -DSTM32F4 -DSTM32F401RETx -DNUCLEO_F401RE -DDEBUG -I"C:/Users/silvestros/Documents/Corso_FreeRTOS/RTOS_workspace/STM32_FreeRTOS_Led_and_Button/Third-Party/FreeRTOS/org/Source/portable/GCC/ARM_CM4F" -I"C:/Users/silvestros/Documents/Corso_FreeRTOS/RTOS_workspace/STM32_FreeRTOS_Led_and_Button/Third-Party/SEGGER/Config" -I"C:/Users/silvestros/Documents/Corso_FreeRTOS/RTOS_workspace/STM32_FreeRTOS_Led_and_Button/Third-Party/SEGGER/OS" -I"C:/Users/silvestros/Documents/Corso_FreeRTOS/RTOS_workspace/STM32_FreeRTOS_Led_and_Button/Third-Party/SEGGER/SEGGER" -I"C:/Users/silvestros/Documents/Corso_FreeRTOS/RTOS_workspace/STM32_FreeRTOS_Led_and_Button/CMSIS/core" -I"C:/Users/silvestros/Documents/Corso_FreeRTOS/RTOS_workspace/STM32_FreeRTOS_Led_and_Button/Config" -I"C:/Users/silvestros/Documents/Corso_FreeRTOS/RTOS_workspace/STM32_FreeRTOS_Led_and_Button/Third-Party/FreeRTOS/org/Source/include" -I"C:/Users/silvestros/Documents/Corso_FreeRTOS/RTOS_workspace/STM32_FreeRTOS_Led_and_Button/CMSIS/device" -I"C:/Users/silvestros/Documents/Corso_FreeRTOS/RTOS_workspace/STM32_FreeRTOS_Led_and_Button/inc" -I"C:/Users/silvestros/Documents/Corso_FreeRTOS/RTOS_workspace/STM32_FreeRTOS_Led_and_Button/StdPeriph_Driver/inc" -O0 -g3 -Wall -fmessage-length=0 -ffunction-sections -c -MMD -MP -MF"Third-Party/FreeRTOS/org/Source/event_groups.d" -MT"Third-Party/FreeRTOS/org/Source/event_groups.o" -o "Third-Party/FreeRTOS/org/Source/event_groups.o" "../Third-Party/FreeRTOS/org/Source/event_groups.c"
Finished building: ../Third-Party/FreeRTOS/org/Source/portable/MemMang/heap_4.c
 
Building file: ../Third-Party/FreeRTOS/org/Source/list.c
Invoking: MCU GCC Compiler
C:\Users\silvestros\Documents\Corso_FreeRTOS\RTOS_workspace\STM32_FreeRTOS_Led_and_Button\Debug
arm-none-eabi-gcc -mcpu=cortex-m4 -mthumb -mfloat-abi=hard -mfpu=fpv4-sp-d16 -DSTM32 -DSTM32F401xx -DUSE_STDPERIPH_DRIVER -DSTM32F4 -DSTM32F401RETx -DNUCLEO_F401RE -DDEBUG -I"C:/Users/silvestros/Documents/Corso_FreeRTOS/RTOS_workspace/STM32_FreeRTOS_Led_and_Button/Third-Party/FreeRTOS/org/Source/portable/GCC/ARM_CM4F" -I"C:/Users/silvestros/Documents/Corso_FreeRTOS/RTOS_workspace/STM32_FreeRTOS_Led_and_Button/Third-Party/SEGGER/Config" -I"C:/Users/silvestros/Documents/Corso_FreeRTOS/RTOS_workspace/STM32_FreeRTOS_Led_and_Button/Third-Party/SEGGER/OS" -I"C:/Users/silvestros/Documents/Corso_FreeRTOS/RTOS_workspace/STM32_FreeRTOS_Led_and_Button/Third-Party/SEGGER/SEGGER" -I"C:/Users/silvestros/Documents/Corso_FreeRTOS/RTOS_workspace/STM32_FreeRTOS_Led_and_Button/CMSIS/core" -I"C:/Users/silvestros/Documents/Corso_FreeRTOS/RTOS_workspace/STM32_FreeRTOS_Led_and_Button/Config" -I"C:/Users/silvestros/Documents/Corso_FreeRTOS/RTOS_workspace/STM32_FreeRTOS_Led_and_Button/Third-Party/FreeRTOS/org/Source/include" -I"C:/Users/silvestros/Documents/Corso_FreeRTOS/RTOS_workspace/STM32_FreeRTOS_Led_and_Button/CMSIS/device" -I"C:/Users/silvestros/Documents/Corso_FreeRTOS/RTOS_workspace/STM32_FreeRTOS_Led_and_Button/inc" -I"C:/Users/silvestros/Documents/Corso_FreeRTOS/RTOS_workspace/STM32_FreeRTOS_Led_and_Button/StdPeriph_Driver/inc" -O0 -g3 -Wall -fmessage-length=0 -ffunction-sections -c -MMD -MP -MF"Third-Party/FreeRTOS/org/Source/list.d" -MT"Third-Party/FreeRTOS/org/Source/list.o" -o "Third-Party/FreeRTOS/org/Source/list.o" "../Third-Party/FreeRTOS/org/Source/list.c"
Finished building: ../Third-Party/FreeRTOS/org/Source/portable/GCC/ARM_CM4F/port.c
 
Building file: ../Third-Party/FreeRTOS/org/Source/queue.c
Invoking: MCU GCC Compiler
C:\Users\silvestros\Documents\Corso_FreeRTOS\RTOS_workspace\STM32_FreeRTOS_Led_and_Button\Debug
arm-none-eabi-gcc -mcpu=cortex-m4 -mthumb -mfloat-abi=hard -mfpu=fpv4-sp-d16 -DSTM32 -DSTM32F401xx -DUSE_STDPERIPH_DRIVER -DSTM32F4 -DSTM32F401RETx -DNUCLEO_F401RE -DDEBUG -I"C:/Users/silvestros/Documents/Corso_FreeRTOS/RTOS_workspace/STM32_FreeRTOS_Led_and_Button/Third-Party/FreeRTOS/org/Source/portable/GCC/ARM_CM4F" -I"C:/Users/silvestros/Documents/Corso_FreeRTOS/RTOS_workspace/STM32_FreeRTOS_Led_and_Button/Third-Party/SEGGER/Config" -I"C:/Users/silvestros/Documents/Corso_FreeRTOS/RTOS_workspace/STM32_FreeRTOS_Led_and_Button/Third-Party/SEGGER/OS" -I"C:/Users/silvestros/Documents/Corso_FreeRTOS/RTOS_workspace/STM32_FreeRTOS_Led_and_Button/Third-Party/SEGGER/SEGGER" -I"C:/Users/silvestros/Documents/Corso_FreeRTOS/RTOS_workspace/STM32_FreeRTOS_Led_and_Button/CMSIS/core" -I"C:/Users/silvestros/Documents/Corso_FreeRTOS/RTOS_workspace/STM32_FreeRTOS_Led_and_Button/Config" -I"C:/Users/silvestros/Documents/Corso_FreeRTOS/RTOS_workspace/STM32_FreeRTOS_Led_and_Button/Third-Party/FreeRTOS/org/Source/include" -I"C:/Users/silvestros/Documents/Corso_FreeRTOS/RTOS_workspace/STM32_FreeRTOS_Led_and_Button/CMSIS/device" -I"C:/Users/silvestros/Documents/Corso_FreeRTOS/RTOS_workspace/STM32_FreeRTOS_Led_and_Button/inc" -I"C:/Users/silvestros/Documents/Corso_FreeRTOS/RTOS_workspace/STM32_FreeRTOS_Led_and_Button/StdPeriph_Driver/inc" -O0 -g3 -Wall -fmessage-length=0 -ffunction-sections -c -MMD -MP -MF"Third-Party/FreeRTOS/org/Source/queue.d" -MT"Third-Party/FreeRTOS/org/Source/queue.o" -o "Third-Party/FreeRTOS/org/Source/queue.o" "../Third-Party/FreeRTOS/org/Source/queue.c"
Finished building: ../Third-Party/FreeRTOS/org/Source/croutine.c
 
Finished building: ../Third-Party/FreeRTOS/org/Source/event_groups.c
Building file: ../Third-Party/FreeRTOS/org/Source/stream_buffer.c
 
Invoking: MCU GCC Compiler
Building file: ../Third-Party/FreeRTOS/org/Source/tasks.c
C:\Users\silvestros\Documents\Corso_FreeRTOS\RTOS_workspace\STM32_FreeRTOS_Led_and_Button\Debug
arm-none-eabi-gcc -mcpu=cortex-m4 -mthumb -mfloat-abi=hard -mfpu=fpv4-sp-d16 -DSTM32 -DSTM32F401xx -DUSE_STDPERIPH_DRIVER -DSTM32F4 -DSTM32F401RETx -DNUCLEO_F401RE -DDEBUG -I"C:/Users/silvestros/Documents/Corso_FreeRTOS/RTOS_workspace/STM32_FreeRTOS_Led_and_Button/Third-Party/FreeRTOS/org/Source/portable/GCC/ARM_CM4F" -I"C:/Users/silvestros/Documents/Corso_FreeRTOS/RTOS_workspace/STM32_FreeRTOS_Led_and_Button/Third-Party/SEGGER/Config" -I"C:/Users/silvestros/Documents/Corso_FreeRTOS/RTOS_workspace/STM32_FreeRTOS_Led_and_Button/Third-Party/SEGGER/OS" -I"C:/Users/silvestros/Documents/Corso_FreeRTOS/RTOS_workspace/STM32_FreeRTOS_Led_and_Button/Third-Party/SEGGER/SEGGER" -I"C:/Users/silvestros/Documents/Corso_FreeRTOS/RTOS_workspace/STM32_FreeRTOS_Led_and_Button/CMSIS/core" -I"C:/Users/silvestros/Documents/Corso_FreeRTOS/RTOS_workspace/STM32_FreeRTOS_Led_and_Button/Config" -I"C:/Users/silvestros/Documents/Corso_FreeRTOS/RTOS_workspace/STM32_FreeRTOS_Led_and_Button/Third-Party/FreeRTOS/org/Source/include" -I"C:/Users/silvestros/Documents/Corso_FreeRTOS/RTOS_workspace/STM32_FreeRTOS_Led_and_Button/CMSIS/device" -I"C:/Users/silvestros/Documents/Corso_FreeRTOS/RTOS_workspace/STM32_FreeRTOS_Led_and_Button/inc" -I"C:/Users/silvestros/Documents/Corso_FreeRTOS/RTOS_workspace/STM32_FreeRTOS_Led_and_Button/StdPeriph_Driver/inc" -O0 -g3 -Wall -fmessage-length=0 -ffunction-sections -c -MMD -MP -MF"Third-Party/FreeRTOS/org/Source/stream_buffer.d" -MT"Third-Party/FreeRTOS/org/Source/stream_buffer.o" -o "Third-Party/FreeRTOS/org/Source/stream_buffer.o" "../Third-Party/FreeRTOS/org/Source/stream_buffer.c"
Invoking: MCU GCC Compiler
C:\Users\silvestros\Documents\Corso_FreeRTOS\RTOS_workspace\STM32_FreeRTOS_Led_and_Button\Debug
arm-none-eabi-gcc -mcpu=cortex-m4 -mthumb -mfloat-abi=hard -mfpu=fpv4-sp-d16 -DSTM32 -DSTM32F401xx -DUSE_STDPERIPH_DRIVER -DSTM32F4 -DSTM32F401RETx -DNUCLEO_F401RE -DDEBUG -I"C:/Users/silvestros/Documents/Corso_FreeRTOS/RTOS_workspace/STM32_FreeRTOS_Led_and_Button/Third-Party/FreeRTOS/org/Source/portable/GCC/ARM_CM4F" -I"C:/Users/silvestros/Documents/Corso_FreeRTOS/RTOS_workspace/STM32_FreeRTOS_Led_and_Button/Third-Party/SEGGER/Config" -I"C:/Users/silvestros/Documents/Corso_FreeRTOS/RTOS_workspace/STM32_FreeRTOS_Led_and_Button/Third-Party/SEGGER/OS" -I"C:/Users/silvestros/Documents/Corso_FreeRTOS/RTOS_workspace/STM32_FreeRTOS_Led_and_Button/Third-Party/SEGGER/SEGGER" -I"C:/Users/silvestros/Documents/Corso_FreeRTOS/RTOS_workspace/STM32_FreeRTOS_Led_and_Button/CMSIS/core" -I"C:/Users/silvestros/Documents/Corso_FreeRTOS/RTOS_workspace/STM32_FreeRTOS_Led_and_Button/Config" -I"C:/Users/silvestros/Documents/Corso_FreeRTOS/RTOS_workspace/STM32_FreeRTOS_Led_and_Button/Third-Party/FreeRTOS/org/Source/include" -I"C:/Users/silvestros/Documents/Corso_FreeRTOS/RTOS_workspace/STM32_FreeRTOS_Led_and_Button/CMSIS/device" -I"C:/Users/silvestros/Documents/Corso_FreeRTOS/RTOS_workspace/STM32_FreeRTOS_Led_and_Button/inc" -I"C:/Users/silvestros/Documents/Corso_FreeRTOS/RTOS_workspace/STM32_FreeRTOS_Led_and_Button/StdPeriph_Driver/inc" -O0 -g3 -Wall -fmessage-length=0 -ffunction-sections -c -MMD -MP -MF"Third-Party/FreeRTOS/org/Source/tasks.d" -MT"Third-Party/FreeRTOS/org/Source/tasks.o" -o "Third-Party/FreeRTOS/org/Source/tasks.o" "../Third-Party/FreeRTOS/org/Source/tasks.c"
Finished building: ../Third-Party/FreeRTOS/org/Source/list.c
 
Building file: ../Third-Party/FreeRTOS/org/Source/timers.c
Invoking: MCU GCC Compiler
C:\Users\silvestros\Documents\Corso_FreeRTOS\RTOS_workspace\STM32_FreeRTOS_Led_and_Button\Debug
arm-none-eabi-gcc -mcpu=cortex-m4 -mthumb -mfloat-abi=hard -mfpu=fpv4-sp-d16 -DSTM32 -DSTM32F401xx -DUSE_STDPERIPH_DRIVER -DSTM32F4 -DSTM32F401RETx -DNUCLEO_F401RE -DDEBUG -I"C:/Users/silvestros/Documents/Corso_FreeRTOS/RTOS_workspace/STM32_FreeRTOS_Led_and_Button/Third-Party/FreeRTOS/org/Source/portable/GCC/ARM_CM4F" -I"C:/Users/silvestros/Documents/Corso_FreeRTOS/RTOS_workspace/STM32_FreeRTOS_Led_and_Button/Third-Party/SEGGER/Config" -I"C:/Users/silvestros/Documents/Corso_FreeRTOS/RTOS_workspace/STM32_FreeRTOS_Led_and_Button/Third-Party/SEGGER/OS" -I"C:/Users/silvestros/Documents/Corso_FreeRTOS/RTOS_workspace/STM32_FreeRTOS_Led_and_Button/Third-Party/SEGGER/SEGGER" -I"C:/Users/silvestros/Documents/Corso_FreeRTOS/RTOS_workspace/STM32_FreeRTOS_Led_and_Button/CMSIS/core" -I"C:/Users/silvestros/Documents/Corso_FreeRTOS/RTOS_workspace/STM32_FreeRTOS_Led_and_Button/Config" -I"C:/Users/silvestros/Documents/Corso_FreeRTOS/RTOS_workspace/STM32_FreeRTOS_Led_and_Button/Third-Party/FreeRTOS/org/Source/include" -I"C:/Users/silvestros/Documents/Corso_FreeRTOS/RTOS_workspace/STM32_FreeRTOS_Led_and_Button/CMSIS/device" -I"C:/Users/silvestros/Documents/Corso_FreeRTOS/RTOS_workspace/STM32_FreeRTOS_Led_and_Button/inc" -I"C:/Users/silvestros/Documents/Corso_FreeRTOS/RTOS_workspace/STM32_FreeRTOS_Led_and_Button/StdPeriph_Driver/inc" -O0 -g3 -Wall -fmessage-length=0 -ffunction-sections -c -MMD -MP -MF"Third-Party/FreeRTOS/org/Source/timers.d" -MT"Third-Party/FreeRTOS/org/Source/timers.o" -o "Third-Party/FreeRTOS/org/Source/timers.o" "../Third-Party/FreeRTOS/org/Source/timers.c"
Finished building: ../Third-Party/FreeRTOS/org/Source/queue.c
 
Finished building: ../Third-Party/FreeRTOS/org/Source/stream_buffer.c
 
Finished building: ../Third-Party/FreeRTOS/org/Source/tasks.c
 
Finished building: ../Third-Party/FreeRTOS/org/Source/timers.c
 
Building target: STM32_FreeRTOS_Led_and_Button.elf
Invoking: MCU GCC Linker
arm-none-eabi-gcc -mcpu=cortex-m4 -mthumb -mfloat-abi=hard -mfpu=fpv4-sp-d16 -T"C:/Users/silvestros/Documents/Corso_FreeRTOS/RTOS_workspace/STM32_FreeRTOS_Led_and_Button/LinkerScript.ld" -Wl,-Map=output.map -Wl,--gc-sections -o "STM32_FreeRTOS_Led_and_Button.elf" @"objects.list"   -lm
Finished building target: STM32_FreeRTOS_Led_and_Button.elf
 
make --no-print-directory post-build
Generating binary and Printing size information:
arm-none-eabi-objcopy -O binary "STM32_FreeRTOS_Led_and_Button.elf" "STM32_FreeRTOS_Led_and_Button.bin"
arm-none-eabi-size "STM32_FreeRTOS_Led_and_Button.elf"
   text	   data	    bss	    dec	    hex	filename
  15024	   1120	  88036	 104180	  196f4	STM32_FreeRTOS_Led_and_Button.elf
 

11:16:46 Build Finished (took 29s.975ms)

